---
source: src/tests/store_parsing.rs
expression: acquire_errors
---

  × Failed to parse toml file
  ╰─▶ unknown field `unknown-field`, expected one of `who`, `criteria`,
      `version`, `delta`, `violation`, `notes`, `aggregated-from` for key
      `audits.zzz` at line 4 column 1
   ╭─[audits.toml:2:1]
 2 │ # cargo-vet audits file
 3 │ 
   · ▲
   · ╰── here
 4 │ [[audits.zzz]]
   ╰────

