---
source: src/tests/import.rs
expression: "crate::serialization::to_formatted_toml(&result.audit_file,\nNone).unwrap().to_string()"
---
[criteria.example]
description = "Example criteria description"

[criteria.example2]
description = "example2"

[criteria.example3]
description = "example2"
implies = "safe-to-deploy"

[[wildcard-audits.crate-a]]
criteria = "safe-to-deploy"
user-id = 1
start = "2022-12-25"
end = "2023-12-25"
notes = "should parse correctly"

[[wildcard-audits.crate-c]]
criteria = "example2"
user-id = 1
start = "2022-12-25"
end = "2023-12-25"
notes = "will not be removed"

[[wildcard-audits.crate-c]]
criteria = ["example2", "example3"]
user-id = 1
start = "2022-12-25"
end = "2023-12-25"
notes = "will not be removed"

[[audits.crate-a]]
criteria = "safe-to-deploy"
version = "10.0.0"
notes = "should parse correctly"

[[audits.crate-c]]
criteria = "example2"
version = "10.0.0"
notes = "will not be removed"

[[audits.crate-c]]
criteria = ["example2", "example3"]
version = "10.0.0"
notes = "will not be removed"

[[audits.crate-c]]
criteria = "example2"
delta = "1.0.0 -> 10.0.0"
notes = "will not be removed"

[[audits.crate-c]]
criteria = "safe-to-deploy"
violation = "=5.0.0"
notes = "will not be removed"
