---
source: src/tests/store_parsing.rs
expression: acquire_errors
---

  × Your cargo-vet store (supply-chain) has consistency errors

Error: 
  × 'bad' is not a valid criteria name
   ╭─[audits.toml:3:1]
 3 │ version = "1.0.0"
 4 │ criteria = "bad"
   ·            ─────
   ╰────
  help: the possible criteria are ["safe-to-run", "safe-to-deploy"]

