---
source: src/tests/vet.rs
expression: json
---
{
  "conclusion": "fail (vetting)",
  "failures": [
    {
      "missing_criteria": [
        "reviewed"
      ],
      "name": "third-party1",
      "version": "10.0.0"
    }
  ],
  "suggest": {
    "suggest_by_criteria": {
      "reviewed": [
        {
          "name": "third-party1",
          "notable_parents": "first-party",
          "suggested_criteria": [
            "reviewed"
          ],
          "suggested_diff": {
            "diffstat": {
              "count": 9,
              "raw": "-9"
            },
            "from": "5.0.0",
            "to": "4.0.0"
          }
        }
      ]
    },
    "suggestions": [
      {
        "name": "third-party1",
        "notable_parents": "first-party",
        "suggested_criteria": [
          "reviewed"
        ],
        "suggested_diff": {
          "diffstat": {
            "count": 9,
            "raw": "-9"
          },
          "from": "5.0.0",
          "to": "4.0.0"
        }
      }
    ],
    "total_lines": 9
  }
}
