---
source: tests/test-cli.rs
expression: format_outputs(&output)
---
stdout:
{
  "conclusion": "fail (vetting)",
  "failures": [
    {
      "name": "hermit-abi",
      "version": "0.1.19",
      "missing_criteria": [
        "safe-to-run"
      ]
    },
    {
      "name": "indexmap",
      "version": "1.8.1",
      "missing_criteria": [
        "safe-to-deploy"
      ]
    },
    {
      "name": "libc",
      "version": "0.2.123",
      "missing_criteria": [
        "safe-to-run"
      ]
    },
    {
      "name": "os_str_bytes",
      "version": "6.0.0",
      "missing_criteria": [
        "safe-to-deploy"
      ]
    },
    {
      "name": "proc-macro2",
      "version": "1.0.37@git:4445659b0f753a928059244c875a58bb12f791e9",
      "missing_criteria": [
        "safe-to-deploy"
      ]
    },
    {
      "name": "reqwest",
      "version": "0.11.10",
      "missing_criteria": [
        "safe-to-deploy"
      ]
    },
    {
      "name": "serde_json",
      "version": "1.0.79",
      "missing_criteria": [
        "safe-to-deploy"
      ]
    },
    {
      "name": "termcolor",
      "version": "1.1.3",
      "missing_criteria": [
        "safe-to-deploy"
      ]
    },
    {
      "name": "textwrap",
      "version": "0.15.0",
      "missing_criteria": [
        "safe-to-deploy"
      ]
    },
    {
      "name": "tokio",
      "version": "1.17.0",
      "missing_criteria": [
        "safe-to-deploy"
      ]
    },
    {
      "name": "winapi",
      "version": "0.3.9",
      "missing_criteria": [
        "safe-to-run"
      ]
    }
  ],
  "suggest": {
    "suggestions": [
      {
        "name": "hermit-abi",
        "notable_parents": "atty",
        "suggested_criteria": [
          "safe-to-run"
        ],
        "suggested_diff": {
          "from": null,
          "to": "0.1.19",
          "diffstat": {
            "insertions": 932,
            "deletions": 0,
            "files_changed": 9
          }
        }
      },
      {
        "name": "termcolor",
        "notable_parents": "clap",
        "suggested_criteria": [
          "safe-to-deploy"
        ],
        "suggested_diff": {
          "from": null,
          "to": "1.1.3",
          "diffstat": {
            "insertions": 2578,
            "deletions": 0,
            "files_changed": 10
          }
        }
      },
      {
        "name": "os_str_bytes",
        "notable_parents": "clap",
        "suggested_criteria": [
          "safe-to-deploy"
        ],
        "suggested_diff": {
          "from": null,
          "to": "6.0.0",
          "diffstat": {
            "insertions": 2911,
            "deletions": 0,
            "files_changed": 21
          }
        }
      },
      {
        "name": "textwrap",
        "notable_parents": "clap",
        "suggested_criteria": [
          "safe-to-deploy"
        ],
        "suggested_diff": {
          "from": null,
          "to": "0.15.0",
          "diffstat": {
            "insertions": 5196,
            "deletions": 0,
            "files_changed": 15
          }
        }
      },
      {
        "name": "proc-macro2",
        "notable_parents": "test-project",
        "suggested_criteria": [
          "safe-to-deploy"
        ],
        "suggested_diff": {
          "from": null,
          "to": "1.0.37@git:4445659b0f753a928059244c875a58bb12f791e9",
          "diffstat": {
            "insertions": 5691,
            "deletions": 0,
            "files_changed": 19
          }
        }
      },
      {
        "name": "indexmap",
        "notable_parents": "h2, clap",
        "suggested_criteria": [
          "safe-to-deploy"
        ],
        "suggested_diff": {
          "from": null,
          "to": "1.8.1",
          "diffstat": {
            "insertions": 9445,
            "deletions": 0,
            "files_changed": 31
          }
        }
      },
      {
        "name": "reqwest",
        "notable_parents": "test-project",
        "suggested_criteria": [
          "safe-to-deploy"
        ],
        "suggested_diff": {
          "from": null,
          "to": "0.11.10",
          "diffstat": {
            "insertions": 19797,
            "deletions": 0,
            "files_changed": 60
          }
        }
      },
      {
        "name": "serde_json",
        "notable_parents": "reqwest, test-project",
        "suggested_criteria": [
          "safe-to-deploy"
        ],
        "suggested_diff": {
          "from": null,
          "to": "1.0.79",
          "diffstat": {
            "insertions": 22848,
            "deletions": 0,
            "files_changed": 86
          }
        }
      },
      {
        "name": "tokio",
        "notable_parents": "h2, hyper, reqwest, and 4 others",
        "suggested_criteria": [
          "safe-to-deploy"
        ],
        "suggested_diff": {
          "from": null,
          "to": "1.17.0",
          "diffstat": {
            "insertions": 91271,
            "deletions": 0,
            "files_changed": 403
          }
        }
      },
      {
        "name": "libc",
        "notable_parents": "mio, atty, tokio, openssl, and 8 others",
        "suggested_criteria": [
          "safe-to-run"
        ],
        "suggested_diff": {
          "from": null,
          "to": "0.2.123",
          "diffstat": {
            "insertions": 94060,
            "deletions": 0,
            "files_changed": 215
          }
        }
      },
      {
        "name": "winapi",
        "notable_parents": "mio, atty, miow, ntapi, and 7 others",
        "suggested_criteria": [
          "safe-to-run"
        ],
        "suggested_diff": {
          "from": null,
          "to": "0.3.9",
          "diffstat": {
            "insertions": 181323,
            "deletions": 0,
            "files_changed": 410
          }
        }
      }
    ],
    "suggest_by_criteria": {
      "safe-to-deploy": [
        {
          "name": "termcolor",
          "notable_parents": "clap",
          "suggested_criteria": [
            "safe-to-deploy"
          ],
          "suggested_diff": {
            "from": null,
            "to": "1.1.3",
            "diffstat": {
              "insertions": 2578,
              "deletions": 0,
              "files_changed": 10
            }
          }
        },
        {
          "name": "os_str_bytes",
          "notable_parents": "clap",
          "suggested_criteria": [
            "safe-to-deploy"
          ],
          "suggested_diff": {
            "from": null,
            "to": "6.0.0",
            "diffstat": {
              "insertions": 2911,
              "deletions": 0,
              "files_changed": 21
            }
          }
        },
        {
          "name": "textwrap",
          "notable_parents": "clap",
          "suggested_criteria": [
            "safe-to-deploy"
          ],
          "suggested_diff": {
            "from": null,
            "to": "0.15.0",
            "diffstat": {
              "insertions": 5196,
              "deletions": 0,
              "files_changed": 15
            }
          }
        },
        {
          "name": "proc-macro2",
          "notable_parents": "test-project",
          "suggested_criteria": [
            "safe-to-deploy"
          ],
          "suggested_diff": {
            "from": null,
            "to": "1.0.37@git:4445659b0f753a928059244c875a58bb12f791e9",
            "diffstat": {
              "insertions": 5691,
              "deletions": 0,
              "files_changed": 19
            }
          }
        },
        {
          "name": "indexmap",
          "notable_parents": "h2, clap",
          "suggested_criteria": [
            "safe-to-deploy"
          ],
          "suggested_diff": {
            "from": null,
            "to": "1.8.1",
            "diffstat": {
              "insertions": 9445,
              "deletions": 0,
              "files_changed": 31
            }
          }
        },
        {
          "name": "reqwest",
          "notable_parents": "test-project",
          "suggested_criteria": [
            "safe-to-deploy"
          ],
          "suggested_diff": {
            "from": null,
            "to": "0.11.10",
            "diffstat": {
              "insertions": 19797,
              "deletions": 0,
              "files_changed": 60
            }
          }
        },
        {
          "name": "serde_json",
          "notable_parents": "reqwest, test-project",
          "suggested_criteria": [
            "safe-to-deploy"
          ],
          "suggested_diff": {
            "from": null,
            "to": "1.0.79",
            "diffstat": {
              "insertions": 22848,
              "deletions": 0,
              "files_changed": 86
            }
          }
        },
        {
          "name": "tokio",
          "notable_parents": "h2, hyper, reqwest, and 4 others",
          "suggested_criteria": [
            "safe-to-deploy"
          ],
          "suggested_diff": {
            "from": null,
            "to": "1.17.0",
            "diffstat": {
              "insertions": 91271,
              "deletions": 0,
              "files_changed": 403
            }
          }
        }
      ],
      "safe-to-run": [
        {
          "name": "hermit-abi",
          "notable_parents": "atty",
          "suggested_criteria": [
            "safe-to-run"
          ],
          "suggested_diff": {
            "from": null,
            "to": "0.1.19",
            "diffstat": {
              "insertions": 932,
              "deletions": 0,
              "files_changed": 9
            }
          }
        },
        {
          "name": "libc",
          "notable_parents": "mio, atty, tokio, openssl, and 8 others",
          "suggested_criteria": [
            "safe-to-run"
          ],
          "suggested_diff": {
            "from": null,
            "to": "0.2.123",
            "diffstat": {
              "insertions": 94060,
              "deletions": 0,
              "files_changed": 215
            }
          }
        },
        {
          "name": "winapi",
          "notable_parents": "mio, atty, miow, ntapi, and 7 others",
          "suggested_criteria": [
            "safe-to-run"
          ],
          "suggested_diff": {
            "from": null,
            "to": "0.3.9",
            "diffstat": {
              "insertions": 181323,
              "deletions": 0,
              "files_changed": 410
            }
          }
        }
      ]
    },
    "total_lines": 436052
  }
}
stderr:

