---
source: tests/test-cli.rs
expression: format_outputs(&output)
---
stdout:
[
  {
    "name": "atty",
    "version": "0.2.14",
    "normal_deps": [
      25,
      39,
      102
    ],
    "build_deps": [],
    "dev_deps": [],
    "normal_and_build_deps": [
      25,
      39,
      102
    ],
    "all_deps": [
      25,
      39,
      102
    ],
    "reverse_deps": [
      9
    ],
    "is_workspace_member": false,
    "is_third_party": true,
    "is_root": false,
    "is_dev_only": false
  },
  {
    "name": "autocfg",
    "version": "1.1.0",
    "normal_deps": [],
    "build_deps": [],
    "dev_deps": [],
    "normal_and_build_deps": [],
    "all_deps": [],
    "reverse_deps": [
      33,
      51
    ],
    "is_workspace_member": false,
    "is_third_party": true,
    "is_root": false,
    "is_dev_only": false
  },
  {
    "name": "base64",
    "version": "0.13.0",
    "normal_deps": [],
    "build_deps": [],
    "dev_deps": [],
    "normal_and_build_deps": [],
    "all_deps": [],
    "reverse_deps": [
      62
    ],
    "is_workspace_member": false,
    "is_third_party": true,
    "is_root": false,
    "is_dev_only": false
  },
  {
    "name": "bitflags",
    "version": "1.3.2",
    "normal_deps": [],
    "build_deps": [],
    "dev_deps": [],
    "normal_and_build_deps": [],
    "all_deps": [],
    "reverse_deps": [
      9,
      49,
      60,
      65
    ],
    "is_workspace_member": false,
    "is_third_party": true,
    "is_root": false,
    "is_dev_only": false
  },
  {
    "name": "bumpalo",
    "version": "3.9.1",
    "normal_deps": [],
    "build_deps": [],
    "dev_deps": [],
    "normal_and_build_deps": [],
    "all_deps": [],
    "reverse_deps": [
      96
    ],
    "is_workspace_member": false,
    "is_third_party": true,
    "is_root": false,
    "is_dev_only": false
  },
  {
    "name": "bytes",
    "version": "1.1.0",
    "normal_deps": [],
    "build_deps": [],
    "dev_deps": [],
    "normal_and_build_deps": [],
    "all_deps": [],
    "reverse_deps": [
      23,
      26,
      27,
      30,
      31,
      62,
      80,
      82
    ],
    "is_workspace_member": false,
    "is_third_party": true,
    "is_root": false,
    "is_dev_only": false
  },
  {
    "name": "cc",
    "version": "1.0.73",
    "normal_deps": [],
    "build_deps": [],
    "dev_deps": [],
    "normal_and_build_deps": [],
    "all_deps": [],
    "reverse_deps": [
      51
    ],
    "is_workspace_member": false,
    "is_third_party": true,
    "is_root": false,
    "is_dev_only": false
  },
  {
    "name": "cfg-if",
    "version": "0.1.10",
    "normal_deps": [],
    "build_deps": [],
    "dev_deps": [],
    "normal_and_build_deps": [],
    "all_deps": [],
    "reverse_deps": [
      76
    ],
    "is_workspace_member": false,
    "is_third_party": true,
    "is_root": false,
    "is_dev_only": false
  },
  {
    "name": "cfg-if",
    "version": "1.0.0",
    "normal_deps": [],
    "build_deps": [],
    "dev_deps": [],
    "normal_and_build_deps": [],
    "all_deps": [],
    "reverse_deps": [
      12,
      34,
      40,
      49,
      74,
      84,
      95,
      97
    ],
    "is_workspace_member": false,
    "is_third_party": true,
    "is_root": false,
    "is_dev_only": false
  },
  {
    "name": "clap",
    "version": "3.1.8",
    "normal_deps": [
      0,
      3,
      33,
      52,
      72,
      75,
      77
    ],
    "build_deps": [],
    "dev_deps": [],
    "normal_and_build_deps": [
      0,
      3,
      33,
      52,
      72,
      75,
      77
    ],
    "all_deps": [
      0,
      3,
      33,
      52,
      72,
      75,
      77
    ],
    "reverse_deps": [
      76
    ],
    "is_workspace_member": false,
    "is_third_party": true,
    "is_root": false,
    "is_dev_only": false
  },
  {
    "name": "core-foundation",
    "version": "0.9.3",
    "normal_deps": [
      11,
      39
    ],
    "build_deps": [],
    "dev_deps": [],
    "normal_and_build_deps": [
      11,
      39
    ],
    "all_deps": [
      11,
      39
    ],
    "reverse_deps": [
      65
    ],
    "is_workspace_member": false,
    "is_third_party": true,
    "is_root": false,
    "is_dev_only": false
  },
  {
    "name": "core-foundation-sys",
    "version": "0.8.3",
    "normal_deps": [],
    "build_deps": [],
    "dev_deps": [],
    "normal_and_build_deps": [],
    "all_deps": [],
    "reverse_deps": [
      10,
      65,
      66
    ],
    "is_workspace_member": false,
    "is_third_party": true,
    "is_root": false,
    "is_dev_only": false
  },
  {
    "name": "encoding_rs",
    "version": "0.8.31",
    "normal_deps": [
      8
    ],
    "build_deps": [],
    "dev_deps": [],
    "normal_and_build_deps": [
      8
    ],
    "all_deps": [
      8
    ],
    "reverse_deps": [
      62
    ],
    "is_workspace_member": false,
    "is_third_party": true,
    "is_root": false,
    "is_dev_only": false
  },
  {
    "name": "fastrand",
    "version": "1.7.0",
    "normal_deps": [
      34
    ],
    "build_deps": [],
    "dev_deps": [],
    "normal_and_build_deps": [
      34
    ],
    "all_deps": [
      34
    ],
    "reverse_deps": [
      74
    ],
    "is_workspace_member": false,
    "is_third_party": true,
    "is_root": false,
    "is_dev_only": false
  },
  {
    "name": "fnv",
    "version": "1.0.7",
    "normal_deps": [],
    "build_deps": [],
    "dev_deps": [],
    "normal_and_build_deps": [],
    "all_deps": [],
    "reverse_deps": [
      23,
      26
    ],
    "is_workspace_member": false,
    "is_third_party": true,
    "is_root": false,
    "is_dev_only": false
  },
  {
    "name": "foreign-types",
    "version": "0.3.2",
    "normal_deps": [
      16
    ],
    "build_deps": [],
    "dev_deps": [],
    "normal_and_build_deps": [
      16
    ],
    "all_deps": [
      16
    ],
    "reverse_deps": [
      49
    ],
    "is_workspace_member": false,
    "is_third_party": true,
    "is_root": false,
    "is_dev_only": false
  },
  {
    "name": "foreign-types-shared",
    "version": "0.1.1",
    "normal_deps": [],
    "build_deps": [],
    "dev_deps": [],
    "normal_and_build_deps": [],
    "all_deps": [],
    "reverse_deps": [
      15
    ],
    "is_workspace_member": false,
    "is_third_party": true,
    "is_root": false,
    "is_dev_only": false
  },
  {
    "name": "form_urlencoded",
    "version": "1.0.1",
    "normal_deps": [
      41,
      53
    ],
    "build_deps": [],
    "dev_deps": [],
    "normal_and_build_deps": [
      41,
      53
    ],
    "all_deps": [
      41,
      53
    ],
    "reverse_deps": [
      69,
      91
    ],
    "is_workspace_member": false,
    "is_third_party": true,
    "is_root": false,
    "is_dev_only": false
  },
  {
    "name": "futures-channel",
    "version": "0.3.21",
    "normal_deps": [
      19
    ],
    "build_deps": [],
    "dev_deps": [],
    "normal_and_build_deps": [
      19
    ],
    "all_deps": [
      19
    ],
    "reverse_deps": [
      30
    ],
    "is_workspace_member": false,
    "is_third_party": true,
    "is_root": false,
    "is_dev_only": false
  },
  {
    "name": "futures-core",
    "version": "0.3.21",
    "normal_deps": [],
    "build_deps": [],
    "dev_deps": [],
    "normal_and_build_deps": [],
    "all_deps": [],
    "reverse_deps": [
      18,
      22,
      23,
      30,
      62,
      82
    ],
    "is_workspace_member": false,
    "is_third_party": true,
    "is_root": false,
    "is_dev_only": false
  },
  {
    "name": "futures-sink",
    "version": "0.3.21",
    "normal_deps": [],
    "build_deps": [],
    "dev_deps": [],
    "normal_and_build_deps": [],
    "all_deps": [],
    "reverse_deps": [
      23,
      82
    ],
    "is_workspace_member": false,
    "is_third_party": true,
    "is_root": false,
    "is_dev_only": false
  },
  {
    "name": "futures-task",
    "version": "0.3.21",
    "normal_deps": [],
    "build_deps": [],
    "dev_deps": [],
    "normal_and_build_deps": [],
    "all_deps": [],
    "reverse_deps": [
      22
    ],
    "is_workspace_member": false,
    "is_third_party": true,
    "is_root": false,
    "is_dev_only": false
  },
  {
    "name": "futures-util",
    "version": "0.3.21",
    "normal_deps": [
      19,
      21,
      54,
      55
    ],
    "build_deps": [],
    "dev_deps": [],
    "normal_and_build_deps": [
      19,
      21,
      54,
      55
    ],
    "all_deps": [
      19,
      21,
      54,
      55
    ],
    "reverse_deps": [
      23,
      30,
      62
    ],
    "is_workspace_member": false,
    "is_third_party": true,
    "is_root": false,
    "is_dev_only": false
  },
  {
    "name": "h2",
    "version": "0.3.13",
    "normal_deps": [
      5,
      14,
      19,
      20,
      22,
      26,
      33,
      70,
      80,
      82,
      84
    ],
    "build_deps": [],
    "dev_deps": [],
    "normal_and_build_deps": [
      5,
      14,
      19,
      20,
      22,
      26,
      33,
      70,
      80,
      82,
      84
    ],
    "all_deps": [
      5,
      14,
      19,
      20,
      22,
      26,
      33,
      70,
      80,
      82,
      84
    ],
    "reverse_deps": [
      30,
      62
    ],
    "is_workspace_member": false,
    "is_third_party": true,
    "is_root": false,
    "is_dev_only": false
  },
  {
    "name": "hashbrown",
    "version": "0.11.2",
    "normal_deps": [],
    "build_deps": [],
    "dev_deps": [],
    "normal_and_build_deps": [],
    "all_deps": [],
    "reverse_deps": [
      33
    ],
    "is_workspace_member": false,
    "is_third_party": true,
    "is_root": false,
    "is_dev_only": false
  },
  {
    "name": "hermit-abi",
    "version": "0.1.19",
    "normal_deps": [
      39
    ],
    "build_deps": [],
    "dev_deps": [],
    "normal_and_build_deps": [
      39
    ],
    "all_deps": [
      39
    ],
    "reverse_deps": [
      0
    ],
    "is_workspace_member": false,
    "is_third_party": true,
    "is_root": false,
    "is_dev_only": false
  },
  {
    "name": "http",
    "version": "0.2.6",
    "normal_deps": [
      5,
      14,
      36
    ],
    "build_deps": [],
    "dev_deps": [],
    "normal_and_build_deps": [
      5,
      14,
      36
    ],
    "all_deps": [
      5,
      14,
      36
    ],
    "reverse_deps": [
      23,
      27,
      30,
      62
    ],
    "is_workspace_member": false,
    "is_third_party": true,
    "is_root": false,
    "is_dev_only": false
  },
  {
    "name": "http-body",
    "version": "0.4.4",
    "normal_deps": [
      5,
      26,
      54
    ],
    "build_deps": [],
    "dev_deps": [],
    "normal_and_build_deps": [
      5,
      26,
      54
    ],
    "all_deps": [
      5,
      26,
      54
    ],
    "reverse_deps": [
      30,
      62
    ],
    "is_workspace_member": false,
    "is_third_party": true,
    "is_root": false,
    "is_dev_only": false
  },
  {
    "name": "httparse",
    "version": "1.7.0",
    "normal_deps": [],
    "build_deps": [],
    "dev_deps": [],
    "normal_and_build_deps": [],
    "all_deps": [],
    "reverse_deps": [
      30
    ],
    "is_workspace_member": false,
    "is_third_party": true,
    "is_root": false,
    "is_dev_only": false
  },
  {
    "name": "httpdate",
    "version": "1.0.2",
    "normal_deps": [],
    "build_deps": [],
    "dev_deps": [],
    "normal_and_build_deps": [],
    "all_deps": [],
    "reverse_deps": [
      30
    ],
    "is_workspace_member": false,
    "is_third_party": true,
    "is_root": false,
    "is_dev_only": false
  },
  {
    "name": "hyper",
    "version": "0.14.18",
    "normal_deps": [
      5,
      18,
      19,
      22,
      23,
      26,
      27,
      28,
      29,
      36,
      54,
      71,
      80,
      83,
      84,
      93
    ],
    "build_deps": [],
    "dev_deps": [],
    "normal_and_build_deps": [
      5,
      18,
      19,
      22,
      23,
      26,
      27,
      28,
      29,
      36,
      54,
      71,
      80,
      83,
      84,
      93
    ],
    "all_deps": [
      5,
      18,
      19,
      22,
      23,
      26,
      27,
      28,
      29,
      36,
      54,
      71,
      80,
      83,
      84,
      93
    ],
    "reverse_deps": [
      31,
      62
    ],
    "is_workspace_member": false,
    "is_third_party": true,
    "is_root": false,
    "is_dev_only": false
  },
  {
    "name": "hyper-tls",
    "version": "0.5.0",
    "normal_deps": [
      5,
      30,
      46,
      80,
      81
    ],
    "build_deps": [],
    "dev_deps": [],
    "normal_and_build_deps": [
      5,
      30,
      46,
      80,
      81
    ],
    "all_deps": [
      5,
      30,
      46,
      80,
      81
    ],
    "reverse_deps": [
      62
    ],
    "is_workspace_member": false,
    "is_third_party": true,
    "is_root": false,
    "is_dev_only": false
  },
  {
    "name": "idna",
    "version": "0.2.3",
    "normal_deps": [
      41,
      88,
      89
    ],
    "build_deps": [],
    "dev_deps": [],
    "normal_and_build_deps": [
      41,
      88,
      89
    ],
    "all_deps": [
      41,
      88,
      89
    ],
    "reverse_deps": [
      91
    ],
    "is_workspace_member": false,
    "is_third_party": true,
    "is_root": false,
    "is_dev_only": false
  },
  {
    "name": "indexmap",
    "version": "1.8.1",
    "normal_deps": [
      24
    ],
    "build_deps": [
      1
    ],
    "dev_deps": [],
    "normal_and_build_deps": [
      1,
      24
    ],
    "all_deps": [
      1,
      24
    ],
    "reverse_deps": [
      9,
      23
    ],
    "is_workspace_member": false,
    "is_third_party": true,
    "is_root": false,
    "is_dev_only": false
  },
  {
    "name": "instant",
    "version": "0.1.12",
    "normal_deps": [
      8
    ],
    "build_deps": [],
    "dev_deps": [],
    "normal_and_build_deps": [
      8
    ],
    "all_deps": [
      8
    ],
    "reverse_deps": [
      13
    ],
    "is_workspace_member": false,
    "is_third_party": true,
    "is_root": false,
    "is_dev_only": false
  },
  {
    "name": "ipnet",
    "version": "2.4.0",
    "normal_deps": [],
    "build_deps": [],
    "dev_deps": [],
    "normal_and_build_deps": [],
    "all_deps": [],
    "reverse_deps": [
      62
    ],
    "is_workspace_member": false,
    "is_third_party": true,
    "is_root": false,
    "is_dev_only": false
  },
  {
    "name": "itoa",
    "version": "1.0.1",
    "normal_deps": [],
    "build_deps": [],
    "dev_deps": [],
    "normal_and_build_deps": [],
    "all_deps": [],
    "reverse_deps": [
      26,
      30,
      68,
      69
    ],
    "is_workspace_member": false,
    "is_third_party": true,
    "is_root": false,
    "is_dev_only": false
  },
  {
    "name": "js-sys",
    "version": "0.3.57",
    "normal_deps": [
      95
    ],
    "build_deps": [],
    "dev_deps": [],
    "normal_and_build_deps": [
      95
    ],
    "all_deps": [
      95
    ],
    "reverse_deps": [
      62,
      97,
      101
    ],
    "is_workspace_member": false,
    "is_third_party": true,
    "is_root": false,
    "is_dev_only": false
  },
  {
    "name": "lazy_static",
    "version": "1.4.0",
    "normal_deps": [],
    "build_deps": [],
    "dev_deps": [],
    "normal_and_build_deps": [],
    "all_deps": [],
    "reverse_deps": [
      46,
      62,
      64,
      86,
      96
    ],
    "is_workspace_member": false,
    "is_third_party": true,
    "is_root": false,
    "is_dev_only": false
  },
  {
    "name": "libc",
    "version": "0.2.123",
    "normal_deps": [],
    "build_deps": [],
    "dev_deps": [],
    "normal_and_build_deps": [],
    "all_deps": [],
    "reverse_deps": [
      0,
      10,
      25,
      44,
      46,
      49,
      51,
      65,
      66,
      71,
      74,
      80
    ],
    "is_workspace_member": false,
    "is_third_party": true,
    "is_root": false,
    "is_dev_only": false
  },
  {
    "name": "log",
    "version": "0.4.16",
    "normal_deps": [
      8
    ],
    "build_deps": [],
    "dev_deps": [],
    "normal_and_build_deps": [
      8
    ],
    "all_deps": [
      8
    ],
    "reverse_deps": [
      44,
      46,
      62,
      93,
      96
    ],
    "is_workspace_member": false,
    "is_third_party": true,
    "is_root": false,
    "is_dev_only": false
  },
  {
    "name": "matches",
    "version": "0.1.9",
    "normal_deps": [],
    "build_deps": [],
    "dev_deps": [],
    "normal_and_build_deps": [],
    "all_deps": [],
    "reverse_deps": [
      17,
      32,
      91
    ],
    "is_workspace_member": false,
    "is_third_party": true,
    "is_root": false,
    "is_dev_only": false
  },
  {
    "name": "memchr",
    "version": "2.4.1",
    "normal_deps": [],
    "build_deps": [],
    "dev_deps": [],
    "normal_and_build_deps": [],
    "all_deps": [],
    "reverse_deps": [
      52,
      80
    ],
    "is_workspace_member": false,
    "is_third_party": true,
    "is_root": false,
    "is_dev_only": false
  },
  {
    "name": "mime",
    "version": "0.3.16",
    "normal_deps": [],
    "build_deps": [],
    "dev_deps": [],
    "normal_and_build_deps": [],
    "all_deps": [],
    "reverse_deps": [
      62
    ],
    "is_workspace_member": false,
    "is_third_party": true,
    "is_root": false,
    "is_dev_only": false
  },
  {
    "name": "mio",
    "version": "0.8.2",
    "normal_deps": [
      39,
      40,
      45,
      47,
      94,
      102
    ],
    "build_deps": [],
    "dev_deps": [],
    "normal_and_build_deps": [
      39,
      40,
      45,
      47,
      94,
      102
    ],
    "all_deps": [
      39,
      40,
      45,
      47,
      94,
      102
    ],
    "reverse_deps": [
      80
    ],
    "is_workspace_member": false,
    "is_third_party": true,
    "is_root": false,
    "is_dev_only": false
  },
  {
    "name": "miow",
    "version": "0.3.7",
    "normal_deps": [
      102
    ],
    "build_deps": [],
    "dev_deps": [],
    "normal_and_build_deps": [
      102
    ],
    "all_deps": [
      102
    ],
    "reverse_deps": [
      44
    ],
    "is_workspace_member": false,
    "is_third_party": true,
    "is_root": false,
    "is_dev_only": false
  },
  {
    "name": "native-tls",
    "version": "0.2.10",
    "normal_deps": [
      38,
      39,
      40,
      49,
      50,
      51,
      64,
      65,
      66,
      74
    ],
    "build_deps": [],
    "dev_deps": [],
    "normal_and_build_deps": [
      38,
      39,
      40,
      49,
      50,
      51,
      64,
      65,
      66,
      74
    ],
    "all_deps": [
      38,
      39,
      40,
      49,
      50,
      51,
      64,
      65,
      66,
      74
    ],
    "reverse_deps": [
      31,
      62,
      81
    ],
    "is_workspace_member": false,
    "is_third_party": true,
    "is_root": false,
    "is_dev_only": false
  },
  {
    "name": "ntapi",
    "version": "0.3.7",
    "normal_deps": [
      102
    ],
    "build_deps": [],
    "dev_deps": [],
    "normal_and_build_deps": [
      102
    ],
    "all_deps": [
      102
    ],
    "reverse_deps": [
      44
    ],
    "is_workspace_member": false,
    "is_third_party": true,
    "is_root": false,
    "is_dev_only": false
  },
  {
    "name": "once_cell",
    "version": "1.10.0",
    "normal_deps": [],
    "build_deps": [],
    "dev_deps": [],
    "normal_and_build_deps": [],
    "all_deps": [],
    "reverse_deps": [
      49
    ],
    "is_workspace_member": false,
    "is_third_party": true,
    "is_root": false,
    "is_dev_only": false
  },
  {
    "name": "openssl",
    "version": "0.10.38",
    "normal_deps": [
      3,
      8,
      15,
      39,
      48,
      51
    ],
    "build_deps": [],
    "dev_deps": [],
    "normal_and_build_deps": [
      3,
      8,
      15,
      39,
      48,
      51
    ],
    "all_deps": [
      3,
      8,
      15,
      39,
      48,
      51
    ],
    "reverse_deps": [
      46
    ],
    "is_workspace_member": false,
    "is_third_party": true,
    "is_root": false,
    "is_dev_only": false
  },
  {
    "name": "openssl-probe",
    "version": "0.1.5",
    "normal_deps": [],
    "build_deps": [],
    "dev_deps": [],
    "normal_and_build_deps": [],
    "all_deps": [],
    "reverse_deps": [
      46
    ],
    "is_workspace_member": false,
    "is_third_party": true,
    "is_root": false,
    "is_dev_only": false
  },
  {
    "name": "openssl-sys",
    "version": "0.9.72",
    "normal_deps": [
      39
    ],
    "build_deps": [
      1,
      6,
      56,
      92
    ],
    "dev_deps": [],
    "normal_and_build_deps": [
      1,
      6,
      39,
      56,
      92
    ],
    "all_deps": [
      1,
      6,
      39,
      56,
      92
    ],
    "reverse_deps": [
      46,
      49
    ],
    "is_workspace_member": false,
    "is_third_party": true,
    "is_root": false,
    "is_dev_only": false
  },
  {
    "name": "os_str_bytes",
    "version": "6.0.0",
    "normal_deps": [
      42
    ],
    "build_deps": [],
    "dev_deps": [],
    "normal_and_build_deps": [
      42
    ],
    "all_deps": [
      42
    ],
    "reverse_deps": [
      9
    ],
    "is_workspace_member": false,
    "is_third_party": true,
    "is_root": false,
    "is_dev_only": false
  },
  {
    "name": "percent-encoding",
    "version": "2.1.0",
    "normal_deps": [],
    "build_deps": [],
    "dev_deps": [],
    "normal_and_build_deps": [],
    "all_deps": [],
    "reverse_deps": [
      17,
      62,
      91
    ],
    "is_workspace_member": false,
    "is_third_party": true,
    "is_root": false,
    "is_dev_only": false
  },
  {
    "name": "pin-project-lite",
    "version": "0.2.8",
    "normal_deps": [],
    "build_deps": [],
    "dev_deps": [],
    "normal_and_build_deps": [],
    "all_deps": [],
    "reverse_deps": [
      22,
      27,
      30,
      62,
      80,
      82,
      84
    ],
    "is_workspace_member": false,
    "is_third_party": true,
    "is_root": false,
    "is_dev_only": false
  },
  {
    "name": "pin-utils",
    "version": "0.1.0",
    "normal_deps": [],
    "build_deps": [],
    "dev_deps": [],
    "normal_and_build_deps": [],
    "all_deps": [],
    "reverse_deps": [
      22
    ],
    "is_workspace_member": false,
    "is_third_party": true,
    "is_root": false,
    "is_dev_only": false
  },
  {
    "name": "pkg-config",
    "version": "0.3.25",
    "normal_deps": [],
    "build_deps": [],
    "dev_deps": [],
    "normal_and_build_deps": [],
    "all_deps": [],
    "reverse_deps": [
      51
    ],
    "is_workspace_member": false,
    "is_third_party": true,
    "is_root": false,
    "is_dev_only": false
  },
  {
    "name": "proc-macro2",
    "version": "1.0.37",
    "normal_deps": [
      90
    ],
    "build_deps": [],
    "dev_deps": [],
    "normal_and_build_deps": [
      90
    ],
    "all_deps": [
      90
    ],
    "reverse_deps": [
      59,
      73,
      85,
      96,
      99
    ],
    "is_workspace_member": false,
    "is_third_party": true,
    "is_root": false,
    "is_dev_only": false
  },
  {
    "name": "proc-macro2",
    "version": "1.0.37@git:4445659b0f753a928059244c875a58bb12f791e9",
    "normal_deps": [
      90
    ],
    "build_deps": [],
    "dev_deps": [],
    "normal_and_build_deps": [
      90
    ],
    "all_deps": [
      90
    ],
    "reverse_deps": [
      76
    ],
    "is_workspace_member": false,
    "is_third_party": false,
    "is_root": false,
    "is_dev_only": false
  },
  {
    "name": "quote",
    "version": "1.0.18",
    "normal_deps": [
      57
    ],
    "build_deps": [],
    "dev_deps": [],
    "normal_and_build_deps": [
      57
    ],
    "all_deps": [
      57
    ],
    "reverse_deps": [
      73,
      85,
      96,
      98,
      99
    ],
    "is_workspace_member": false,
    "is_third_party": true,
    "is_root": false,
    "is_dev_only": false
  },
  {
    "name": "redox_syscall",
    "version": "0.2.13",
    "normal_deps": [
      3
    ],
    "build_deps": [],
    "dev_deps": [],
    "normal_and_build_deps": [
      3
    ],
    "all_deps": [
      3
    ],
    "reverse_deps": [
      74
    ],
    "is_workspace_member": false,
    "is_third_party": true,
    "is_root": false,
    "is_dev_only": false
  },
  {
    "name": "remove_dir_all",
    "version": "0.5.3",
    "normal_deps": [
      102
    ],
    "build_deps": [],
    "dev_deps": [],
    "normal_and_build_deps": [
      102
    ],
    "all_deps": [
      102
    ],
    "reverse_deps": [
      74
    ],
    "is_workspace_member": false,
    "is_third_party": true,
    "is_root": false,
    "is_dev_only": false
  },
  {
    "name": "reqwest",
    "version": "0.11.10",
    "normal_deps": [
      2,
      5,
      12,
      19,
      22,
      23,
      26,
      27,
      30,
      31,
      35,
      37,
      38,
      40,
      43,
      46,
      53,
      54,
      67,
      68,
      69,
      80,
      81,
      91,
      95,
      97,
      101,
      106
    ],
    "build_deps": [],
    "dev_deps": [],
    "normal_and_build_deps": [
      2,
      5,
      12,
      19,
      22,
      23,
      26,
      27,
      30,
      31,
      35,
      37,
      38,
      40,
      43,
      46,
      53,
      54,
      67,
      68,
      69,
      80,
      81,
      91,
      95,
      97,
      101,
      106
    ],
    "all_deps": [
      2,
      5,
      12,
      19,
      22,
      23,
      26,
      27,
      30,
      31,
      35,
      37,
      38,
      40,
      43,
      46,
      53,
      54,
      67,
      68,
      69,
      80,
      81,
      91,
      95,
      97,
      101,
      106
    ],
    "reverse_deps": [
      76
    ],
    "is_workspace_member": false,
    "is_third_party": true,
    "is_root": false,
    "is_dev_only": false
  },
  {
    "name": "ryu",
    "version": "1.0.9",
    "normal_deps": [],
    "build_deps": [],
    "dev_deps": [],
    "normal_and_build_deps": [],
    "all_deps": [],
    "reverse_deps": [
      68,
      69
    ],
    "is_workspace_member": false,
    "is_third_party": true,
    "is_root": false,
    "is_dev_only": false
  },
  {
    "name": "schannel",
    "version": "0.1.19",
    "normal_deps": [
      38,
      102
    ],
    "build_deps": [],
    "dev_deps": [],
    "normal_and_build_deps": [
      38,
      102
    ],
    "all_deps": [
      38,
      102
    ],
    "reverse_deps": [
      46
    ],
    "is_workspace_member": false,
    "is_third_party": true,
    "is_root": false,
    "is_dev_only": false
  },
  {
    "name": "security-framework",
    "version": "2.6.1",
    "normal_deps": [
      3,
      10,
      11,
      39,
      66
    ],
    "build_deps": [],
    "dev_deps": [],
    "normal_and_build_deps": [
      3,
      10,
      11,
      39,
      66
    ],
    "all_deps": [
      3,
      10,
      11,
      39,
      66
    ],
    "reverse_deps": [
      46
    ],
    "is_workspace_member": false,
    "is_third_party": true,
    "is_root": false,
    "is_dev_only": false
  },
  {
    "name": "security-framework-sys",
    "version": "2.6.1",
    "normal_deps": [
      11,
      39
    ],
    "build_deps": [],
    "dev_deps": [],
    "normal_and_build_deps": [
      11,
      39
    ],
    "all_deps": [
      11,
      39
    ],
    "reverse_deps": [
      46,
      65
    ],
    "is_workspace_member": false,
    "is_third_party": true,
    "is_root": false,
    "is_dev_only": false
  },
  {
    "name": "serde",
    "version": "1.0.136",
    "normal_deps": [],
    "build_deps": [],
    "dev_deps": [],
    "normal_and_build_deps": [],
    "all_deps": [],
    "reverse_deps": [
      62,
      68,
      69
    ],
    "is_workspace_member": false,
    "is_third_party": true,
    "is_root": false,
    "is_dev_only": false
  },
  {
    "name": "serde_json",
    "version": "1.0.79",
    "normal_deps": [
      36,
      63,
      67
    ],
    "build_deps": [],
    "dev_deps": [],
    "normal_and_build_deps": [
      36,
      63,
      67
    ],
    "all_deps": [
      36,
      63,
      67
    ],
    "reverse_deps": [
      62,
      76
    ],
    "is_workspace_member": false,
    "is_third_party": true,
    "is_root": false,
    "is_dev_only": false
  },
  {
    "name": "serde_urlencoded",
    "version": "0.7.1",
    "normal_deps": [
      17,
      36,
      63,
      67
    ],
    "build_deps": [],
    "dev_deps": [],
    "normal_and_build_deps": [
      17,
      36,
      63,
      67
    ],
    "all_deps": [
      17,
      36,
      63,
      67
    ],
    "reverse_deps": [
      62
    ],
    "is_workspace_member": false,
    "is_third_party": true,
    "is_root": false,
    "is_dev_only": false
  },
  {
    "name": "slab",
    "version": "0.4.6",
    "normal_deps": [],
    "build_deps": [],
    "dev_deps": [],
    "normal_and_build_deps": [],
    "all_deps": [],
    "reverse_deps": [
      23
    ],
    "is_workspace_member": false,
    "is_third_party": true,
    "is_root": false,
    "is_dev_only": false
  },
  {
    "name": "socket2",
    "version": "0.4.4",
    "normal_deps": [
      39,
      102
    ],
    "build_deps": [],
    "dev_deps": [],
    "normal_and_build_deps": [
      39,
      102
    ],
    "all_deps": [
      39,
      102
    ],
    "reverse_deps": [
      30,
      80
    ],
    "is_workspace_member": false,
    "is_third_party": true,
    "is_root": false,
    "is_dev_only": false
  },
  {
    "name": "strsim",
    "version": "0.10.0",
    "normal_deps": [],
    "build_deps": [],
    "dev_deps": [],
    "normal_and_build_deps": [],
    "all_deps": [],
    "reverse_deps": [
      9
    ],
    "is_workspace_member": false,
    "is_third_party": true,
    "is_root": false,
    "is_dev_only": false
  },
  {
    "name": "syn",
    "version": "1.0.91",
    "normal_deps": [
      57,
      59,
      90
    ],
    "build_deps": [],
    "dev_deps": [],
    "normal_and_build_deps": [
      57,
      59,
      90
    ],
    "all_deps": [
      57,
      59,
      90
    ],
    "reverse_deps": [
      85,
      96,
      99
    ],
    "is_workspace_member": false,
    "is_third_party": true,
    "is_root": false,
    "is_dev_only": false
  },
  {
    "name": "tempfile",
    "version": "3.3.0",
    "normal_deps": [
      8,
      13,
      39,
      60,
      61,
      102
    ],
    "build_deps": [],
    "dev_deps": [],
    "normal_and_build_deps": [
      8,
      13,
      39,
      60,
      61,
      102
    ],
    "all_deps": [
      8,
      13,
      39,
      60,
      61,
      102
    ],
    "reverse_deps": [
      46
    ],
    "is_workspace_member": false,
    "is_third_party": true,
    "is_root": false,
    "is_dev_only": false
  },
  {
    "name": "termcolor",
    "version": "1.1.3",
    "normal_deps": [
      104
    ],
    "build_deps": [],
    "dev_deps": [],
    "normal_and_build_deps": [
      104
    ],
    "all_deps": [
      104
    ],
    "reverse_deps": [
      9
    ],
    "is_workspace_member": false,
    "is_third_party": true,
    "is_root": false,
    "is_dev_only": false
  },
  {
    "name": "test-project",
    "version": "0.1.0",
    "normal_deps": [
      7,
      9,
      58,
      62,
      68,
      80
    ],
    "build_deps": [],
    "dev_deps": [],
    "normal_and_build_deps": [
      7,
      9,
      58,
      62,
      68,
      80
    ],
    "all_deps": [
      7,
      9,
      58,
      62,
      68,
      80
    ],
    "reverse_deps": [],
    "is_workspace_member": true,
    "is_third_party": false,
    "is_root": true,
    "is_dev_only": false
  },
  {
    "name": "textwrap",
    "version": "0.15.0",
    "normal_deps": [],
    "build_deps": [],
    "dev_deps": [],
    "normal_and_build_deps": [],
    "all_deps": [],
    "reverse_deps": [
      9
    ],
    "is_workspace_member": false,
    "is_third_party": true,
    "is_root": false,
    "is_dev_only": false
  },
  {
    "name": "tinyvec",
    "version": "1.5.1",
    "normal_deps": [
      79
    ],
    "build_deps": [],
    "dev_deps": [],
    "normal_and_build_deps": [
      79
    ],
    "all_deps": [
      79
    ],
    "reverse_deps": [
      89
    ],
    "is_workspace_member": false,
    "is_third_party": true,
    "is_root": false,
    "is_dev_only": false
  },
  {
    "name": "tinyvec_macros",
    "version": "0.1.0",
    "normal_deps": [],
    "build_deps": [],
    "dev_deps": [],
    "normal_and_build_deps": [],
    "all_deps": [],
    "reverse_deps": [
      78
    ],
    "is_workspace_member": false,
    "is_third_party": true,
    "is_root": false,
    "is_dev_only": false
  },
  {
    "name": "tokio",
    "version": "1.17.0",
    "normal_deps": [
      5,
      39,
      42,
      44,
      54,
      71,
      102
    ],
    "build_deps": [],
    "dev_deps": [],
    "normal_and_build_deps": [
      5,
      39,
      42,
      44,
      54,
      71,
      102
    ],
    "all_deps": [
      5,
      39,
      42,
      44,
      54,
      71,
      102
    ],
    "reverse_deps": [
      23,
      30,
      31,
      62,
      76,
      81,
      82
    ],
    "is_workspace_member": false,
    "is_third_party": true,
    "is_root": false,
    "is_dev_only": false
  },
  {
    "name": "tokio-native-tls",
    "version": "0.3.0",
    "normal_deps": [
      46,
      80
    ],
    "build_deps": [],
    "dev_deps": [],
    "normal_and_build_deps": [
      46,
      80
    ],
    "all_deps": [
      46,
      80
    ],
    "reverse_deps": [
      31,
      62
    ],
    "is_workspace_member": false,
    "is_third_party": true,
    "is_root": false,
    "is_dev_only": false
  },
  {
    "name": "tokio-util",
    "version": "0.7.1",
    "normal_deps": [
      5,
      19,
      20,
      54,
      80,
      84
    ],
    "build_deps": [],
    "dev_deps": [],
    "normal_and_build_deps": [
      5,
      19,
      20,
      54,
      80,
      84
    ],
    "all_deps": [
      5,
      19,
      20,
      54,
      80,
      84
    ],
    "reverse_deps": [
      23
    ],
    "is_workspace_member": false,
    "is_third_party": true,
    "is_root": false,
    "is_dev_only": false
  },
  {
    "name": "tower-service",
    "version": "0.3.1",
    "normal_deps": [],
    "build_deps": [],
    "dev_deps": [],
    "normal_and_build_deps": [],
    "all_deps": [],
    "reverse_deps": [
      30
    ],
    "is_workspace_member": false,
    "is_third_party": true,
    "is_root": false,
    "is_dev_only": false
  },
  {
    "name": "tracing",
    "version": "0.1.33",
    "normal_deps": [
      8,
      54,
      85,
      86
    ],
    "build_deps": [],
    "dev_deps": [],
    "normal_and_build_deps": [
      8,
      54,
      85,
      86
    ],
    "all_deps": [
      8,
      54,
      85,
      86
    ],
    "reverse_deps": [
      23,
      30,
      82
    ],
    "is_workspace_member": false,
    "is_third_party": true,
    "is_root": false,
    "is_dev_only": false
  },
  {
    "name": "tracing-attributes",
    "version": "0.1.20",
    "normal_deps": [
      57,
      59,
      73
    ],
    "build_deps": [],
    "dev_deps": [],
    "normal_and_build_deps": [
      57,
      59,
      73
    ],
    "all_deps": [
      57,
      59,
      73
    ],
    "reverse_deps": [
      84
    ],
    "is_workspace_member": false,
    "is_third_party": true,
    "is_root": false,
    "is_dev_only": false
  },
  {
    "name": "tracing-core",
    "version": "0.1.25",
    "normal_deps": [
      38
    ],
    "build_deps": [],
    "dev_deps": [],
    "normal_and_build_deps": [
      38
    ],
    "all_deps": [
      38
    ],
    "reverse_deps": [
      84
    ],
    "is_workspace_member": false,
    "is_third_party": true,
    "is_root": false,
    "is_dev_only": false
  },
  {
    "name": "try-lock",
    "version": "0.2.3",
    "normal_deps": [],
    "build_deps": [],
    "dev_deps": [],
    "normal_and_build_deps": [],
    "all_deps": [],
    "reverse_deps": [
      93
    ],
    "is_workspace_member": false,
    "is_third_party": true,
    "is_root": false,
    "is_dev_only": false
  },
  {
    "name": "unicode-bidi",
    "version": "0.3.7",
    "normal_deps": [],
    "build_deps": [],
    "dev_deps": [],
    "normal_and_build_deps": [],
    "all_deps": [],
    "reverse_deps": [
      32
    ],
    "is_workspace_member": false,
    "is_third_party": true,
    "is_root": false,
    "is_dev_only": false
  },
  {
    "name": "unicode-normalization",
    "version": "0.1.19",
    "normal_deps": [
      78
    ],
    "build_deps": [],
    "dev_deps": [],
    "normal_and_build_deps": [
      78
    ],
    "all_deps": [
      78
    ],
    "reverse_deps": [
      32
    ],
    "is_workspace_member": false,
    "is_third_party": true,
    "is_root": false,
    "is_dev_only": false
  },
  {
    "name": "unicode-xid",
    "version": "0.2.2",
    "normal_deps": [],
    "build_deps": [],
    "dev_deps": [],
    "normal_and_build_deps": [],
    "all_deps": [],
    "reverse_deps": [
      57,
      58,
      73
    ],
    "is_workspace_member": false,
    "is_third_party": true,
    "is_root": false,
    "is_dev_only": false
  },
  {
    "name": "url",
    "version": "2.2.2",
    "normal_deps": [
      17,
      32,
      41,
      53
    ],
    "build_deps": [],
    "dev_deps": [],
    "normal_and_build_deps": [
      17,
      32,
      41,
      53
    ],
    "all_deps": [
      17,
      32,
      41,
      53
    ],
    "reverse_deps": [
      62
    ],
    "is_workspace_member": false,
    "is_third_party": true,
    "is_root": false,
    "is_dev_only": false
  },
  {
    "name": "vcpkg",
    "version": "0.2.15",
    "normal_deps": [],
    "build_deps": [],
    "dev_deps": [],
    "normal_and_build_deps": [],
    "all_deps": [],
    "reverse_deps": [
      51
    ],
    "is_workspace_member": false,
    "is_third_party": true,
    "is_root": false,
    "is_dev_only": false
  },
  {
    "name": "want",
    "version": "0.3.0",
    "normal_deps": [
      40,
      87
    ],
    "build_deps": [],
    "dev_deps": [],
    "normal_and_build_deps": [
      40,
      87
    ],
    "all_deps": [
      40,
      87
    ],
    "reverse_deps": [
      30
    ],
    "is_workspace_member": false,
    "is_third_party": true,
    "is_root": false,
    "is_dev_only": false
  },
  {
    "name": "wasi",
    "version": "0.11.0+wasi-snapshot-preview1",
    "normal_deps": [],
    "build_deps": [],
    "dev_deps": [],
    "normal_and_build_deps": [],
    "all_deps": [],
    "reverse_deps": [
      44
    ],
    "is_workspace_member": false,
    "is_third_party": true,
    "is_root": false,
    "is_dev_only": false
  },
  {
    "name": "wasm-bindgen",
    "version": "0.2.80",
    "normal_deps": [
      8,
      98
    ],
    "build_deps": [],
    "dev_deps": [],
    "normal_and_build_deps": [
      8,
      98
    ],
    "all_deps": [
      8,
      98
    ],
    "reverse_deps": [
      37,
      62,
      97,
      101
    ],
    "is_workspace_member": false,
    "is_third_party": true,
    "is_root": false,
    "is_dev_only": false
  },
  {
    "name": "wasm-bindgen-backend",
    "version": "0.2.80",
    "normal_deps": [
      4,
      38,
      40,
      57,
      59,
      73,
      100
    ],
    "build_deps": [],
    "dev_deps": [],
    "normal_and_build_deps": [
      4,
      38,
      40,
      57,
      59,
      73,
      100
    ],
    "all_deps": [
      4,
      38,
      40,
      57,
      59,
      73,
      100
    ],
    "reverse_deps": [
      99
    ],
    "is_workspace_member": false,
    "is_third_party": true,
    "is_root": false,
    "is_dev_only": false
  },
  {
    "name": "wasm-bindgen-futures",
    "version": "0.4.30",
    "normal_deps": [
      8,
      37,
      95,
      101
    ],
    "build_deps": [],
    "dev_deps": [],
    "normal_and_build_deps": [
      8,
      37,
      95,
      101
    ],
    "all_deps": [
      8,
      37,
      95,
      101
    ],
    "reverse_deps": [
      62
    ],
    "is_workspace_member": false,
    "is_third_party": true,
    "is_root": false,
    "is_dev_only": false
  },
  {
    "name": "wasm-bindgen-macro",
    "version": "0.2.80",
    "normal_deps": [
      59,
      99
    ],
    "build_deps": [],
    "dev_deps": [],
    "normal_and_build_deps": [
      59,
      99
    ],
    "all_deps": [
      59,
      99
    ],
    "reverse_deps": [
      95
    ],
    "is_workspace_member": false,
    "is_third_party": true,
    "is_root": false,
    "is_dev_only": false
  },
  {
    "name": "wasm-bindgen-macro-support",
    "version": "0.2.80",
    "normal_deps": [
      57,
      59,
      73,
      96,
      100
    ],
    "build_deps": [],
    "dev_deps": [],
    "normal_and_build_deps": [
      57,
      59,
      73,
      96,
      100
    ],
    "all_deps": [
      57,
      59,
      73,
      96,
      100
    ],
    "reverse_deps": [
      98
    ],
    "is_workspace_member": false,
    "is_third_party": true,
    "is_root": false,
    "is_dev_only": false
  },
  {
    "name": "wasm-bindgen-shared",
    "version": "0.2.80",
    "normal_deps": [],
    "build_deps": [],
    "dev_deps": [],
    "normal_and_build_deps": [],
    "all_deps": [],
    "reverse_deps": [
      96,
      99
    ],
    "is_workspace_member": false,
    "is_third_party": true,
    "is_root": false,
    "is_dev_only": false
  },
  {
    "name": "web-sys",
    "version": "0.3.57",
    "normal_deps": [
      37,
      95
    ],
    "build_deps": [],
    "dev_deps": [],
    "normal_and_build_deps": [
      37,
      95
    ],
    "all_deps": [
      37,
      95
    ],
    "reverse_deps": [
      62,
      97
    ],
    "is_workspace_member": false,
    "is_third_party": true,
    "is_root": false,
    "is_dev_only": false
  },
  {
    "name": "winapi",
    "version": "0.3.9",
    "normal_deps": [
      103,
      105
    ],
    "build_deps": [],
    "dev_deps": [],
    "normal_and_build_deps": [
      103,
      105
    ],
    "all_deps": [
      103,
      105
    ],
    "reverse_deps": [
      0,
      44,
      45,
      47,
      61,
      64,
      71,
      74,
      80,
      104,
      106
    ],
    "is_workspace_member": false,
    "is_third_party": true,
    "is_root": false,
    "is_dev_only": false
  },
  {
    "name": "winapi-i686-pc-windows-gnu",
    "version": "0.4.0",
    "normal_deps": [],
    "build_deps": [],
    "dev_deps": [],
    "normal_and_build_deps": [],
    "all_deps": [],
    "reverse_deps": [
      102
    ],
    "is_workspace_member": false,
    "is_third_party": true,
    "is_root": false,
    "is_dev_only": false
  },
  {
    "name": "winapi-util",
    "version": "0.1.5",
    "normal_deps": [
      102
    ],
    "build_deps": [],
    "dev_deps": [],
    "normal_and_build_deps": [
      102
    ],
    "all_deps": [
      102
    ],
    "reverse_deps": [
      75
    ],
    "is_workspace_member": false,
    "is_third_party": true,
    "is_root": false,
    "is_dev_only": false
  },
  {
    "name": "winapi-x86_64-pc-windows-gnu",
    "version": "0.4.0",
    "normal_deps": [],
    "build_deps": [],
    "dev_deps": [],
    "normal_and_build_deps": [],
    "all_deps": [],
    "reverse_deps": [
      102
    ],
    "is_workspace_member": false,
    "is_third_party": true,
    "is_root": false,
    "is_dev_only": false
  },
  {
    "name": "winreg",
    "version": "0.10.1",
    "normal_deps": [
      102
    ],
    "build_deps": [],
    "dev_deps": [],
    "normal_and_build_deps": [
      102
    ],
    "all_deps": [
      102
    ],
    "reverse_deps": [
      62
    ],
    "is_workspace_member": false,
    "is_third_party": true,
    "is_root": false,
    "is_dev_only": false
  }
]
stderr:

