---
source: tests/test-cli.rs
expression: format_outputs(&output)
---
stdout:
{
  "conclusion": "fail (vetting)",
  "failures": [
    {
      "name": "bumpalo",
      "version": "3.9.1",
      "missing_criteria": [
        "safe-to-deploy"
      ]
    },
    {
      "name": "bytes",
      "version": "1.1.0",
      "missing_criteria": [
        "safe-to-deploy"
      ]
    },
    {
      "name": "cc",
      "version": "1.0.73",
      "missing_criteria": [
        "safe-to-deploy"
      ]
    },
    {
      "name": "cfg-if",
      "version": "0.1.10",
      "missing_criteria": [
        "safe-to-deploy"
      ]
    },
    {
      "name": "cfg-if",
      "version": "1.0.0",
      "missing_criteria": [
        "safe-to-deploy"
      ]
    },
    {
      "name": "core-foundation",
      "version": "0.9.3",
      "missing_criteria": [
        "safe-to-deploy"
      ]
    },
    {
      "name": "core-foundation-sys",
      "version": "0.8.3",
      "missing_criteria": [
        "safe-to-deploy"
      ]
    },
    {
      "name": "encoding_rs",
      "version": "0.8.31",
      "missing_criteria": [
        "safe-to-deploy"
      ]
    },
    {
      "name": "fastrand",
      "version": "1.7.0",
      "missing_criteria": [
        "safe-to-deploy"
      ]
    },
    {
      "name": "fnv",
      "version": "1.0.7",
      "missing_criteria": [
        "safe-to-deploy"
      ]
    },
    {
      "name": "foreign-types",
      "version": "0.3.2",
      "missing_criteria": [
        "safe-to-deploy"
      ]
    },
    {
      "name": "foreign-types-shared",
      "version": "0.1.1",
      "missing_criteria": [
        "safe-to-deploy"
      ]
    },
    {
      "name": "form_urlencoded",
      "version": "1.0.1",
      "missing_criteria": [
        "safe-to-deploy"
      ]
    },
    {
      "name": "futures-channel",
      "version": "0.3.21",
      "missing_criteria": [
        "safe-to-deploy"
      ]
    },
    {
      "name": "futures-core",
      "version": "0.3.21",
      "missing_criteria": [
        "safe-to-deploy"
      ]
    },
    {
      "name": "futures-sink",
      "version": "0.3.21",
      "missing_criteria": [
        "safe-to-deploy"
      ]
    },
    {
      "name": "futures-task",
      "version": "0.3.21",
      "missing_criteria": [
        "safe-to-deploy"
      ]
    },
    {
      "name": "futures-util",
      "version": "0.3.21",
      "missing_criteria": [
        "safe-to-deploy"
      ]
    },
    {
      "name": "h2",
      "version": "0.3.13",
      "missing_criteria": [
        "safe-to-deploy"
      ]
    },
    {
      "name": "hashbrown",
      "version": "0.11.2",
      "missing_criteria": [
        "safe-to-deploy"
      ]
    },
    {
      "name": "hermit-abi",
      "version": "0.1.19",
      "missing_criteria": [
        "safe-to-run"
      ]
    },
    {
      "name": "http",
      "version": "0.2.6",
      "missing_criteria": [
        "safe-to-deploy"
      ]
    },
    {
      "name": "http-body",
      "version": "0.4.4",
      "missing_criteria": [
        "safe-to-deploy"
      ]
    },
    {
      "name": "httparse",
      "version": "1.7.0",
      "missing_criteria": [
        "safe-to-deploy"
      ]
    },
    {
      "name": "httpdate",
      "version": "1.0.2",
      "missing_criteria": [
        "safe-to-deploy"
      ]
    },
    {
      "name": "hyper",
      "version": "0.14.18",
      "missing_criteria": [
        "safe-to-deploy"
      ]
    },
    {
      "name": "hyper-tls",
      "version": "0.5.0",
      "missing_criteria": [
        "safe-to-deploy"
      ]
    },
    {
      "name": "idna",
      "version": "0.2.3",
      "missing_criteria": [
        "safe-to-deploy"
      ]
    },
    {
      "name": "indexmap",
      "version": "1.8.1",
      "missing_criteria": [
        "safe-to-deploy"
      ]
    },
    {
      "name": "instant",
      "version": "0.1.12",
      "missing_criteria": [
        "safe-to-deploy"
      ]
    },
    {
      "name": "ipnet",
      "version": "2.4.0",
      "missing_criteria": [
        "safe-to-deploy"
      ]
    },
    {
      "name": "itoa",
      "version": "1.0.1",
      "missing_criteria": [
        "safe-to-deploy"
      ]
    },
    {
      "name": "js-sys",
      "version": "0.3.57",
      "missing_criteria": [
        "safe-to-deploy"
      ]
    },
    {
      "name": "lazy_static",
      "version": "1.4.0",
      "missing_criteria": [
        "safe-to-deploy"
      ]
    },
    {
      "name": "libc",
      "version": "0.2.123",
      "missing_criteria": [
        "safe-to-deploy"
      ]
    },
    {
      "name": "log",
      "version": "0.4.16",
      "missing_criteria": [
        "safe-to-deploy"
      ]
    },
    {
      "name": "matches",
      "version": "0.1.9",
      "missing_criteria": [
        "safe-to-deploy"
      ]
    },
    {
      "name": "memchr",
      "version": "2.4.1",
      "missing_criteria": [
        "safe-to-deploy"
      ]
    },
    {
      "name": "mime",
      "version": "0.3.16",
      "missing_criteria": [
        "safe-to-deploy"
      ]
    },
    {
      "name": "mio",
      "version": "0.8.2",
      "missing_criteria": [
        "safe-to-deploy"
      ]
    },
    {
      "name": "miow",
      "version": "0.3.7",
      "missing_criteria": [
        "safe-to-deploy"
      ]
    },
    {
      "name": "native-tls",
      "version": "0.2.10",
      "missing_criteria": [
        "safe-to-deploy"
      ]
    },
    {
      "name": "ntapi",
      "version": "0.3.7",
      "missing_criteria": [
        "safe-to-deploy"
      ]
    },
    {
      "name": "once_cell",
      "version": "1.10.0",
      "missing_criteria": [
        "safe-to-deploy"
      ]
    },
    {
      "name": "openssl",
      "version": "0.10.38",
      "missing_criteria": [
        "safe-to-deploy"
      ]
    },
    {
      "name": "openssl-probe",
      "version": "0.1.5",
      "missing_criteria": [
        "safe-to-deploy"
      ]
    },
    {
      "name": "openssl-sys",
      "version": "0.9.72",
      "missing_criteria": [
        "safe-to-deploy"
      ]
    },
    {
      "name": "os_str_bytes",
      "version": "6.0.0",
      "missing_criteria": [
        "safe-to-deploy"
      ]
    },
    {
      "name": "percent-encoding",
      "version": "2.1.0",
      "missing_criteria": [
        "safe-to-deploy"
      ]
    },
    {
      "name": "pin-project-lite",
      "version": "0.2.8",
      "missing_criteria": [
        "safe-to-deploy"
      ]
    },
    {
      "name": "pin-utils",
      "version": "0.1.0",
      "missing_criteria": [
        "safe-to-deploy"
      ]
    },
    {
      "name": "pkg-config",
      "version": "0.3.25",
      "missing_criteria": [
        "safe-to-deploy"
      ]
    },
    {
      "name": "proc-macro2",
      "version": "1.0.37",
      "missing_criteria": [
        "safe-to-deploy"
      ]
    },
    {
      "name": "proc-macro2",
      "version": "1.0.37@git:4445659b0f753a928059244c875a58bb12f791e9",
      "missing_criteria": [
        "safe-to-deploy"
      ]
    },
    {
      "name": "quote",
      "version": "1.0.18",
      "missing_criteria": [
        "safe-to-deploy"
      ]
    },
    {
      "name": "redox_syscall",
      "version": "0.2.13",
      "missing_criteria": [
        "safe-to-deploy"
      ]
    },
    {
      "name": "remove_dir_all",
      "version": "0.5.3",
      "missing_criteria": [
        "safe-to-deploy"
      ]
    },
    {
      "name": "reqwest",
      "version": "0.11.10",
      "missing_criteria": [
        "safe-to-deploy"
      ]
    },
    {
      "name": "ryu",
      "version": "1.0.9",
      "missing_criteria": [
        "safe-to-deploy"
      ]
    },
    {
      "name": "schannel",
      "version": "0.1.19",
      "missing_criteria": [
        "safe-to-deploy"
      ]
    },
    {
      "name": "security-framework",
      "version": "2.6.1",
      "missing_criteria": [
        "safe-to-deploy"
      ]
    },
    {
      "name": "security-framework-sys",
      "version": "2.6.1",
      "missing_criteria": [
        "safe-to-deploy"
      ]
    },
    {
      "name": "serde_json",
      "version": "1.0.79",
      "missing_criteria": [
        "safe-to-deploy"
      ]
    },
    {
      "name": "serde_urlencoded",
      "version": "0.7.1",
      "missing_criteria": [
        "safe-to-deploy"
      ]
    },
    {
      "name": "slab",
      "version": "0.4.6",
      "missing_criteria": [
        "safe-to-deploy"
      ]
    },
    {
      "name": "socket2",
      "version": "0.4.4",
      "missing_criteria": [
        "safe-to-deploy"
      ]
    },
    {
      "name": "syn",
      "version": "1.0.91",
      "missing_criteria": [
        "safe-to-deploy"
      ]
    },
    {
      "name": "tempfile",
      "version": "3.3.0",
      "missing_criteria": [
        "safe-to-deploy"
      ]
    },
    {
      "name": "termcolor",
      "version": "1.1.3",
      "missing_criteria": [
        "safe-to-deploy"
      ]
    },
    {
      "name": "textwrap",
      "version": "0.15.0",
      "missing_criteria": [
        "safe-to-deploy"
      ]
    },
    {
      "name": "tinyvec",
      "version": "1.5.1",
      "missing_criteria": [
        "safe-to-deploy"
      ]
    },
    {
      "name": "tinyvec_macros",
      "version": "0.1.0",
      "missing_criteria": [
        "safe-to-deploy"
      ]
    },
    {
      "name": "tokio",
      "version": "1.17.0",
      "missing_criteria": [
        "safe-to-deploy"
      ]
    },
    {
      "name": "tokio-native-tls",
      "version": "0.3.0",
      "missing_criteria": [
        "safe-to-deploy"
      ]
    },
    {
      "name": "tokio-util",
      "version": "0.7.1",
      "missing_criteria": [
        "safe-to-deploy"
      ]
    },
    {
      "name": "tower-service",
      "version": "0.3.1",
      "missing_criteria": [
        "safe-to-deploy"
      ]
    },
    {
      "name": "tracing-attributes",
      "version": "0.1.20",
      "missing_criteria": [
        "safe-to-deploy"
      ]
    },
    {
      "name": "tracing-core",
      "version": "0.1.25",
      "missing_criteria": [
        "safe-to-deploy"
      ]
    },
    {
      "name": "try-lock",
      "version": "0.2.3",
      "missing_criteria": [
        "safe-to-deploy"
      ]
    },
    {
      "name": "unicode-bidi",
      "version": "0.3.7",
      "missing_criteria": [
        "safe-to-deploy"
      ]
    },
    {
      "name": "unicode-normalization",
      "version": "0.1.19",
      "missing_criteria": [
        "safe-to-deploy"
      ]
    },
    {
      "name": "unicode-xid",
      "version": "0.2.2",
      "missing_criteria": [
        "safe-to-deploy"
      ]
    },
    {
      "name": "url",
      "version": "2.2.2",
      "missing_criteria": [
        "safe-to-deploy"
      ]
    },
    {
      "name": "vcpkg",
      "version": "0.2.15",
      "missing_criteria": [
        "safe-to-deploy"
      ]
    },
    {
      "name": "want",
      "version": "0.3.0",
      "missing_criteria": [
        "safe-to-deploy"
      ]
    },
    {
      "name": "wasi",
      "version": "0.11.0+wasi-snapshot-preview1",
      "missing_criteria": [
        "safe-to-deploy"
      ]
    },
    {
      "name": "wasm-bindgen",
      "version": "0.2.80",
      "missing_criteria": [
        "safe-to-deploy"
      ]
    },
    {
      "name": "wasm-bindgen-backend",
      "version": "0.2.80",
      "missing_criteria": [
        "safe-to-deploy"
      ]
    },
    {
      "name": "wasm-bindgen-futures",
      "version": "0.4.30",
      "missing_criteria": [
        "safe-to-deploy"
      ]
    },
    {
      "name": "wasm-bindgen-macro",
      "version": "0.2.80",
      "missing_criteria": [
        "safe-to-deploy"
      ]
    },
    {
      "name": "wasm-bindgen-macro-support",
      "version": "0.2.80",
      "missing_criteria": [
        "safe-to-deploy"
      ]
    },
    {
      "name": "wasm-bindgen-shared",
      "version": "0.2.80",
      "missing_criteria": [
        "safe-to-deploy"
      ]
    },
    {
      "name": "web-sys",
      "version": "0.3.57",
      "missing_criteria": [
        "safe-to-deploy"
      ]
    },
    {
      "name": "winapi",
      "version": "0.3.9",
      "missing_criteria": [
        "safe-to-deploy"
      ]
    },
    {
      "name": "winapi-i686-pc-windows-gnu",
      "version": "0.4.0",
      "missing_criteria": [
        "safe-to-deploy"
      ]
    },
    {
      "name": "winapi-util",
      "version": "0.1.5",
      "missing_criteria": [
        "safe-to-deploy"
      ]
    },
    {
      "name": "winapi-x86_64-pc-windows-gnu",
      "version": "0.4.0",
      "missing_criteria": [
        "safe-to-deploy"
      ]
    },
    {
      "name": "winreg",
      "version": "0.10.1",
      "missing_criteria": [
        "safe-to-deploy"
      ]
    }
  ],
  "suggest": {
    "suggestions": [
      {
        "name": "proc-macro2",
        "notable_parents": "test-project",
        "suggested_criteria": [
          "safe-to-deploy"
        ],
        "suggested_diff": {
          "from": "1.0.37",
          "to": "1.0.37@git:4445659b0f753a928059244c875a58bb12f791e9",
          "diffstat": {
            "insertions": 63,
            "deletions": 7,
            "files_changed": 3
          }
        }
      },
      {
        "name": "tinyvec_macros",
        "notable_parents": "tinyvec",
        "suggested_criteria": [
          "safe-to-deploy"
        ],
        "suggested_diff": {
          "from": null,
          "to": "0.1.0",
          "diffstat": {
            "insertions": 81,
            "deletions": 0,
            "files_changed": 5
          }
        }
      },
      {
        "name": "matches",
        "notable_parents": "url, idna, and form_urlencoded",
        "suggested_criteria": [
          "safe-to-deploy"
        ],
        "suggested_diff": {
          "from": null,
          "to": "0.1.9",
          "diffstat": {
            "insertions": 210,
            "deletions": 0,
            "files_changed": 6
          }
        }
      },
      {
        "name": "foreign-types-shared",
        "notable_parents": "foreign-types",
        "suggested_criteria": [
          "safe-to-deploy"
        ],
        "suggested_diff": {
          "from": null,
          "to": "0.1.1",
          "diffstat": {
            "insertions": 302,
            "deletions": 0,
            "files_changed": 5
          }
        }
      },
      {
        "name": "try-lock",
        "notable_parents": "want",
        "suggested_criteria": [
          "safe-to-deploy"
        ],
        "suggested_diff": {
          "from": null,
          "to": "0.2.3",
          "diffstat": {
            "insertions": 380,
            "deletions": 0,
            "files_changed": 6
          }
        }
      },
      {
        "name": "openssl-probe",
        "notable_parents": "native-tls",
        "suggested_criteria": [
          "safe-to-deploy"
        ],
        "suggested_diff": {
          "from": null,
          "to": "0.1.5",
          "diffstat": {
            "insertions": 442,
            "deletions": 0,
            "files_changed": 9
          }
        }
      },
      {
        "name": "tower-service",
        "notable_parents": "hyper",
        "suggested_criteria": [
          "safe-to-deploy"
        ],
        "suggested_diff": {
          "from": null,
          "to": "0.3.1",
          "diffstat": {
            "insertions": 501,
            "deletions": 0,
            "files_changed": 6
          }
        }
      },
      {
        "name": "wasm-bindgen-shared",
        "notable_parents": "wasm-bindgen-backend and wasm-bindgen-macro-support",
        "suggested_criteria": [
          "safe-to-deploy"
        ],
        "suggested_diff": {
          "from": null,
          "to": "0.2.80",
          "diffstat": {
            "insertions": 515,
            "deletions": 0,
            "files_changed": 7
          }
        }
      },
      {
        "name": "pin-utils",
        "notable_parents": "futures-util",
        "suggested_criteria": [
          "safe-to-deploy"
        ],
        "suggested_diff": {
          "from": null,
          "to": "0.1.0",
          "diffstat": {
            "insertions": 538,
            "deletions": 0,
            "files_changed": 13
          }
        }
      },
      {
        "name": "futures-sink",
        "notable_parents": "h2 and tokio-util",
        "suggested_criteria": [
          "safe-to-deploy"
        ],
        "suggested_diff": {
          "from": null,
          "to": "0.3.21",
          "diffstat": {
            "insertions": 544,
            "deletions": 0,
            "files_changed": 6
          }
        }
      },
      {
        "name": "cfg-if",
        "notable_parents": "log, instant, openssl, and 6 others",
        "suggested_criteria": [
          "safe-to-deploy"
        ],
        "suggested_diff": {
          "from": null,
          "to": "0.1.10",
          "diffstat": {
            "insertions": 579,
            "deletions": 0,
            "files_changed": 9
          }
        }
      },
      {
        "name": "foreign-types",
        "notable_parents": "openssl",
        "suggested_criteria": [
          "safe-to-deploy"
        ],
        "suggested_diff": {
          "from": null,
          "to": "0.3.2",
          "diffstat": {
            "insertions": 583,
            "deletions": 0,
            "files_changed": 6
          }
        }
      },
      {
        "name": "remove_dir_all",
        "notable_parents": "tempfile",
        "suggested_criteria": [
          "safe-to-deploy"
        ],
        "suggested_diff": {
          "from": null,
          "to": "0.5.3",
          "diffstat": {
            "insertions": 592,
            "deletions": 0,
            "files_changed": 7
          }
        }
      },
      {
        "name": "instant",
        "notable_parents": "fastrand",
        "suggested_criteria": [
          "safe-to-deploy"
        ],
        "suggested_diff": {
          "from": null,
          "to": "0.1.12",
          "diffstat": {
            "insertions": 672,
            "deletions": 0,
            "files_changed": 12
          }
        }
      },
      {
        "name": "hyper-tls",
        "notable_parents": "reqwest",
        "suggested_criteria": [
          "safe-to-deploy"
        ],
        "suggested_diff": {
          "from": null,
          "to": "0.5.0",
          "diffstat": {
            "insertions": 673,
            "deletions": 0,
            "files_changed": 11
          }
        }
      },
      {
        "name": "form_urlencoded",
        "notable_parents": "url and serde_urlencoded",
        "suggested_criteria": [
          "safe-to-deploy"
        ],
        "suggested_diff": {
          "from": null,
          "to": "1.0.1",
          "diffstat": {
            "insertions": 689,
            "deletions": 0,
            "files_changed": 5
          }
        }
      },
      {
        "name": "want",
        "notable_parents": "hyper",
        "suggested_criteria": [
          "safe-to-deploy"
        ],
        "suggested_diff": {
          "from": null,
          "to": "0.3.0",
          "diffstat": {
            "insertions": 697,
            "deletions": 0,
            "files_changed": 7
          }
        }
      },
      {
        "name": "percent-encoding",
        "notable_parents": "url, reqwest, and form_urlencoded",
        "suggested_criteria": [
          "safe-to-deploy"
        ],
        "suggested_diff": {
          "from": null,
          "to": "2.1.0",
          "diffstat": {
            "insertions": 702,
            "deletions": 0,
            "files_changed": 5
          }
        }
      },
      {
        "name": "fnv",
        "notable_parents": "h2 and http",
        "suggested_criteria": [
          "safe-to-deploy"
        ],
        "suggested_diff": {
          "from": null,
          "to": "1.0.7",
          "diffstat": {
            "insertions": 730,
            "deletions": 0,
            "files_changed": 8
          }
        }
      },
      {
        "name": "itoa",
        "notable_parents": "http, hyper, serde_json, and 1 other",
        "suggested_criteria": [
          "safe-to-deploy"
        ],
        "suggested_diff": {
          "from": null,
          "to": "1.0.1",
          "diffstat": {
            "insertions": 789,
            "deletions": 0,
            "files_changed": 13
          }
        }
      },
      {
        "name": "lazy_static",
        "notable_parents": "reqwest, schannel, and 3 others",
        "suggested_criteria": [
          "safe-to-deploy"
        ],
        "suggested_diff": {
          "from": null,
          "to": "1.4.0",
          "diffstat": {
            "insertions": 876,
            "deletions": 0,
            "files_changed": 11
          }
        }
      },
      {
        "name": "hermit-abi",
        "notable_parents": "atty",
        "suggested_criteria": [
          "safe-to-run"
        ],
        "suggested_diff": {
          "from": null,
          "to": "0.1.19",
          "diffstat": {
            "insertions": 932,
            "deletions": 0,
            "files_changed": 9
          }
        }
      },
      {
        "name": "httpdate",
        "notable_parents": "hyper",
        "suggested_criteria": [
          "safe-to-deploy"
        ],
        "suggested_diff": {
          "from": null,
          "to": "1.0.2",
          "diffstat": {
            "insertions": 995,
            "deletions": 0,
            "files_changed": 10
          }
        }
      },
      {
        "name": "tokio-native-tls",
        "notable_parents": "reqwest and hyper-tls",
        "suggested_criteria": [
          "safe-to-deploy"
        ],
        "suggested_diff": {
          "from": null,
          "to": "0.3.0",
          "diffstat": {
            "insertions": 1089,
            "deletions": 0,
            "files_changed": 16
          }
        }
      },
      {
        "name": "winapi-util",
        "notable_parents": "termcolor",
        "suggested_criteria": [
          "safe-to-deploy"
        ],
        "suggested_diff": {
          "from": null,
          "to": "0.1.5",
          "diffstat": {
            "insertions": 1095,
            "deletions": 0,
            "files_changed": 13
          }
        }
      },
      {
        "name": "winapi-i686-pc-windows-gnu",
        "notable_parents": "winapi",
        "suggested_criteria": [
          "safe-to-deploy"
        ],
        "suggested_diff": {
          "from": null,
          "to": "0.4.0",
          "diffstat": {
            "insertions": 1132,
            "deletions": 0,
            "files_changed": 1391
          }
        }
      },
      {
        "name": "winapi-x86_64-pc-windows-gnu",
        "notable_parents": "winapi",
        "suggested_criteria": [
          "safe-to-deploy"
        ],
        "suggested_diff": {
          "from": null,
          "to": "0.4.0",
          "diffstat": {
            "insertions": 1167,
            "deletions": 0,
            "files_changed": 1420
          }
        }
      },
      {
        "name": "futures-core",
        "notable_parents": "h2, hyper, reqwest, and 3 others",
        "suggested_criteria": [
          "safe-to-deploy"
        ],
        "suggested_diff": {
          "from": null,
          "to": "0.3.21",
          "diffstat": {
            "insertions": 1175,
            "deletions": 0,
            "files_changed": 14
          }
        }
      },
      {
        "name": "futures-task",
        "notable_parents": "futures-util",
        "suggested_criteria": [
          "safe-to-deploy"
        ],
        "suggested_diff": {
          "from": null,
          "to": "0.3.21",
          "diffstat": {
            "insertions": 1180,
            "deletions": 0,
            "files_changed": 14
          }
        }
      },
      {
        "name": "http-body",
        "notable_parents": "hyper and reqwest",
        "suggested_criteria": [
          "safe-to-deploy"
        ],
        "suggested_diff": {
          "from": null,
          "to": "0.4.4",
          "diffstat": {
            "insertions": 1256,
            "deletions": 0,
            "files_changed": 17
          }
        }
      },
      {
        "name": "wasm-bindgen-macro",
        "notable_parents": "wasm-bindgen",
        "suggested_criteria": [
          "safe-to-deploy"
        ],
        "suggested_diff": {
          "from": null,
          "to": "0.2.80",
          "diffstat": {
            "insertions": 1274,
            "deletions": 0,
            "files_changed": 45
          }
        }
      },
      {
        "name": "wasm-bindgen-futures",
        "notable_parents": "reqwest",
        "suggested_criteria": [
          "safe-to-deploy"
        ],
        "suggested_diff": {
          "from": null,
          "to": "0.4.30",
          "diffstat": {
            "insertions": 1303,
            "deletions": 0,
            "files_changed": 12
          }
        }
      },
      {
        "name": "fastrand",
        "notable_parents": "tempfile",
        "suggested_criteria": [
          "safe-to-deploy"
        ],
        "suggested_diff": {
          "from": null,
          "to": "1.7.0",
          "diffstat": {
            "insertions": 1368,
            "deletions": 0,
            "files_changed": 10
          }
        }
      },
      {
        "name": "mime",
        "notable_parents": "reqwest",
        "suggested_criteria": [
          "safe-to-deploy"
        ],
        "suggested_diff": {
          "from": null,
          "to": "0.3.16",
          "diffstat": {
            "insertions": 1715,
            "deletions": 0,
            "files_changed": 13
          }
        }
      },
      {
        "name": "pkg-config",
        "notable_parents": "openssl-sys",
        "suggested_criteria": [
          "safe-to-deploy"
        ],
        "suggested_diff": {
          "from": null,
          "to": "0.3.25",
          "diffstat": {
            "insertions": 1747,
            "deletions": 0,
            "files_changed": 14
          }
        }
      },
      {
        "name": "core-foundation-sys",
        "notable_parents": "core-foundation and 2 others",
        "suggested_criteria": [
          "safe-to-deploy"
        ],
        "suggested_diff": {
          "from": null,
          "to": "0.8.3",
          "diffstat": {
            "insertions": 1965,
            "deletions": 0,
            "files_changed": 26
          }
        }
      },
      {
        "name": "wasm-bindgen-macro-support",
        "notable_parents": "wasm-bindgen-macro",
        "suggested_criteria": [
          "safe-to-deploy"
        ],
        "suggested_diff": {
          "from": null,
          "to": "0.2.80",
          "diffstat": {
            "insertions": 1965,
            "deletions": 0,
            "files_changed": 6
          }
        }
      },
      {
        "name": "security-framework-sys",
        "notable_parents": "native-tls and security-framework",
        "suggested_criteria": [
          "safe-to-deploy"
        ],
        "suggested_diff": {
          "from": null,
          "to": "2.6.1",
          "diffstat": {
            "insertions": 2016,
            "deletions": 0,
            "files_changed": 27
          }
        }
      },
      {
        "name": "unicode-xid",
        "notable_parents": "syn and proc-macro2",
        "suggested_criteria": [
          "safe-to-deploy"
        ],
        "suggested_diff": {
          "from": null,
          "to": "0.2.2",
          "diffstat": {
            "insertions": 2044,
            "deletions": 0,
            "files_changed": 12
          }
        }
      },
      {
        "name": "serde_urlencoded",
        "notable_parents": "reqwest",
        "suggested_criteria": [
          "safe-to-deploy"
        ],
        "suggested_diff": {
          "from": null,
          "to": "0.7.1",
          "diffstat": {
            "insertions": 2120,
            "deletions": 0,
            "files_changed": 17
          }
        }
      },
      {
        "name": "termcolor",
        "notable_parents": "clap",
        "suggested_criteria": [
          "safe-to-deploy"
        ],
        "suggested_diff": {
          "from": null,
          "to": "1.1.3",
          "diffstat": {
            "insertions": 2578,
            "deletions": 0,
            "files_changed": 10
          }
        }
      },
      {
        "name": "slab",
        "notable_parents": "h2",
        "suggested_criteria": [
          "safe-to-deploy"
        ],
        "suggested_diff": {
          "from": null,
          "to": "0.4.6",
          "diffstat": {
            "insertions": 2615,
            "deletions": 0,
            "files_changed": 9
          }
        }
      },
      {
        "name": "os_str_bytes",
        "notable_parents": "clap",
        "suggested_criteria": [
          "safe-to-deploy"
        ],
        "suggested_diff": {
          "from": null,
          "to": "6.0.0",
          "diffstat": {
            "insertions": 2911,
            "deletions": 0,
            "files_changed": 21
          }
        }
      },
      {
        "name": "wasm-bindgen-backend",
        "notable_parents": "wasm-bindgen-macro-support",
        "suggested_criteria": [
          "safe-to-deploy"
        ],
        "suggested_diff": {
          "from": null,
          "to": "0.2.80",
          "diffstat": {
            "insertions": 3018,
            "deletions": 0,
            "files_changed": 10
          }
        }
      },
      {
        "name": "miow",
        "notable_parents": "mio",
        "suggested_criteria": [
          "safe-to-deploy"
        ],
        "suggested_diff": {
          "from": null,
          "to": "0.3.7",
          "diffstat": {
            "insertions": 3129,
            "deletions": 0,
            "files_changed": 14
          }
        }
      },
      {
        "name": "unicode-bidi",
        "notable_parents": "idna",
        "suggested_criteria": [
          "safe-to-deploy"
        ],
        "suggested_diff": {
          "from": null,
          "to": "0.3.7",
          "diffstat": {
            "insertions": 3217,
            "deletions": 0,
            "files_changed": 20
          }
        }
      },
      {
        "name": "wasi",
        "notable_parents": "mio",
        "suggested_criteria": [
          "safe-to-deploy"
        ],
        "suggested_diff": {
          "from": null,
          "to": "0.11.0+wasi-snapshot-preview1",
          "diffstat": {
            "insertions": 3302,
            "deletions": 0,
            "files_changed": 15
          }
        }
      },
      {
        "name": "native-tls",
        "notable_parents": "reqwest, hyper-tls, and tokio-native-tls",
        "suggested_criteria": [
          "safe-to-deploy"
        ],
        "suggested_diff": {
          "from": null,
          "to": "0.2.10",
          "diffstat": {
            "insertions": 3715,
            "deletions": 0,
            "files_changed": 18
          }
        }
      },
      {
        "name": "once_cell",
        "notable_parents": "openssl",
        "suggested_criteria": [
          "safe-to-deploy"
        ],
        "suggested_diff": {
          "from": null,
          "to": "1.10.0",
          "diffstat": {
            "insertions": 3766,
            "deletions": 0,
            "files_changed": 21
          }
        }
      },
      {
        "name": "quote",
        "notable_parents": "syn, tracing-attributes, and 3 others",
        "suggested_criteria": [
          "safe-to-deploy"
        ],
        "suggested_diff": {
          "from": null,
          "to": "1.0.18",
          "diffstat": {
            "insertions": 3838,
            "deletions": 0,
            "files_changed": 33
          }
        }
      },
      {
        "name": "redox_syscall",
        "notable_parents": "tempfile",
        "suggested_criteria": [
          "safe-to-deploy"
        ],
        "suggested_diff": {
          "from": null,
          "to": "0.2.13",
          "diffstat": {
            "insertions": 3890,
            "deletions": 0,
            "files_changed": 30
          }
        }
      },
      {
        "name": "winreg",
        "notable_parents": "reqwest",
        "suggested_criteria": [
          "safe-to-deploy"
        ],
        "suggested_diff": {
          "from": null,
          "to": "0.10.1",
          "diffstat": {
            "insertions": 3920,
            "deletions": 0,
            "files_changed": 26
          }
        }
      },
      {
        "name": "core-foundation",
        "notable_parents": "security-framework",
        "suggested_criteria": [
          "safe-to-deploy"
        ],
        "suggested_diff": {
          "from": null,
          "to": "0.9.3",
          "diffstat": {
            "insertions": 3953,
            "deletions": 0,
            "files_changed": 26
          }
        }
      },
      {
        "name": "tracing-attributes",
        "notable_parents": "tracing",
        "suggested_criteria": [
          "safe-to-deploy"
        ],
        "suggested_diff": {
          "from": null,
          "to": "0.1.20",
          "diffstat": {
            "insertions": 3957,
            "deletions": 0,
            "files_changed": 18
          }
        }
      },
      {
        "name": "ipnet",
        "notable_parents": "reqwest",
        "suggested_criteria": [
          "safe-to-deploy"
        ],
        "suggested_diff": {
          "from": null,
          "to": "2.4.0",
          "diffstat": {
            "insertions": 3973,
            "deletions": 0,
            "files_changed": 13
          }
        }
      },
      {
        "name": "futures-channel",
        "notable_parents": "hyper",
        "suggested_criteria": [
          "safe-to-deploy"
        ],
        "suggested_diff": {
          "from": null,
          "to": "0.3.21",
          "diffstat": {
            "insertions": 3992,
            "deletions": 0,
            "files_changed": 18
          }
        }
      },
      {
        "name": "tempfile",
        "notable_parents": "native-tls",
        "suggested_criteria": [
          "safe-to-deploy"
        ],
        "suggested_diff": {
          "from": null,
          "to": "3.3.0",
          "diffstat": {
            "insertions": 4059,
            "deletions": 0,
            "files_changed": 22
          }
        }
      },
      {
        "name": "ryu",
        "notable_parents": "serde_json and serde_urlencoded",
        "suggested_criteria": [
          "safe-to-deploy"
        ],
        "suggested_diff": {
          "from": null,
          "to": "1.0.9",
          "diffstat": {
            "insertions": 4362,
            "deletions": 0,
            "files_changed": 34
          }
        }
      },
      {
        "name": "schannel",
        "notable_parents": "native-tls",
        "suggested_criteria": [
          "safe-to-deploy"
        ],
        "suggested_diff": {
          "from": null,
          "to": "0.1.19",
          "diffstat": {
            "insertions": 4601,
            "deletions": 0,
            "files_changed": 32
          }
        }
      },
      {
        "name": "textwrap",
        "notable_parents": "clap",
        "suggested_criteria": [
          "safe-to-deploy"
        ],
        "suggested_diff": {
          "from": null,
          "to": "0.15.0",
          "diffstat": {
            "insertions": 5196,
            "deletions": 0,
            "files_changed": 15
          }
        }
      },
      {
        "name": "log",
        "notable_parents": "mio, want, reqwest, native-tls, and 1 other",
        "suggested_criteria": [
          "safe-to-deploy"
        ],
        "suggested_diff": {
          "from": null,
          "to": "0.4.16",
          "diffstat": {
            "insertions": 5625,
            "deletions": 0,
            "files_changed": 19
          }
        }
      },
      {
        "name": "proc-macro2",
        "notable_parents": "syn, quote, test-project, and 3 others",
        "suggested_criteria": [
          "safe-to-deploy"
        ],
        "suggested_diff": {
          "from": null,
          "to": "1.0.37",
          "diffstat": {
            "insertions": 5695,
            "deletions": 0,
            "files_changed": 20
          }
        }
      },
      {
        "name": "socket2",
        "notable_parents": "hyper and tokio",
        "suggested_criteria": [
          "safe-to-deploy"
        ],
        "suggested_diff": {
          "from": null,
          "to": "0.4.4",
          "diffstat": {
            "insertions": 6011,
            "deletions": 0,
            "files_changed": 11
          }
        }
      },
      {
        "name": "pin-project-lite",
        "notable_parents": "hyper, tokio, reqwest, and 4 others",
        "suggested_criteria": [
          "safe-to-deploy"
        ],
        "suggested_diff": {
          "from": null,
          "to": "0.2.8",
          "diffstat": {
            "insertions": 6100,
            "deletions": 0,
            "files_changed": 70
          }
        }
      },
      {
        "name": "tracing-core",
        "notable_parents": "tracing",
        "suggested_criteria": [
          "safe-to-deploy"
        ],
        "suggested_diff": {
          "from": null,
          "to": "0.1.25",
          "diffstat": {
            "insertions": 6156,
            "deletions": 0,
            "files_changed": 26
          }
        }
      },
      {
        "name": "cc",
        "notable_parents": "openssl-sys",
        "suggested_criteria": [
          "safe-to-deploy"
        ],
        "suggested_diff": {
          "from": null,
          "to": "1.0.73",
          "diffstat": {
            "insertions": 6554,
            "deletions": 0,
            "files_changed": 19
          }
        }
      },
      {
        "name": "httparse",
        "notable_parents": "hyper",
        "suggested_criteria": [
          "safe-to-deploy"
        ],
        "suggested_diff": {
          "from": null,
          "to": "1.7.0",
          "diffstat": {
            "insertions": 7258,
            "deletions": 0,
            "files_changed": 18
          }
        }
      },
      {
        "name": "memchr",
        "notable_parents": "tokio and os_str_bytes",
        "suggested_criteria": [
          "safe-to-deploy"
        ],
        "suggested_diff": {
          "from": null,
          "to": "2.4.1",
          "diffstat": {
            "insertions": 8712,
            "deletions": 0,
            "files_changed": 46
          }
        }
      },
      {
        "name": "bytes",
        "notable_parents": "h2, http, hyper, tokio, and 4 others",
        "suggested_criteria": [
          "safe-to-deploy"
        ],
        "suggested_diff": {
          "from": null,
          "to": "1.1.0",
          "diffstat": {
            "insertions": 9207,
            "deletions": 0,
            "files_changed": 43
          }
        }
      },
      {
        "name": "security-framework",
        "notable_parents": "native-tls",
        "suggested_criteria": [
          "safe-to-deploy"
        ],
        "suggested_diff": {
          "from": null,
          "to": "2.6.1",
          "diffstat": {
            "insertions": 9316,
            "deletions": 0,
            "files_changed": 42
          }
        }
      },
      {
        "name": "indexmap",
        "notable_parents": "h2 and clap",
        "suggested_criteria": [
          "safe-to-deploy"
        ],
        "suggested_diff": {
          "from": null,
          "to": "1.8.1",
          "diffstat": {
            "insertions": 9445,
            "deletions": 0,
            "files_changed": 31
          }
        }
      },
      {
        "name": "openssl-sys",
        "notable_parents": "openssl and native-tls",
        "suggested_criteria": [
          "safe-to-deploy"
        ],
        "suggested_diff": {
          "from": null,
          "to": "0.9.72",
          "diffstat": {
            "insertions": 9477,
            "deletions": 0,
            "files_changed": 46
          }
        }
      },
      {
        "name": "bumpalo",
        "notable_parents": "wasm-bindgen-backend",
        "suggested_criteria": [
          "safe-to-deploy"
        ],
        "suggested_diff": {
          "from": null,
          "to": "3.9.1",
          "diffstat": {
            "insertions": 10099,
            "deletions": 0,
            "files_changed": 17
          }
        }
      },
      {
        "name": "mio",
        "notable_parents": "tokio",
        "suggested_criteria": [
          "safe-to-deploy"
        ],
        "suggested_diff": {
          "from": null,
          "to": "0.8.2",
          "diffstat": {
            "insertions": 11719,
            "deletions": 0,
            "files_changed": 62
          }
        }
      },
      {
        "name": "js-sys",
        "notable_parents": "reqwest, web-sys, and 1 other",
        "suggested_criteria": [
          "safe-to-deploy"
        ],
        "suggested_diff": {
          "from": null,
          "to": "0.3.57",
          "diffstat": {
            "insertions": 12874,
            "deletions": 0,
            "files_changed": 62
          }
        }
      },
      {
        "name": "tokio-util",
        "notable_parents": "h2",
        "suggested_criteria": [
          "safe-to-deploy"
        ],
        "suggested_diff": {
          "from": null,
          "to": "0.7.1",
          "diffstat": {
            "insertions": 13870,
            "deletions": 0,
            "files_changed": 65
          }
        }
      },
      {
        "name": "hashbrown",
        "notable_parents": "indexmap",
        "suggested_criteria": [
          "safe-to-deploy"
        ],
        "suggested_diff": {
          "from": null,
          "to": "0.11.2",
          "diffstat": {
            "insertions": 14603,
            "deletions": 0,
            "files_changed": 31
          }
        }
      },
      {
        "name": "url",
        "notable_parents": "reqwest",
        "suggested_criteria": [
          "safe-to-deploy"
        ],
        "suggested_diff": {
          "from": null,
          "to": "2.2.2",
          "diffstat": {
            "insertions": 16344,
            "deletions": 0,
            "files_changed": 15
          }
        }
      },
      {
        "name": "tinyvec",
        "notable_parents": "unicode-normalization",
        "suggested_criteria": [
          "safe-to-deploy"
        ],
        "suggested_diff": {
          "from": null,
          "to": "1.5.1",
          "diffstat": {
            "insertions": 16751,
            "deletions": 0,
            "files_changed": 25
          }
        }
      },
      {
        "name": "http",
        "notable_parents": "h2, hyper, reqwest, and http-body",
        "suggested_criteria": [
          "safe-to-deploy"
        ],
        "suggested_diff": {
          "from": null,
          "to": "0.2.6",
          "diffstat": {
            "insertions": 16819,
            "deletions": 0,
            "files_changed": 39
          }
        }
      },
      {
        "name": "reqwest",
        "notable_parents": "test-project",
        "suggested_criteria": [
          "safe-to-deploy"
        ],
        "suggested_diff": {
          "from": null,
          "to": "0.11.10",
          "diffstat": {
            "insertions": 19797,
            "deletions": 0,
            "files_changed": 60
          }
        }
      },
      {
        "name": "wasm-bindgen",
        "notable_parents": "js-sys, reqwest, web-sys, and 1 other",
        "suggested_criteria": [
          "safe-to-deploy"
        ],
        "suggested_diff": {
          "from": null,
          "to": "0.2.80",
          "diffstat": {
            "insertions": 20977,
            "deletions": 0,
            "files_changed": 242
          }
        }
      },
      {
        "name": "ntapi",
        "notable_parents": "mio",
        "suggested_criteria": [
          "safe-to-deploy"
        ],
        "suggested_diff": {
          "from": null,
          "to": "0.3.7",
          "diffstat": {
            "insertions": 21227,
            "deletions": 0,
            "files_changed": 42
          }
        }
      },
      {
        "name": "serde_json",
        "notable_parents": "reqwest and test-project",
        "suggested_criteria": [
          "safe-to-deploy"
        ],
        "suggested_diff": {
          "from": null,
          "to": "1.0.79",
          "diffstat": {
            "insertions": 22848,
            "deletions": 0,
            "files_changed": 86
          }
        }
      },
      {
        "name": "hyper",
        "notable_parents": "reqwest and hyper-tls",
        "suggested_criteria": [
          "safe-to-deploy"
        ],
        "suggested_diff": {
          "from": null,
          "to": "0.14.18",
          "diffstat": {
            "insertions": 24841,
            "deletions": 0,
            "files_changed": 69
          }
        }
      },
      {
        "name": "futures-util",
        "notable_parents": "h2, hyper, and reqwest",
        "suggested_criteria": [
          "safe-to-deploy"
        ],
        "suggested_diff": {
          "from": null,
          "to": "0.3.21",
          "diffstat": {
            "insertions": 25067,
            "deletions": 0,
            "files_changed": 185
          }
        }
      },
      {
        "name": "h2",
        "notable_parents": "hyper and reqwest",
        "suggested_criteria": [
          "safe-to-deploy"
        ],
        "suggested_diff": {
          "from": null,
          "to": "0.3.13",
          "diffstat": {
            "insertions": 25417,
            "deletions": 0,
            "files_changed": 63
          }
        }
      },
      {
        "name": "openssl",
        "notable_parents": "native-tls",
        "suggested_criteria": [
          "safe-to-deploy"
        ],
        "suggested_diff": {
          "from": null,
          "to": "0.10.38",
          "diffstat": {
            "insertions": 28435,
            "deletions": 0,
            "files_changed": 82
          }
        }
      },
      {
        "name": "syn",
        "notable_parents": "tracing-attributes and 2 others",
        "suggested_criteria": [
          "safe-to-deploy"
        ],
        "suggested_diff": {
          "from": "1.0.0",
          "to": "1.0.91",
          "diffstat": {
            "insertions": 21772,
            "deletions": 6698,
            "files_changed": 92
          }
        }
      },
      {
        "name": "unicode-normalization",
        "notable_parents": "idna",
        "suggested_criteria": [
          "safe-to-deploy"
        ],
        "suggested_diff": {
          "from": null,
          "to": "0.1.19",
          "diffstat": {
            "insertions": 28622,
            "deletions": 0,
            "files_changed": 24
          }
        }
      },
      {
        "name": "idna",
        "notable_parents": "url",
        "suggested_criteria": [
          "safe-to-deploy"
        ],
        "suggested_diff": {
          "from": null,
          "to": "0.2.3",
          "diffstat": {
            "insertions": 32532,
            "deletions": 0,
            "files_changed": 17
          }
        }
      },
      {
        "name": "vcpkg",
        "notable_parents": "openssl-sys",
        "suggested_criteria": [
          "safe-to-deploy"
        ],
        "suggested_diff": {
          "from": null,
          "to": "0.2.15",
          "diffstat": {
            "insertions": 42642,
            "deletions": 0,
            "files_changed": 832
          }
        }
      },
      {
        "name": "tokio",
        "notable_parents": "h2, hyper, reqwest, hyper-tls, and 3 others",
        "suggested_criteria": [
          "safe-to-deploy"
        ],
        "suggested_diff": {
          "from": null,
          "to": "1.17.0",
          "diffstat": {
            "insertions": 91271,
            "deletions": 0,
            "files_changed": 403
          }
        }
      },
      {
        "name": "libc",
        "notable_parents": "mio, atty, tokio, openssl, and 8 others",
        "suggested_criteria": [
          "safe-to-deploy"
        ],
        "suggested_diff": {
          "from": null,
          "to": "0.2.123",
          "diffstat": {
            "insertions": 94060,
            "deletions": 0,
            "files_changed": 215
          }
        }
      },
      {
        "name": "winapi",
        "notable_parents": "mio, atty, miow, ntapi, tokio, and 6 others",
        "suggested_criteria": [
          "safe-to-deploy"
        ],
        "suggested_diff": {
          "from": null,
          "to": "0.3.9",
          "diffstat": {
            "insertions": 181323,
            "deletions": 0,
            "files_changed": 410
          }
        }
      },
      {
        "name": "web-sys",
        "notable_parents": "reqwest and wasm-bindgen-futures",
        "suggested_criteria": [
          "safe-to-deploy"
        ],
        "suggested_diff": {
          "from": null,
          "to": "0.3.57",
          "diffstat": {
            "insertions": 197013,
            "deletions": 0,
            "files_changed": 2202
          }
        }
      },
      {
        "name": "encoding_rs",
        "notable_parents": "reqwest",
        "suggested_criteria": [
          "safe-to-deploy"
        ],
        "suggested_diff": {
          "from": null,
          "to": "0.8.31",
          "diffstat": {
            "insertions": 507245,
            "deletions": 0,
            "files_changed": 102
          }
        }
      }
    ],
    "suggest_by_criteria": {
      "safe-to-deploy (or audited)": [
        {
          "name": "proc-macro2",
          "notable_parents": "test-project",
          "suggested_criteria": [
            "safe-to-deploy"
          ],
          "suggested_diff": {
            "from": "1.0.37",
            "to": "1.0.37@git:4445659b0f753a928059244c875a58bb12f791e9",
            "diffstat": {
              "insertions": 63,
              "deletions": 7,
              "files_changed": 3
            }
          }
        },
        {
          "name": "tinyvec_macros",
          "notable_parents": "tinyvec",
          "suggested_criteria": [
            "safe-to-deploy"
          ],
          "suggested_diff": {
            "from": null,
            "to": "0.1.0",
            "diffstat": {
              "insertions": 81,
              "deletions": 0,
              "files_changed": 5
            }
          }
        },
        {
          "name": "matches",
          "notable_parents": "url, idna, and form_urlencoded",
          "suggested_criteria": [
            "safe-to-deploy"
          ],
          "suggested_diff": {
            "from": null,
            "to": "0.1.9",
            "diffstat": {
              "insertions": 210,
              "deletions": 0,
              "files_changed": 6
            }
          }
        },
        {
          "name": "foreign-types-shared",
          "notable_parents": "foreign-types",
          "suggested_criteria": [
            "safe-to-deploy"
          ],
          "suggested_diff": {
            "from": null,
            "to": "0.1.1",
            "diffstat": {
              "insertions": 302,
              "deletions": 0,
              "files_changed": 5
            }
          }
        },
        {
          "name": "try-lock",
          "notable_parents": "want",
          "suggested_criteria": [
            "safe-to-deploy"
          ],
          "suggested_diff": {
            "from": null,
            "to": "0.2.3",
            "diffstat": {
              "insertions": 380,
              "deletions": 0,
              "files_changed": 6
            }
          }
        },
        {
          "name": "openssl-probe",
          "notable_parents": "native-tls",
          "suggested_criteria": [
            "safe-to-deploy"
          ],
          "suggested_diff": {
            "from": null,
            "to": "0.1.5",
            "diffstat": {
              "insertions": 442,
              "deletions": 0,
              "files_changed": 9
            }
          }
        },
        {
          "name": "tower-service",
          "notable_parents": "hyper",
          "suggested_criteria": [
            "safe-to-deploy"
          ],
          "suggested_diff": {
            "from": null,
            "to": "0.3.1",
            "diffstat": {
              "insertions": 501,
              "deletions": 0,
              "files_changed": 6
            }
          }
        },
        {
          "name": "wasm-bindgen-shared",
          "notable_parents": "wasm-bindgen-backend and wasm-bindgen-macro-support",
          "suggested_criteria": [
            "safe-to-deploy"
          ],
          "suggested_diff": {
            "from": null,
            "to": "0.2.80",
            "diffstat": {
              "insertions": 515,
              "deletions": 0,
              "files_changed": 7
            }
          }
        },
        {
          "name": "pin-utils",
          "notable_parents": "futures-util",
          "suggested_criteria": [
            "safe-to-deploy"
          ],
          "suggested_diff": {
            "from": null,
            "to": "0.1.0",
            "diffstat": {
              "insertions": 538,
              "deletions": 0,
              "files_changed": 13
            }
          }
        },
        {
          "name": "futures-sink",
          "notable_parents": "h2 and tokio-util",
          "suggested_criteria": [
            "safe-to-deploy"
          ],
          "suggested_diff": {
            "from": null,
            "to": "0.3.21",
            "diffstat": {
              "insertions": 544,
              "deletions": 0,
              "files_changed": 6
            }
          }
        },
        {
          "name": "cfg-if",
          "notable_parents": "log, instant, openssl, and 6 others",
          "suggested_criteria": [
            "safe-to-deploy"
          ],
          "suggested_diff": {
            "from": null,
            "to": "0.1.10",
            "diffstat": {
              "insertions": 579,
              "deletions": 0,
              "files_changed": 9
            }
          }
        },
        {
          "name": "foreign-types",
          "notable_parents": "openssl",
          "suggested_criteria": [
            "safe-to-deploy"
          ],
          "suggested_diff": {
            "from": null,
            "to": "0.3.2",
            "diffstat": {
              "insertions": 583,
              "deletions": 0,
              "files_changed": 6
            }
          }
        },
        {
          "name": "remove_dir_all",
          "notable_parents": "tempfile",
          "suggested_criteria": [
            "safe-to-deploy"
          ],
          "suggested_diff": {
            "from": null,
            "to": "0.5.3",
            "diffstat": {
              "insertions": 592,
              "deletions": 0,
              "files_changed": 7
            }
          }
        },
        {
          "name": "instant",
          "notable_parents": "fastrand",
          "suggested_criteria": [
            "safe-to-deploy"
          ],
          "suggested_diff": {
            "from": null,
            "to": "0.1.12",
            "diffstat": {
              "insertions": 672,
              "deletions": 0,
              "files_changed": 12
            }
          }
        },
        {
          "name": "hyper-tls",
          "notable_parents": "reqwest",
          "suggested_criteria": [
            "safe-to-deploy"
          ],
          "suggested_diff": {
            "from": null,
            "to": "0.5.0",
            "diffstat": {
              "insertions": 673,
              "deletions": 0,
              "files_changed": 11
            }
          }
        },
        {
          "name": "form_urlencoded",
          "notable_parents": "url and serde_urlencoded",
          "suggested_criteria": [
            "safe-to-deploy"
          ],
          "suggested_diff": {
            "from": null,
            "to": "1.0.1",
            "diffstat": {
              "insertions": 689,
              "deletions": 0,
              "files_changed": 5
            }
          }
        },
        {
          "name": "want",
          "notable_parents": "hyper",
          "suggested_criteria": [
            "safe-to-deploy"
          ],
          "suggested_diff": {
            "from": null,
            "to": "0.3.0",
            "diffstat": {
              "insertions": 697,
              "deletions": 0,
              "files_changed": 7
            }
          }
        },
        {
          "name": "percent-encoding",
          "notable_parents": "url, reqwest, and form_urlencoded",
          "suggested_criteria": [
            "safe-to-deploy"
          ],
          "suggested_diff": {
            "from": null,
            "to": "2.1.0",
            "diffstat": {
              "insertions": 702,
              "deletions": 0,
              "files_changed": 5
            }
          }
        },
        {
          "name": "fnv",
          "notable_parents": "h2 and http",
          "suggested_criteria": [
            "safe-to-deploy"
          ],
          "suggested_diff": {
            "from": null,
            "to": "1.0.7",
            "diffstat": {
              "insertions": 730,
              "deletions": 0,
              "files_changed": 8
            }
          }
        },
        {
          "name": "itoa",
          "notable_parents": "http, hyper, serde_json, and 1 other",
          "suggested_criteria": [
            "safe-to-deploy"
          ],
          "suggested_diff": {
            "from": null,
            "to": "1.0.1",
            "diffstat": {
              "insertions": 789,
              "deletions": 0,
              "files_changed": 13
            }
          }
        },
        {
          "name": "lazy_static",
          "notable_parents": "reqwest, schannel, and 3 others",
          "suggested_criteria": [
            "safe-to-deploy"
          ],
          "suggested_diff": {
            "from": null,
            "to": "1.4.0",
            "diffstat": {
              "insertions": 876,
              "deletions": 0,
              "files_changed": 11
            }
          }
        },
        {
          "name": "httpdate",
          "notable_parents": "hyper",
          "suggested_criteria": [
            "safe-to-deploy"
          ],
          "suggested_diff": {
            "from": null,
            "to": "1.0.2",
            "diffstat": {
              "insertions": 995,
              "deletions": 0,
              "files_changed": 10
            }
          }
        },
        {
          "name": "tokio-native-tls",
          "notable_parents": "reqwest and hyper-tls",
          "suggested_criteria": [
            "safe-to-deploy"
          ],
          "suggested_diff": {
            "from": null,
            "to": "0.3.0",
            "diffstat": {
              "insertions": 1089,
              "deletions": 0,
              "files_changed": 16
            }
          }
        },
        {
          "name": "winapi-util",
          "notable_parents": "termcolor",
          "suggested_criteria": [
            "safe-to-deploy"
          ],
          "suggested_diff": {
            "from": null,
            "to": "0.1.5",
            "diffstat": {
              "insertions": 1095,
              "deletions": 0,
              "files_changed": 13
            }
          }
        },
        {
          "name": "winapi-i686-pc-windows-gnu",
          "notable_parents": "winapi",
          "suggested_criteria": [
            "safe-to-deploy"
          ],
          "suggested_diff": {
            "from": null,
            "to": "0.4.0",
            "diffstat": {
              "insertions": 1132,
              "deletions": 0,
              "files_changed": 1391
            }
          }
        },
        {
          "name": "winapi-x86_64-pc-windows-gnu",
          "notable_parents": "winapi",
          "suggested_criteria": [
            "safe-to-deploy"
          ],
          "suggested_diff": {
            "from": null,
            "to": "0.4.0",
            "diffstat": {
              "insertions": 1167,
              "deletions": 0,
              "files_changed": 1420
            }
          }
        },
        {
          "name": "futures-core",
          "notable_parents": "h2, hyper, reqwest, and 3 others",
          "suggested_criteria": [
            "safe-to-deploy"
          ],
          "suggested_diff": {
            "from": null,
            "to": "0.3.21",
            "diffstat": {
              "insertions": 1175,
              "deletions": 0,
              "files_changed": 14
            }
          }
        },
        {
          "name": "futures-task",
          "notable_parents": "futures-util",
          "suggested_criteria": [
            "safe-to-deploy"
          ],
          "suggested_diff": {
            "from": null,
            "to": "0.3.21",
            "diffstat": {
              "insertions": 1180,
              "deletions": 0,
              "files_changed": 14
            }
          }
        },
        {
          "name": "http-body",
          "notable_parents": "hyper and reqwest",
          "suggested_criteria": [
            "safe-to-deploy"
          ],
          "suggested_diff": {
            "from": null,
            "to": "0.4.4",
            "diffstat": {
              "insertions": 1256,
              "deletions": 0,
              "files_changed": 17
            }
          }
        },
        {
          "name": "wasm-bindgen-macro",
          "notable_parents": "wasm-bindgen",
          "suggested_criteria": [
            "safe-to-deploy"
          ],
          "suggested_diff": {
            "from": null,
            "to": "0.2.80",
            "diffstat": {
              "insertions": 1274,
              "deletions": 0,
              "files_changed": 45
            }
          }
        },
        {
          "name": "wasm-bindgen-futures",
          "notable_parents": "reqwest",
          "suggested_criteria": [
            "safe-to-deploy"
          ],
          "suggested_diff": {
            "from": null,
            "to": "0.4.30",
            "diffstat": {
              "insertions": 1303,
              "deletions": 0,
              "files_changed": 12
            }
          }
        },
        {
          "name": "fastrand",
          "notable_parents": "tempfile",
          "suggested_criteria": [
            "safe-to-deploy"
          ],
          "suggested_diff": {
            "from": null,
            "to": "1.7.0",
            "diffstat": {
              "insertions": 1368,
              "deletions": 0,
              "files_changed": 10
            }
          }
        },
        {
          "name": "mime",
          "notable_parents": "reqwest",
          "suggested_criteria": [
            "safe-to-deploy"
          ],
          "suggested_diff": {
            "from": null,
            "to": "0.3.16",
            "diffstat": {
              "insertions": 1715,
              "deletions": 0,
              "files_changed": 13
            }
          }
        },
        {
          "name": "pkg-config",
          "notable_parents": "openssl-sys",
          "suggested_criteria": [
            "safe-to-deploy"
          ],
          "suggested_diff": {
            "from": null,
            "to": "0.3.25",
            "diffstat": {
              "insertions": 1747,
              "deletions": 0,
              "files_changed": 14
            }
          }
        },
        {
          "name": "core-foundation-sys",
          "notable_parents": "core-foundation and 2 others",
          "suggested_criteria": [
            "safe-to-deploy"
          ],
          "suggested_diff": {
            "from": null,
            "to": "0.8.3",
            "diffstat": {
              "insertions": 1965,
              "deletions": 0,
              "files_changed": 26
            }
          }
        },
        {
          "name": "wasm-bindgen-macro-support",
          "notable_parents": "wasm-bindgen-macro",
          "suggested_criteria": [
            "safe-to-deploy"
          ],
          "suggested_diff": {
            "from": null,
            "to": "0.2.80",
            "diffstat": {
              "insertions": 1965,
              "deletions": 0,
              "files_changed": 6
            }
          }
        },
        {
          "name": "security-framework-sys",
          "notable_parents": "native-tls and security-framework",
          "suggested_criteria": [
            "safe-to-deploy"
          ],
          "suggested_diff": {
            "from": null,
            "to": "2.6.1",
            "diffstat": {
              "insertions": 2016,
              "deletions": 0,
              "files_changed": 27
            }
          }
        },
        {
          "name": "unicode-xid",
          "notable_parents": "syn and proc-macro2",
          "suggested_criteria": [
            "safe-to-deploy"
          ],
          "suggested_diff": {
            "from": null,
            "to": "0.2.2",
            "diffstat": {
              "insertions": 2044,
              "deletions": 0,
              "files_changed": 12
            }
          }
        },
        {
          "name": "serde_urlencoded",
          "notable_parents": "reqwest",
          "suggested_criteria": [
            "safe-to-deploy"
          ],
          "suggested_diff": {
            "from": null,
            "to": "0.7.1",
            "diffstat": {
              "insertions": 2120,
              "deletions": 0,
              "files_changed": 17
            }
          }
        },
        {
          "name": "termcolor",
          "notable_parents": "clap",
          "suggested_criteria": [
            "safe-to-deploy"
          ],
          "suggested_diff": {
            "from": null,
            "to": "1.1.3",
            "diffstat": {
              "insertions": 2578,
              "deletions": 0,
              "files_changed": 10
            }
          }
        },
        {
          "name": "slab",
          "notable_parents": "h2",
          "suggested_criteria": [
            "safe-to-deploy"
          ],
          "suggested_diff": {
            "from": null,
            "to": "0.4.6",
            "diffstat": {
              "insertions": 2615,
              "deletions": 0,
              "files_changed": 9
            }
          }
        },
        {
          "name": "os_str_bytes",
          "notable_parents": "clap",
          "suggested_criteria": [
            "safe-to-deploy"
          ],
          "suggested_diff": {
            "from": null,
            "to": "6.0.0",
            "diffstat": {
              "insertions": 2911,
              "deletions": 0,
              "files_changed": 21
            }
          }
        },
        {
          "name": "wasm-bindgen-backend",
          "notable_parents": "wasm-bindgen-macro-support",
          "suggested_criteria": [
            "safe-to-deploy"
          ],
          "suggested_diff": {
            "from": null,
            "to": "0.2.80",
            "diffstat": {
              "insertions": 3018,
              "deletions": 0,
              "files_changed": 10
            }
          }
        },
        {
          "name": "miow",
          "notable_parents": "mio",
          "suggested_criteria": [
            "safe-to-deploy"
          ],
          "suggested_diff": {
            "from": null,
            "to": "0.3.7",
            "diffstat": {
              "insertions": 3129,
              "deletions": 0,
              "files_changed": 14
            }
          }
        },
        {
          "name": "unicode-bidi",
          "notable_parents": "idna",
          "suggested_criteria": [
            "safe-to-deploy"
          ],
          "suggested_diff": {
            "from": null,
            "to": "0.3.7",
            "diffstat": {
              "insertions": 3217,
              "deletions": 0,
              "files_changed": 20
            }
          }
        },
        {
          "name": "wasi",
          "notable_parents": "mio",
          "suggested_criteria": [
            "safe-to-deploy"
          ],
          "suggested_diff": {
            "from": null,
            "to": "0.11.0+wasi-snapshot-preview1",
            "diffstat": {
              "insertions": 3302,
              "deletions": 0,
              "files_changed": 15
            }
          }
        },
        {
          "name": "native-tls",
          "notable_parents": "reqwest, hyper-tls, and tokio-native-tls",
          "suggested_criteria": [
            "safe-to-deploy"
          ],
          "suggested_diff": {
            "from": null,
            "to": "0.2.10",
            "diffstat": {
              "insertions": 3715,
              "deletions": 0,
              "files_changed": 18
            }
          }
        },
        {
          "name": "once_cell",
          "notable_parents": "openssl",
          "suggested_criteria": [
            "safe-to-deploy"
          ],
          "suggested_diff": {
            "from": null,
            "to": "1.10.0",
            "diffstat": {
              "insertions": 3766,
              "deletions": 0,
              "files_changed": 21
            }
          }
        },
        {
          "name": "quote",
          "notable_parents": "syn, tracing-attributes, and 3 others",
          "suggested_criteria": [
            "safe-to-deploy"
          ],
          "suggested_diff": {
            "from": null,
            "to": "1.0.18",
            "diffstat": {
              "insertions": 3838,
              "deletions": 0,
              "files_changed": 33
            }
          }
        },
        {
          "name": "redox_syscall",
          "notable_parents": "tempfile",
          "suggested_criteria": [
            "safe-to-deploy"
          ],
          "suggested_diff": {
            "from": null,
            "to": "0.2.13",
            "diffstat": {
              "insertions": 3890,
              "deletions": 0,
              "files_changed": 30
            }
          }
        },
        {
          "name": "winreg",
          "notable_parents": "reqwest",
          "suggested_criteria": [
            "safe-to-deploy"
          ],
          "suggested_diff": {
            "from": null,
            "to": "0.10.1",
            "diffstat": {
              "insertions": 3920,
              "deletions": 0,
              "files_changed": 26
            }
          }
        },
        {
          "name": "core-foundation",
          "notable_parents": "security-framework",
          "suggested_criteria": [
            "safe-to-deploy"
          ],
          "suggested_diff": {
            "from": null,
            "to": "0.9.3",
            "diffstat": {
              "insertions": 3953,
              "deletions": 0,
              "files_changed": 26
            }
          }
        },
        {
          "name": "tracing-attributes",
          "notable_parents": "tracing",
          "suggested_criteria": [
            "safe-to-deploy"
          ],
          "suggested_diff": {
            "from": null,
            "to": "0.1.20",
            "diffstat": {
              "insertions": 3957,
              "deletions": 0,
              "files_changed": 18
            }
          }
        },
        {
          "name": "ipnet",
          "notable_parents": "reqwest",
          "suggested_criteria": [
            "safe-to-deploy"
          ],
          "suggested_diff": {
            "from": null,
            "to": "2.4.0",
            "diffstat": {
              "insertions": 3973,
              "deletions": 0,
              "files_changed": 13
            }
          }
        },
        {
          "name": "futures-channel",
          "notable_parents": "hyper",
          "suggested_criteria": [
            "safe-to-deploy"
          ],
          "suggested_diff": {
            "from": null,
            "to": "0.3.21",
            "diffstat": {
              "insertions": 3992,
              "deletions": 0,
              "files_changed": 18
            }
          }
        },
        {
          "name": "tempfile",
          "notable_parents": "native-tls",
          "suggested_criteria": [
            "safe-to-deploy"
          ],
          "suggested_diff": {
            "from": null,
            "to": "3.3.0",
            "diffstat": {
              "insertions": 4059,
              "deletions": 0,
              "files_changed": 22
            }
          }
        },
        {
          "name": "ryu",
          "notable_parents": "serde_json and serde_urlencoded",
          "suggested_criteria": [
            "safe-to-deploy"
          ],
          "suggested_diff": {
            "from": null,
            "to": "1.0.9",
            "diffstat": {
              "insertions": 4362,
              "deletions": 0,
              "files_changed": 34
            }
          }
        },
        {
          "name": "schannel",
          "notable_parents": "native-tls",
          "suggested_criteria": [
            "safe-to-deploy"
          ],
          "suggested_diff": {
            "from": null,
            "to": "0.1.19",
            "diffstat": {
              "insertions": 4601,
              "deletions": 0,
              "files_changed": 32
            }
          }
        },
        {
          "name": "textwrap",
          "notable_parents": "clap",
          "suggested_criteria": [
            "safe-to-deploy"
          ],
          "suggested_diff": {
            "from": null,
            "to": "0.15.0",
            "diffstat": {
              "insertions": 5196,
              "deletions": 0,
              "files_changed": 15
            }
          }
        },
        {
          "name": "log",
          "notable_parents": "mio, want, reqwest, native-tls, and 1 other",
          "suggested_criteria": [
            "safe-to-deploy"
          ],
          "suggested_diff": {
            "from": null,
            "to": "0.4.16",
            "diffstat": {
              "insertions": 5625,
              "deletions": 0,
              "files_changed": 19
            }
          }
        },
        {
          "name": "proc-macro2",
          "notable_parents": "syn, quote, test-project, and 3 others",
          "suggested_criteria": [
            "safe-to-deploy"
          ],
          "suggested_diff": {
            "from": null,
            "to": "1.0.37",
            "diffstat": {
              "insertions": 5695,
              "deletions": 0,
              "files_changed": 20
            }
          }
        },
        {
          "name": "socket2",
          "notable_parents": "hyper and tokio",
          "suggested_criteria": [
            "safe-to-deploy"
          ],
          "suggested_diff": {
            "from": null,
            "to": "0.4.4",
            "diffstat": {
              "insertions": 6011,
              "deletions": 0,
              "files_changed": 11
            }
          }
        },
        {
          "name": "pin-project-lite",
          "notable_parents": "hyper, tokio, reqwest, and 4 others",
          "suggested_criteria": [
            "safe-to-deploy"
          ],
          "suggested_diff": {
            "from": null,
            "to": "0.2.8",
            "diffstat": {
              "insertions": 6100,
              "deletions": 0,
              "files_changed": 70
            }
          }
        },
        {
          "name": "tracing-core",
          "notable_parents": "tracing",
          "suggested_criteria": [
            "safe-to-deploy"
          ],
          "suggested_diff": {
            "from": null,
            "to": "0.1.25",
            "diffstat": {
              "insertions": 6156,
              "deletions": 0,
              "files_changed": 26
            }
          }
        },
        {
          "name": "cc",
          "notable_parents": "openssl-sys",
          "suggested_criteria": [
            "safe-to-deploy"
          ],
          "suggested_diff": {
            "from": null,
            "to": "1.0.73",
            "diffstat": {
              "insertions": 6554,
              "deletions": 0,
              "files_changed": 19
            }
          }
        },
        {
          "name": "httparse",
          "notable_parents": "hyper",
          "suggested_criteria": [
            "safe-to-deploy"
          ],
          "suggested_diff": {
            "from": null,
            "to": "1.7.0",
            "diffstat": {
              "insertions": 7258,
              "deletions": 0,
              "files_changed": 18
            }
          }
        },
        {
          "name": "memchr",
          "notable_parents": "tokio and os_str_bytes",
          "suggested_criteria": [
            "safe-to-deploy"
          ],
          "suggested_diff": {
            "from": null,
            "to": "2.4.1",
            "diffstat": {
              "insertions": 8712,
              "deletions": 0,
              "files_changed": 46
            }
          }
        },
        {
          "name": "bytes",
          "notable_parents": "h2, http, hyper, tokio, and 4 others",
          "suggested_criteria": [
            "safe-to-deploy"
          ],
          "suggested_diff": {
            "from": null,
            "to": "1.1.0",
            "diffstat": {
              "insertions": 9207,
              "deletions": 0,
              "files_changed": 43
            }
          }
        },
        {
          "name": "security-framework",
          "notable_parents": "native-tls",
          "suggested_criteria": [
            "safe-to-deploy"
          ],
          "suggested_diff": {
            "from": null,
            "to": "2.6.1",
            "diffstat": {
              "insertions": 9316,
              "deletions": 0,
              "files_changed": 42
            }
          }
        },
        {
          "name": "indexmap",
          "notable_parents": "h2 and clap",
          "suggested_criteria": [
            "safe-to-deploy"
          ],
          "suggested_diff": {
            "from": null,
            "to": "1.8.1",
            "diffstat": {
              "insertions": 9445,
              "deletions": 0,
              "files_changed": 31
            }
          }
        },
        {
          "name": "openssl-sys",
          "notable_parents": "openssl and native-tls",
          "suggested_criteria": [
            "safe-to-deploy"
          ],
          "suggested_diff": {
            "from": null,
            "to": "0.9.72",
            "diffstat": {
              "insertions": 9477,
              "deletions": 0,
              "files_changed": 46
            }
          }
        },
        {
          "name": "bumpalo",
          "notable_parents": "wasm-bindgen-backend",
          "suggested_criteria": [
            "safe-to-deploy"
          ],
          "suggested_diff": {
            "from": null,
            "to": "3.9.1",
            "diffstat": {
              "insertions": 10099,
              "deletions": 0,
              "files_changed": 17
            }
          }
        },
        {
          "name": "mio",
          "notable_parents": "tokio",
          "suggested_criteria": [
            "safe-to-deploy"
          ],
          "suggested_diff": {
            "from": null,
            "to": "0.8.2",
            "diffstat": {
              "insertions": 11719,
              "deletions": 0,
              "files_changed": 62
            }
          }
        },
        {
          "name": "js-sys",
          "notable_parents": "reqwest, web-sys, and 1 other",
          "suggested_criteria": [
            "safe-to-deploy"
          ],
          "suggested_diff": {
            "from": null,
            "to": "0.3.57",
            "diffstat": {
              "insertions": 12874,
              "deletions": 0,
              "files_changed": 62
            }
          }
        },
        {
          "name": "tokio-util",
          "notable_parents": "h2",
          "suggested_criteria": [
            "safe-to-deploy"
          ],
          "suggested_diff": {
            "from": null,
            "to": "0.7.1",
            "diffstat": {
              "insertions": 13870,
              "deletions": 0,
              "files_changed": 65
            }
          }
        },
        {
          "name": "hashbrown",
          "notable_parents": "indexmap",
          "suggested_criteria": [
            "safe-to-deploy"
          ],
          "suggested_diff": {
            "from": null,
            "to": "0.11.2",
            "diffstat": {
              "insertions": 14603,
              "deletions": 0,
              "files_changed": 31
            }
          }
        },
        {
          "name": "url",
          "notable_parents": "reqwest",
          "suggested_criteria": [
            "safe-to-deploy"
          ],
          "suggested_diff": {
            "from": null,
            "to": "2.2.2",
            "diffstat": {
              "insertions": 16344,
              "deletions": 0,
              "files_changed": 15
            }
          }
        },
        {
          "name": "tinyvec",
          "notable_parents": "unicode-normalization",
          "suggested_criteria": [
            "safe-to-deploy"
          ],
          "suggested_diff": {
            "from": null,
            "to": "1.5.1",
            "diffstat": {
              "insertions": 16751,
              "deletions": 0,
              "files_changed": 25
            }
          }
        },
        {
          "name": "http",
          "notable_parents": "h2, hyper, reqwest, and http-body",
          "suggested_criteria": [
            "safe-to-deploy"
          ],
          "suggested_diff": {
            "from": null,
            "to": "0.2.6",
            "diffstat": {
              "insertions": 16819,
              "deletions": 0,
              "files_changed": 39
            }
          }
        },
        {
          "name": "reqwest",
          "notable_parents": "test-project",
          "suggested_criteria": [
            "safe-to-deploy"
          ],
          "suggested_diff": {
            "from": null,
            "to": "0.11.10",
            "diffstat": {
              "insertions": 19797,
              "deletions": 0,
              "files_changed": 60
            }
          }
        },
        {
          "name": "wasm-bindgen",
          "notable_parents": "js-sys, reqwest, web-sys, and 1 other",
          "suggested_criteria": [
            "safe-to-deploy"
          ],
          "suggested_diff": {
            "from": null,
            "to": "0.2.80",
            "diffstat": {
              "insertions": 20977,
              "deletions": 0,
              "files_changed": 242
            }
          }
        },
        {
          "name": "ntapi",
          "notable_parents": "mio",
          "suggested_criteria": [
            "safe-to-deploy"
          ],
          "suggested_diff": {
            "from": null,
            "to": "0.3.7",
            "diffstat": {
              "insertions": 21227,
              "deletions": 0,
              "files_changed": 42
            }
          }
        },
        {
          "name": "serde_json",
          "notable_parents": "reqwest and test-project",
          "suggested_criteria": [
            "safe-to-deploy"
          ],
          "suggested_diff": {
            "from": null,
            "to": "1.0.79",
            "diffstat": {
              "insertions": 22848,
              "deletions": 0,
              "files_changed": 86
            }
          }
        },
        {
          "name": "hyper",
          "notable_parents": "reqwest and hyper-tls",
          "suggested_criteria": [
            "safe-to-deploy"
          ],
          "suggested_diff": {
            "from": null,
            "to": "0.14.18",
            "diffstat": {
              "insertions": 24841,
              "deletions": 0,
              "files_changed": 69
            }
          }
        },
        {
          "name": "futures-util",
          "notable_parents": "h2, hyper, and reqwest",
          "suggested_criteria": [
            "safe-to-deploy"
          ],
          "suggested_diff": {
            "from": null,
            "to": "0.3.21",
            "diffstat": {
              "insertions": 25067,
              "deletions": 0,
              "files_changed": 185
            }
          }
        },
        {
          "name": "h2",
          "notable_parents": "hyper and reqwest",
          "suggested_criteria": [
            "safe-to-deploy"
          ],
          "suggested_diff": {
            "from": null,
            "to": "0.3.13",
            "diffstat": {
              "insertions": 25417,
              "deletions": 0,
              "files_changed": 63
            }
          }
        },
        {
          "name": "openssl",
          "notable_parents": "native-tls",
          "suggested_criteria": [
            "safe-to-deploy"
          ],
          "suggested_diff": {
            "from": null,
            "to": "0.10.38",
            "diffstat": {
              "insertions": 28435,
              "deletions": 0,
              "files_changed": 82
            }
          }
        },
        {
          "name": "syn",
          "notable_parents": "tracing-attributes and 2 others",
          "suggested_criteria": [
            "safe-to-deploy"
          ],
          "suggested_diff": {
            "from": "1.0.0",
            "to": "1.0.91",
            "diffstat": {
              "insertions": 21772,
              "deletions": 6698,
              "files_changed": 92
            }
          }
        },
        {
          "name": "unicode-normalization",
          "notable_parents": "idna",
          "suggested_criteria": [
            "safe-to-deploy"
          ],
          "suggested_diff": {
            "from": null,
            "to": "0.1.19",
            "diffstat": {
              "insertions": 28622,
              "deletions": 0,
              "files_changed": 24
            }
          }
        },
        {
          "name": "idna",
          "notable_parents": "url",
          "suggested_criteria": [
            "safe-to-deploy"
          ],
          "suggested_diff": {
            "from": null,
            "to": "0.2.3",
            "diffstat": {
              "insertions": 32532,
              "deletions": 0,
              "files_changed": 17
            }
          }
        },
        {
          "name": "vcpkg",
          "notable_parents": "openssl-sys",
          "suggested_criteria": [
            "safe-to-deploy"
          ],
          "suggested_diff": {
            "from": null,
            "to": "0.2.15",
            "diffstat": {
              "insertions": 42642,
              "deletions": 0,
              "files_changed": 832
            }
          }
        },
        {
          "name": "tokio",
          "notable_parents": "h2, hyper, reqwest, hyper-tls, and 3 others",
          "suggested_criteria": [
            "safe-to-deploy"
          ],
          "suggested_diff": {
            "from": null,
            "to": "1.17.0",
            "diffstat": {
              "insertions": 91271,
              "deletions": 0,
              "files_changed": 403
            }
          }
        },
        {
          "name": "libc",
          "notable_parents": "mio, atty, tokio, openssl, and 8 others",
          "suggested_criteria": [
            "safe-to-deploy"
          ],
          "suggested_diff": {
            "from": null,
            "to": "0.2.123",
            "diffstat": {
              "insertions": 94060,
              "deletions": 0,
              "files_changed": 215
            }
          }
        },
        {
          "name": "winapi",
          "notable_parents": "mio, atty, miow, ntapi, tokio, and 6 others",
          "suggested_criteria": [
            "safe-to-deploy"
          ],
          "suggested_diff": {
            "from": null,
            "to": "0.3.9",
            "diffstat": {
              "insertions": 181323,
              "deletions": 0,
              "files_changed": 410
            }
          }
        },
        {
          "name": "web-sys",
          "notable_parents": "reqwest and wasm-bindgen-futures",
          "suggested_criteria": [
            "safe-to-deploy"
          ],
          "suggested_diff": {
            "from": null,
            "to": "0.3.57",
            "diffstat": {
              "insertions": 197013,
              "deletions": 0,
              "files_changed": 2202
            }
          }
        },
        {
          "name": "encoding_rs",
          "notable_parents": "reqwest",
          "suggested_criteria": [
            "safe-to-deploy"
          ],
          "suggested_diff": {
            "from": null,
            "to": "0.8.31",
            "diffstat": {
              "insertions": 507245,
              "deletions": 0,
              "files_changed": 102
            }
          }
        }
      ],
      "safe-to-run (or safe-to-deploy, or audited)": [
        {
          "name": "hermit-abi",
          "notable_parents": "atty",
          "suggested_criteria": [
            "safe-to-run"
          ],
          "suggested_diff": {
            "from": null,
            "to": "0.1.19",
            "diffstat": {
              "insertions": 932,
              "deletions": 0,
              "files_changed": 9
            }
          }
        }
      ]
    },
    "total_lines": 1707117
  }
}
stderr:

