---
source: tests/test-cli.rs
expression: format_outputs(&output)
---
stdout:
[
  {
    "package_id": "atty 0.2.14 (registry+https://github.com/rust-lang/crates.io-index)",
    "name": "atty",
    "enabled_deps": [],
    "optional_deps": [],
    "version": "0.2.14",
    "normal_deps": [
      25,
      39,
      102
    ],
    "build_deps": [],
    "dev_deps": [],
    "normal_and_build_deps": [
      25,
      39,
      102
    ],
    "all_deps": [
      25,
      39,
      102
    ],
    "reverse_deps": [
      9
    ],
    "is_workspace_member": false,
    "is_third_party": true,
    "is_root": false,
    "is_dev_only": false
  },
  {
    "package_id": "autocfg 1.1.0 (registry+https://github.com/rust-lang/crates.io-index)",
    "name": "autocfg",
    "enabled_deps": [],
    "optional_deps": [],
    "version": "1.1.0",
    "normal_deps": [],
    "build_deps": [],
    "dev_deps": [],
    "normal_and_build_deps": [],
    "all_deps": [],
    "reverse_deps": [
      33,
      51
    ],
    "is_workspace_member": false,
    "is_third_party": true,
    "is_root": false,
    "is_dev_only": false
  },
  {
    "package_id": "base64 0.13.0 (registry+https://github.com/rust-lang/crates.io-index)",
    "name": "base64",
    "enabled_deps": [],
    "optional_deps": [],
    "version": "0.13.0",
    "normal_deps": [],
    "build_deps": [],
    "dev_deps": [],
    "normal_and_build_deps": [],
    "all_deps": [],
    "reverse_deps": [
      62
    ],
    "is_workspace_member": false,
    "is_third_party": true,
    "is_root": false,
    "is_dev_only": false
  },
  {
    "package_id": "bitflags 1.3.2 (registry+https://github.com/rust-lang/crates.io-index)",
    "name": "bitflags",
    "enabled_deps": [],
    "optional_deps": [],
    "version": "1.3.2",
    "normal_deps": [],
    "build_deps": [],
    "dev_deps": [],
    "normal_and_build_deps": [],
    "all_deps": [],
    "reverse_deps": [
      9,
      49,
      60,
      65
    ],
    "is_workspace_member": false,
    "is_third_party": true,
    "is_root": false,
    "is_dev_only": false
  },
  {
    "package_id": "bumpalo 3.9.1 (registry+https://github.com/rust-lang/crates.io-index)",
    "name": "bumpalo",
    "enabled_deps": [],
    "optional_deps": [],
    "version": "3.9.1",
    "normal_deps": [],
    "build_deps": [],
    "dev_deps": [],
    "normal_and_build_deps": [],
    "all_deps": [],
    "reverse_deps": [
      96
    ],
    "is_workspace_member": false,
    "is_third_party": true,
    "is_root": false,
    "is_dev_only": false
  },
  {
    "package_id": "bytes 1.1.0 (registry+https://github.com/rust-lang/crates.io-index)",
    "name": "bytes",
    "enabled_deps": [],
    "optional_deps": [
      "serde 1.0.136 (registry+https://github.com/rust-lang/crates.io-index)"
    ],
    "version": "1.1.0",
    "normal_deps": [],
    "build_deps": [],
    "dev_deps": [],
    "normal_and_build_deps": [],
    "all_deps": [],
    "reverse_deps": [
      23,
      26,
      27,
      30,
      31,
      62,
      80,
      82
    ],
    "is_workspace_member": false,
    "is_third_party": true,
    "is_root": false,
    "is_dev_only": false
  },
  {
    "package_id": "cc 1.0.73 (registry+https://github.com/rust-lang/crates.io-index)",
    "name": "cc",
    "enabled_deps": [],
    "optional_deps": [],
    "version": "1.0.73",
    "normal_deps": [],
    "build_deps": [],
    "dev_deps": [],
    "normal_and_build_deps": [],
    "all_deps": [],
    "reverse_deps": [
      51
    ],
    "is_workspace_member": false,
    "is_third_party": true,
    "is_root": false,
    "is_dev_only": false
  },
  {
    "package_id": "cfg-if 0.1.10 (registry+https://github.com/rust-lang/crates.io-index)",
    "name": "cfg-if",
    "enabled_deps": [],
    "optional_deps": [],
    "version": "0.1.10",
    "normal_deps": [],
    "build_deps": [],
    "dev_deps": [],
    "normal_and_build_deps": [],
    "all_deps": [],
    "reverse_deps": [
      76
    ],
    "is_workspace_member": false,
    "is_third_party": true,
    "is_root": false,
    "is_dev_only": false
  },
  {
    "package_id": "cfg-if 1.0.0 (registry+https://github.com/rust-lang/crates.io-index)",
    "name": "cfg-if",
    "enabled_deps": [],
    "optional_deps": [],
    "version": "1.0.0",
    "normal_deps": [],
    "build_deps": [],
    "dev_deps": [],
    "normal_and_build_deps": [],
    "all_deps": [],
    "reverse_deps": [
      12,
      34,
      40,
      49,
      74,
      84,
      95,
      97
    ],
    "is_workspace_member": false,
    "is_third_party": true,
    "is_root": false,
    "is_dev_only": false
  },
  {
    "package_id": "clap 3.1.8 (registry+https://github.com/rust-lang/crates.io-index)",
    "name": "clap",
    "enabled_deps": [
      "atty 0.2.14 (registry+https://github.com/rust-lang/crates.io-index)",
      "strsim 0.10.0 (registry+https://github.com/rust-lang/crates.io-index)",
      "termcolor 1.1.3 (registry+https://github.com/rust-lang/crates.io-index)"
    ],
    "optional_deps": [
      "atty 0.2.14 (registry+https://github.com/rust-lang/crates.io-index)",
      "lazy_static 1.4.0 (registry+https://github.com/rust-lang/crates.io-index)",
      "strsim 0.10.0 (registry+https://github.com/rust-lang/crates.io-index)",
      "termcolor 1.1.3 (registry+https://github.com/rust-lang/crates.io-index)"
    ],
    "version": "3.1.8",
    "normal_deps": [
      0,
      3,
      33,
      52,
      72,
      75,
      77
    ],
    "build_deps": [],
    "dev_deps": [],
    "normal_and_build_deps": [
      0,
      3,
      33,
      52,
      72,
      75,
      77
    ],
    "all_deps": [
      0,
      3,
      33,
      52,
      72,
      75,
      77
    ],
    "reverse_deps": [
      76
    ],
    "is_workspace_member": false,
    "is_third_party": true,
    "is_root": false,
    "is_dev_only": false
  },
  {
    "package_id": "core-foundation 0.9.3 (registry+https://github.com/rust-lang/crates.io-index)",
    "name": "core-foundation",
    "enabled_deps": [],
    "optional_deps": [],
    "version": "0.9.3",
    "normal_deps": [
      11,
      39
    ],
    "build_deps": [],
    "dev_deps": [],
    "normal_and_build_deps": [
      11,
      39
    ],
    "all_deps": [
      11,
      39
    ],
    "reverse_deps": [
      65
    ],
    "is_workspace_member": false,
    "is_third_party": true,
    "is_root": false,
    "is_dev_only": false
  },
  {
    "package_id": "core-foundation-sys 0.8.3 (registry+https://github.com/rust-lang/crates.io-index)",
    "name": "core-foundation-sys",
    "enabled_deps": [],
    "optional_deps": [],
    "version": "0.8.3",
    "normal_deps": [],
    "build_deps": [],
    "dev_deps": [],
    "normal_and_build_deps": [],
    "all_deps": [],
    "reverse_deps": [
      10,
      65,
      66
    ],
    "is_workspace_member": false,
    "is_third_party": true,
    "is_root": false,
    "is_dev_only": false
  },
  {
    "package_id": "encoding_rs 0.8.31 (registry+https://github.com/rust-lang/crates.io-index)",
    "name": "encoding_rs",
    "enabled_deps": [],
    "optional_deps": [
      "serde 1.0.136 (registry+https://github.com/rust-lang/crates.io-index)"
    ],
    "version": "0.8.31",
    "normal_deps": [
      8
    ],
    "build_deps": [],
    "dev_deps": [],
    "normal_and_build_deps": [
      8
    ],
    "all_deps": [
      8
    ],
    "reverse_deps": [
      62
    ],
    "is_workspace_member": false,
    "is_third_party": true,
    "is_root": false,
    "is_dev_only": false
  },
  {
    "package_id": "fastrand 1.7.0 (registry+https://github.com/rust-lang/crates.io-index)",
    "name": "fastrand",
    "enabled_deps": [],
    "optional_deps": [],
    "version": "1.7.0",
    "normal_deps": [
      34
    ],
    "build_deps": [],
    "dev_deps": [],
    "normal_and_build_deps": [
      34
    ],
    "all_deps": [
      34
    ],
    "reverse_deps": [
      74
    ],
    "is_workspace_member": false,
    "is_third_party": true,
    "is_root": false,
    "is_dev_only": false
  },
  {
    "package_id": "fnv 1.0.7 (registry+https://github.com/rust-lang/crates.io-index)",
    "name": "fnv",
    "enabled_deps": [],
    "optional_deps": [],
    "version": "1.0.7",
    "normal_deps": [],
    "build_deps": [],
    "dev_deps": [],
    "normal_and_build_deps": [],
    "all_deps": [],
    "reverse_deps": [
      23,
      26
    ],
    "is_workspace_member": false,
    "is_third_party": true,
    "is_root": false,
    "is_dev_only": false
  },
  {
    "package_id": "foreign-types 0.3.2 (registry+https://github.com/rust-lang/crates.io-index)",
    "name": "foreign-types",
    "enabled_deps": [],
    "optional_deps": [],
    "version": "0.3.2",
    "normal_deps": [
      16
    ],
    "build_deps": [],
    "dev_deps": [],
    "normal_and_build_deps": [
      16
    ],
    "all_deps": [
      16
    ],
    "reverse_deps": [
      49
    ],
    "is_workspace_member": false,
    "is_third_party": true,
    "is_root": false,
    "is_dev_only": false
  },
  {
    "package_id": "foreign-types-shared 0.1.1 (registry+https://github.com/rust-lang/crates.io-index)",
    "name": "foreign-types-shared",
    "enabled_deps": [],
    "optional_deps": [],
    "version": "0.1.1",
    "normal_deps": [],
    "build_deps": [],
    "dev_deps": [],
    "normal_and_build_deps": [],
    "all_deps": [],
    "reverse_deps": [
      15
    ],
    "is_workspace_member": false,
    "is_third_party": true,
    "is_root": false,
    "is_dev_only": false
  },
  {
    "package_id": "form_urlencoded 1.0.1 (registry+https://github.com/rust-lang/crates.io-index)",
    "name": "form_urlencoded",
    "enabled_deps": [],
    "optional_deps": [],
    "version": "1.0.1",
    "normal_deps": [
      41,
      53
    ],
    "build_deps": [],
    "dev_deps": [],
    "normal_and_build_deps": [
      41,
      53
    ],
    "all_deps": [
      41,
      53
    ],
    "reverse_deps": [
      69,
      91
    ],
    "is_workspace_member": false,
    "is_third_party": true,
    "is_root": false,
    "is_dev_only": false
  },
  {
    "package_id": "futures-channel 0.3.21 (registry+https://github.com/rust-lang/crates.io-index)",
    "name": "futures-channel",
    "enabled_deps": [],
    "optional_deps": [
      "futures-sink 0.3.21 (registry+https://github.com/rust-lang/crates.io-index)"
    ],
    "version": "0.3.21",
    "normal_deps": [
      19
    ],
    "build_deps": [],
    "dev_deps": [],
    "normal_and_build_deps": [
      19
    ],
    "all_deps": [
      19
    ],
    "reverse_deps": [
      30
    ],
    "is_workspace_member": false,
    "is_third_party": true,
    "is_root": false,
    "is_dev_only": false
  },
  {
    "package_id": "futures-core 0.3.21 (registry+https://github.com/rust-lang/crates.io-index)",
    "name": "futures-core",
    "enabled_deps": [],
    "optional_deps": [],
    "version": "0.3.21",
    "normal_deps": [],
    "build_deps": [],
    "dev_deps": [],
    "normal_and_build_deps": [],
    "all_deps": [],
    "reverse_deps": [
      18,
      22,
      23,
      30,
      62,
      82
    ],
    "is_workspace_member": false,
    "is_third_party": true,
    "is_root": false,
    "is_dev_only": false
  },
  {
    "package_id": "futures-sink 0.3.21 (registry+https://github.com/rust-lang/crates.io-index)",
    "name": "futures-sink",
    "enabled_deps": [],
    "optional_deps": [],
    "version": "0.3.21",
    "normal_deps": [],
    "build_deps": [],
    "dev_deps": [],
    "normal_and_build_deps": [],
    "all_deps": [],
    "reverse_deps": [
      23,
      82
    ],
    "is_workspace_member": false,
    "is_third_party": true,
    "is_root": false,
    "is_dev_only": false
  },
  {
    "package_id": "futures-task 0.3.21 (registry+https://github.com/rust-lang/crates.io-index)",
    "name": "futures-task",
    "enabled_deps": [],
    "optional_deps": [],
    "version": "0.3.21",
    "normal_deps": [],
    "build_deps": [],
    "dev_deps": [],
    "normal_and_build_deps": [],
    "all_deps": [],
    "reverse_deps": [
      22
    ],
    "is_workspace_member": false,
    "is_third_party": true,
    "is_root": false,
    "is_dev_only": false
  },
  {
    "package_id": "futures-util 0.3.21 (registry+https://github.com/rust-lang/crates.io-index)",
    "name": "futures-util",
    "enabled_deps": [],
    "optional_deps": [
      "futures-channel 0.3.21 (registry+https://github.com/rust-lang/crates.io-index)",
      "futures-sink 0.3.21 (registry+https://github.com/rust-lang/crates.io-index)",
      "memchr 2.4.1 (registry+https://github.com/rust-lang/crates.io-index)",
      "slab 0.4.6 (registry+https://github.com/rust-lang/crates.io-index)"
    ],
    "version": "0.3.21",
    "normal_deps": [
      19,
      21,
      54,
      55
    ],
    "build_deps": [],
    "dev_deps": [],
    "normal_and_build_deps": [
      19,
      21,
      54,
      55
    ],
    "all_deps": [
      19,
      21,
      54,
      55
    ],
    "reverse_deps": [
      23,
      30,
      62
    ],
    "is_workspace_member": false,
    "is_third_party": true,
    "is_root": false,
    "is_dev_only": false
  },
  {
    "package_id": "h2 0.3.13 (registry+https://github.com/rust-lang/crates.io-index)",
    "name": "h2",
    "enabled_deps": [],
    "optional_deps": [],
    "version": "0.3.13",
    "normal_deps": [
      5,
      14,
      19,
      20,
      22,
      26,
      33,
      70,
      80,
      82,
      84
    ],
    "build_deps": [],
    "dev_deps": [],
    "normal_and_build_deps": [
      5,
      14,
      19,
      20,
      22,
      26,
      33,
      70,
      80,
      82,
      84
    ],
    "all_deps": [
      5,
      14,
      19,
      20,
      22,
      26,
      33,
      70,
      80,
      82,
      84
    ],
    "reverse_deps": [
      30,
      62
    ],
    "is_workspace_member": false,
    "is_third_party": true,
    "is_root": false,
    "is_dev_only": false
  },
  {
    "package_id": "hashbrown 0.11.2 (registry+https://github.com/rust-lang/crates.io-index)",
    "name": "hashbrown",
    "enabled_deps": [],
    "optional_deps": [
      "bumpalo 3.9.1 (registry+https://github.com/rust-lang/crates.io-index)",
      "serde 1.0.136 (registry+https://github.com/rust-lang/crates.io-index)"
    ],
    "version": "0.11.2",
    "normal_deps": [],
    "build_deps": [],
    "dev_deps": [],
    "normal_and_build_deps": [],
    "all_deps": [],
    "reverse_deps": [
      33
    ],
    "is_workspace_member": false,
    "is_third_party": true,
    "is_root": false,
    "is_dev_only": false
  },
  {
    "package_id": "hermit-abi 0.1.19 (registry+https://github.com/rust-lang/crates.io-index)",
    "name": "hermit-abi",
    "enabled_deps": [],
    "optional_deps": [],
    "version": "0.1.19",
    "normal_deps": [
      39
    ],
    "build_deps": [],
    "dev_deps": [],
    "normal_and_build_deps": [
      39
    ],
    "all_deps": [
      39
    ],
    "reverse_deps": [
      0
    ],
    "is_workspace_member": false,
    "is_third_party": true,
    "is_root": false,
    "is_dev_only": false
  },
  {
    "package_id": "http 0.2.6 (registry+https://github.com/rust-lang/crates.io-index)",
    "name": "http",
    "enabled_deps": [],
    "optional_deps": [],
    "version": "0.2.6",
    "normal_deps": [
      5,
      14,
      36
    ],
    "build_deps": [],
    "dev_deps": [],
    "normal_and_build_deps": [
      5,
      14,
      36
    ],
    "all_deps": [
      5,
      14,
      36
    ],
    "reverse_deps": [
      23,
      27,
      30,
      62
    ],
    "is_workspace_member": false,
    "is_third_party": true,
    "is_root": false,
    "is_dev_only": false
  },
  {
    "package_id": "http-body 0.4.4 (registry+https://github.com/rust-lang/crates.io-index)",
    "name": "http-body",
    "enabled_deps": [],
    "optional_deps": [],
    "version": "0.4.4",
    "normal_deps": [
      5,
      26,
      54
    ],
    "build_deps": [],
    "dev_deps": [],
    "normal_and_build_deps": [
      5,
      26,
      54
    ],
    "all_deps": [
      5,
      26,
      54
    ],
    "reverse_deps": [
      30,
      62
    ],
    "is_workspace_member": false,
    "is_third_party": true,
    "is_root": false,
    "is_dev_only": false
  },
  {
    "package_id": "httparse 1.7.0 (registry+https://github.com/rust-lang/crates.io-index)",
    "name": "httparse",
    "enabled_deps": [],
    "optional_deps": [],
    "version": "1.7.0",
    "normal_deps": [],
    "build_deps": [],
    "dev_deps": [],
    "normal_and_build_deps": [],
    "all_deps": [],
    "reverse_deps": [
      30
    ],
    "is_workspace_member": false,
    "is_third_party": true,
    "is_root": false,
    "is_dev_only": false
  },
  {
    "package_id": "httpdate 1.0.2 (registry+https://github.com/rust-lang/crates.io-index)",
    "name": "httpdate",
    "enabled_deps": [],
    "optional_deps": [],
    "version": "1.0.2",
    "normal_deps": [],
    "build_deps": [],
    "dev_deps": [],
    "normal_and_build_deps": [],
    "all_deps": [],
    "reverse_deps": [
      30
    ],
    "is_workspace_member": false,
    "is_third_party": true,
    "is_root": false,
    "is_dev_only": false
  },
  {
    "package_id": "hyper 0.14.18 (registry+https://github.com/rust-lang/crates.io-index)",
    "name": "hyper",
    "enabled_deps": [
      "h2 0.3.13 (registry+https://github.com/rust-lang/crates.io-index)",
      "socket2 0.4.4 (registry+https://github.com/rust-lang/crates.io-index)"
    ],
    "optional_deps": [
      "h2 0.3.13 (registry+https://github.com/rust-lang/crates.io-index)",
      "libc 0.2.123 (registry+https://github.com/rust-lang/crates.io-index)",
      "socket2 0.4.4 (registry+https://github.com/rust-lang/crates.io-index)"
    ],
    "version": "0.14.18",
    "normal_deps": [
      5,
      18,
      19,
      22,
      23,
      26,
      27,
      28,
      29,
      36,
      54,
      71,
      80,
      83,
      84,
      93
    ],
    "build_deps": [],
    "dev_deps": [],
    "normal_and_build_deps": [
      5,
      18,
      19,
      22,
      23,
      26,
      27,
      28,
      29,
      36,
      54,
      71,
      80,
      83,
      84,
      93
    ],
    "all_deps": [
      5,
      18,
      19,
      22,
      23,
      26,
      27,
      28,
      29,
      36,
      54,
      71,
      80,
      83,
      84,
      93
    ],
    "reverse_deps": [
      31,
      62
    ],
    "is_workspace_member": false,
    "is_third_party": true,
    "is_root": false,
    "is_dev_only": false
  },
  {
    "package_id": "hyper-tls 0.5.0 (registry+https://github.com/rust-lang/crates.io-index)",
    "name": "hyper-tls",
    "enabled_deps": [],
    "optional_deps": [],
    "version": "0.5.0",
    "normal_deps": [
      5,
      30,
      46,
      80,
      81
    ],
    "build_deps": [],
    "dev_deps": [],
    "normal_and_build_deps": [
      5,
      30,
      46,
      80,
      81
    ],
    "all_deps": [
      5,
      30,
      46,
      80,
      81
    ],
    "reverse_deps": [
      62
    ],
    "is_workspace_member": false,
    "is_third_party": true,
    "is_root": false,
    "is_dev_only": false
  },
  {
    "package_id": "idna 0.2.3 (registry+https://github.com/rust-lang/crates.io-index)",
    "name": "idna",
    "enabled_deps": [],
    "optional_deps": [],
    "version": "0.2.3",
    "normal_deps": [
      41,
      88,
      89
    ],
    "build_deps": [],
    "dev_deps": [],
    "normal_and_build_deps": [
      41,
      88,
      89
    ],
    "all_deps": [
      41,
      88,
      89
    ],
    "reverse_deps": [
      91
    ],
    "is_workspace_member": false,
    "is_third_party": true,
    "is_root": false,
    "is_dev_only": false
  },
  {
    "package_id": "indexmap 1.8.1 (registry+https://github.com/rust-lang/crates.io-index)",
    "name": "indexmap",
    "enabled_deps": [],
    "optional_deps": [
      "serde 1.0.136 (registry+https://github.com/rust-lang/crates.io-index)"
    ],
    "version": "1.8.1",
    "normal_deps": [
      24
    ],
    "build_deps": [
      1
    ],
    "dev_deps": [],
    "normal_and_build_deps": [
      1,
      24
    ],
    "all_deps": [
      1,
      24
    ],
    "reverse_deps": [
      9,
      23
    ],
    "is_workspace_member": false,
    "is_third_party": true,
    "is_root": false,
    "is_dev_only": false
  },
  {
    "package_id": "instant 0.1.12 (registry+https://github.com/rust-lang/crates.io-index)",
    "name": "instant",
    "enabled_deps": [],
    "optional_deps": [
      "js-sys 0.3.57 (registry+https://github.com/rust-lang/crates.io-index)",
      "wasm-bindgen 0.2.80 (registry+https://github.com/rust-lang/crates.io-index)",
      "web-sys 0.3.57 (registry+https://github.com/rust-lang/crates.io-index)",
      "js-sys 0.3.57 (registry+https://github.com/rust-lang/crates.io-index)",
      "wasm-bindgen 0.2.80 (registry+https://github.com/rust-lang/crates.io-index)",
      "web-sys 0.3.57 (registry+https://github.com/rust-lang/crates.io-index)",
      "js-sys 0.3.57 (registry+https://github.com/rust-lang/crates.io-index)",
      "wasm-bindgen 0.2.80 (registry+https://github.com/rust-lang/crates.io-index)",
      "web-sys 0.3.57 (registry+https://github.com/rust-lang/crates.io-index)"
    ],
    "version": "0.1.12",
    "normal_deps": [
      8
    ],
    "build_deps": [],
    "dev_deps": [],
    "normal_and_build_deps": [
      8
    ],
    "all_deps": [
      8
    ],
    "reverse_deps": [
      13
    ],
    "is_workspace_member": false,
    "is_third_party": true,
    "is_root": false,
    "is_dev_only": false
  },
  {
    "package_id": "ipnet 2.4.0 (registry+https://github.com/rust-lang/crates.io-index)",
    "name": "ipnet",
    "enabled_deps": [],
    "optional_deps": [
      "serde 1.0.136 (registry+https://github.com/rust-lang/crates.io-index)"
    ],
    "version": "2.4.0",
    "normal_deps": [],
    "build_deps": [],
    "dev_deps": [],
    "normal_and_build_deps": [],
    "all_deps": [],
    "reverse_deps": [
      62
    ],
    "is_workspace_member": false,
    "is_third_party": true,
    "is_root": false,
    "is_dev_only": false
  },
  {
    "package_id": "itoa 1.0.1 (registry+https://github.com/rust-lang/crates.io-index)",
    "name": "itoa",
    "enabled_deps": [],
    "optional_deps": [],
    "version": "1.0.1",
    "normal_deps": [],
    "build_deps": [],
    "dev_deps": [],
    "normal_and_build_deps": [],
    "all_deps": [],
    "reverse_deps": [
      26,
      30,
      68,
      69
    ],
    "is_workspace_member": false,
    "is_third_party": true,
    "is_root": false,
    "is_dev_only": false
  },
  {
    "package_id": "js-sys 0.3.57 (registry+https://github.com/rust-lang/crates.io-index)",
    "name": "js-sys",
    "enabled_deps": [],
    "optional_deps": [],
    "version": "0.3.57",
    "normal_deps": [
      95
    ],
    "build_deps": [],
    "dev_deps": [],
    "normal_and_build_deps": [
      95
    ],
    "all_deps": [
      95
    ],
    "reverse_deps": [
      62,
      97,
      101
    ],
    "is_workspace_member": false,
    "is_third_party": true,
    "is_root": false,
    "is_dev_only": false
  },
  {
    "package_id": "lazy_static 1.4.0 (registry+https://github.com/rust-lang/crates.io-index)",
    "name": "lazy_static",
    "enabled_deps": [],
    "optional_deps": [],
    "version": "1.4.0",
    "normal_deps": [],
    "build_deps": [],
    "dev_deps": [],
    "normal_and_build_deps": [],
    "all_deps": [],
    "reverse_deps": [
      46,
      62,
      64,
      86,
      96
    ],
    "is_workspace_member": false,
    "is_third_party": true,
    "is_root": false,
    "is_dev_only": false
  },
  {
    "package_id": "libc 0.2.123 (registry+https://github.com/rust-lang/crates.io-index)",
    "name": "libc",
    "enabled_deps": [],
    "optional_deps": [],
    "version": "0.2.123",
    "normal_deps": [],
    "build_deps": [],
    "dev_deps": [],
    "normal_and_build_deps": [],
    "all_deps": [],
    "reverse_deps": [
      0,
      10,
      25,
      44,
      46,
      49,
      51,
      65,
      66,
      71,
      74,
      80
    ],
    "is_workspace_member": false,
    "is_third_party": true,
    "is_root": false,
    "is_dev_only": false
  },
  {
    "package_id": "log 0.4.16 (registry+https://github.com/rust-lang/crates.io-index)",
    "name": "log",
    "enabled_deps": [],
    "optional_deps": [
      "serde 1.0.136 (registry+https://github.com/rust-lang/crates.io-index)"
    ],
    "version": "0.4.16",
    "normal_deps": [
      8
    ],
    "build_deps": [],
    "dev_deps": [],
    "normal_and_build_deps": [
      8
    ],
    "all_deps": [
      8
    ],
    "reverse_deps": [
      44,
      46,
      62,
      93,
      96
    ],
    "is_workspace_member": false,
    "is_third_party": true,
    "is_root": false,
    "is_dev_only": false
  },
  {
    "package_id": "matches 0.1.9 (registry+https://github.com/rust-lang/crates.io-index)",
    "name": "matches",
    "enabled_deps": [],
    "optional_deps": [],
    "version": "0.1.9",
    "normal_deps": [],
    "build_deps": [],
    "dev_deps": [],
    "normal_and_build_deps": [],
    "all_deps": [],
    "reverse_deps": [
      17,
      32,
      91
    ],
    "is_workspace_member": false,
    "is_third_party": true,
    "is_root": false,
    "is_dev_only": false
  },
  {
    "package_id": "memchr 2.4.1 (registry+https://github.com/rust-lang/crates.io-index)",
    "name": "memchr",
    "enabled_deps": [],
    "optional_deps": [
      "libc 0.2.123 (registry+https://github.com/rust-lang/crates.io-index)"
    ],
    "version": "2.4.1",
    "normal_deps": [],
    "build_deps": [],
    "dev_deps": [],
    "normal_and_build_deps": [],
    "all_deps": [],
    "reverse_deps": [
      52,
      80
    ],
    "is_workspace_member": false,
    "is_third_party": true,
    "is_root": false,
    "is_dev_only": false
  },
  {
    "package_id": "mime 0.3.16 (registry+https://github.com/rust-lang/crates.io-index)",
    "name": "mime",
    "enabled_deps": [],
    "optional_deps": [],
    "version": "0.3.16",
    "normal_deps": [],
    "build_deps": [],
    "dev_deps": [],
    "normal_and_build_deps": [],
    "all_deps": [],
    "reverse_deps": [
      62
    ],
    "is_workspace_member": false,
    "is_third_party": true,
    "is_root": false,
    "is_dev_only": false
  },
  {
    "package_id": "mio 0.8.2 (registry+https://github.com/rust-lang/crates.io-index)",
    "name": "mio",
    "enabled_deps": [],
    "optional_deps": [],
    "version": "0.8.2",
    "normal_deps": [
      39,
      40,
      45,
      47,
      94,
      102
    ],
    "build_deps": [],
    "dev_deps": [],
    "normal_and_build_deps": [
      39,
      40,
      45,
      47,
      94,
      102
    ],
    "all_deps": [
      39,
      40,
      45,
      47,
      94,
      102
    ],
    "reverse_deps": [
      80
    ],
    "is_workspace_member": false,
    "is_third_party": true,
    "is_root": false,
    "is_dev_only": false
  },
  {
    "package_id": "miow 0.3.7 (registry+https://github.com/rust-lang/crates.io-index)",
    "name": "miow",
    "enabled_deps": [],
    "optional_deps": [],
    "version": "0.3.7",
    "normal_deps": [
      102
    ],
    "build_deps": [],
    "dev_deps": [],
    "normal_and_build_deps": [
      102
    ],
    "all_deps": [
      102
    ],
    "reverse_deps": [
      44
    ],
    "is_workspace_member": false,
    "is_third_party": true,
    "is_root": false,
    "is_dev_only": false
  },
  {
    "package_id": "native-tls 0.2.10 (registry+https://github.com/rust-lang/crates.io-index)",
    "name": "native-tls",
    "enabled_deps": [],
    "optional_deps": [],
    "version": "0.2.10",
    "normal_deps": [
      38,
      39,
      40,
      49,
      50,
      51,
      64,
      65,
      66,
      74
    ],
    "build_deps": [],
    "dev_deps": [],
    "normal_and_build_deps": [
      38,
      39,
      40,
      49,
      50,
      51,
      64,
      65,
      66,
      74
    ],
    "all_deps": [
      38,
      39,
      40,
      49,
      50,
      51,
      64,
      65,
      66,
      74
    ],
    "reverse_deps": [
      31,
      81
    ],
    "is_workspace_member": false,
    "is_third_party": true,
    "is_root": false,
    "is_dev_only": false
  },
  {
    "package_id": "ntapi 0.3.7 (registry+https://github.com/rust-lang/crates.io-index)",
    "name": "ntapi",
    "enabled_deps": [],
    "optional_deps": [],
    "version": "0.3.7",
    "normal_deps": [
      102
    ],
    "build_deps": [],
    "dev_deps": [],
    "normal_and_build_deps": [
      102
    ],
    "all_deps": [
      102
    ],
    "reverse_deps": [
      44
    ],
    "is_workspace_member": false,
    "is_third_party": true,
    "is_root": false,
    "is_dev_only": false
  },
  {
    "package_id": "once_cell 1.10.0 (registry+https://github.com/rust-lang/crates.io-index)",
    "name": "once_cell",
    "enabled_deps": [],
    "optional_deps": [],
    "version": "1.10.0",
    "normal_deps": [],
    "build_deps": [],
    "dev_deps": [],
    "normal_and_build_deps": [],
    "all_deps": [],
    "reverse_deps": [
      49
    ],
    "is_workspace_member": false,
    "is_third_party": true,
    "is_root": false,
    "is_dev_only": false
  },
  {
    "package_id": "openssl 0.10.38 (registry+https://github.com/rust-lang/crates.io-index)",
    "name": "openssl",
    "enabled_deps": [],
    "optional_deps": [],
    "version": "0.10.38",
    "normal_deps": [
      3,
      8,
      15,
      39,
      48,
      51
    ],
    "build_deps": [],
    "dev_deps": [],
    "normal_and_build_deps": [
      3,
      8,
      15,
      39,
      48,
      51
    ],
    "all_deps": [
      3,
      8,
      15,
      39,
      48,
      51
    ],
    "reverse_deps": [
      46
    ],
    "is_workspace_member": false,
    "is_third_party": true,
    "is_root": false,
    "is_dev_only": false
  },
  {
    "package_id": "openssl-probe 0.1.5 (registry+https://github.com/rust-lang/crates.io-index)",
    "name": "openssl-probe",
    "enabled_deps": [],
    "optional_deps": [],
    "version": "0.1.5",
    "normal_deps": [],
    "build_deps": [],
    "dev_deps": [],
    "normal_and_build_deps": [],
    "all_deps": [],
    "reverse_deps": [
      46
    ],
    "is_workspace_member": false,
    "is_third_party": true,
    "is_root": false,
    "is_dev_only": false
  },
  {
    "package_id": "openssl-sys 0.9.72 (registry+https://github.com/rust-lang/crates.io-index)",
    "name": "openssl-sys",
    "enabled_deps": [],
    "optional_deps": [],
    "version": "0.9.72",
    "normal_deps": [
      39
    ],
    "build_deps": [
      1,
      6,
      56,
      92
    ],
    "dev_deps": [],
    "normal_and_build_deps": [
      1,
      6,
      39,
      56,
      92
    ],
    "all_deps": [
      1,
      6,
      39,
      56,
      92
    ],
    "reverse_deps": [
      46,
      49
    ],
    "is_workspace_member": false,
    "is_third_party": true,
    "is_root": false,
    "is_dev_only": false
  },
  {
    "package_id": "os_str_bytes 6.0.0 (registry+https://github.com/rust-lang/crates.io-index)",
    "name": "os_str_bytes",
    "enabled_deps": [
      "memchr 2.4.1 (registry+https://github.com/rust-lang/crates.io-index)"
    ],
    "optional_deps": [
      "memchr 2.4.1 (registry+https://github.com/rust-lang/crates.io-index)"
    ],
    "version": "6.0.0",
    "normal_deps": [
      42
    ],
    "build_deps": [],
    "dev_deps": [],
    "normal_and_build_deps": [
      42
    ],
    "all_deps": [
      42
    ],
    "reverse_deps": [
      9
    ],
    "is_workspace_member": false,
    "is_third_party": true,
    "is_root": false,
    "is_dev_only": false
  },
  {
    "package_id": "percent-encoding 2.1.0 (registry+https://github.com/rust-lang/crates.io-index)",
    "name": "percent-encoding",
    "enabled_deps": [],
    "optional_deps": [],
    "version": "2.1.0",
    "normal_deps": [],
    "build_deps": [],
    "dev_deps": [],
    "normal_and_build_deps": [],
    "all_deps": [],
    "reverse_deps": [
      17,
      62,
      91
    ],
    "is_workspace_member": false,
    "is_third_party": true,
    "is_root": false,
    "is_dev_only": false
  },
  {
    "package_id": "pin-project-lite 0.2.8 (registry+https://github.com/rust-lang/crates.io-index)",
    "name": "pin-project-lite",
    "enabled_deps": [],
    "optional_deps": [],
    "version": "0.2.8",
    "normal_deps": [],
    "build_deps": [],
    "dev_deps": [],
    "normal_and_build_deps": [],
    "all_deps": [],
    "reverse_deps": [
      22,
      27,
      30,
      62,
      80,
      82,
      84
    ],
    "is_workspace_member": false,
    "is_third_party": true,
    "is_root": false,
    "is_dev_only": false
  },
  {
    "package_id": "pin-utils 0.1.0 (registry+https://github.com/rust-lang/crates.io-index)",
    "name": "pin-utils",
    "enabled_deps": [],
    "optional_deps": [],
    "version": "0.1.0",
    "normal_deps": [],
    "build_deps": [],
    "dev_deps": [],
    "normal_and_build_deps": [],
    "all_deps": [],
    "reverse_deps": [
      22
    ],
    "is_workspace_member": false,
    "is_third_party": true,
    "is_root": false,
    "is_dev_only": false
  },
  {
    "package_id": "pkg-config 0.3.25 (registry+https://github.com/rust-lang/crates.io-index)",
    "name": "pkg-config",
    "enabled_deps": [],
    "optional_deps": [],
    "version": "0.3.25",
    "normal_deps": [],
    "build_deps": [],
    "dev_deps": [],
    "normal_and_build_deps": [],
    "all_deps": [],
    "reverse_deps": [
      51
    ],
    "is_workspace_member": false,
    "is_third_party": true,
    "is_root": false,
    "is_dev_only": false
  },
  {
    "package_id": "proc-macro2 1.0.37 (git+https://github.com/dtolnay/proc-macro2?rev=4445659b0f753a928059244c875a58bb12f791e9#4445659b0f753a928059244c875a58bb12f791e9)",
    "name": "proc-macro2",
    "enabled_deps": [],
    "optional_deps": [],
    "version": "1.0.37@git:4445659b0f753a928059244c875a58bb12f791e9",
    "normal_deps": [
      90
    ],
    "build_deps": [],
    "dev_deps": [],
    "normal_and_build_deps": [
      90
    ],
    "all_deps": [
      90
    ],
    "reverse_deps": [
      76
    ],
    "is_workspace_member": false,
    "is_third_party": false,
    "is_root": false,
    "is_dev_only": false
  },
  {
    "package_id": "proc-macro2 1.0.37 (registry+https://github.com/rust-lang/crates.io-index)",
    "name": "proc-macro2",
    "enabled_deps": [],
    "optional_deps": [],
    "version": "1.0.37",
    "normal_deps": [
      90
    ],
    "build_deps": [],
    "dev_deps": [],
    "normal_and_build_deps": [
      90
    ],
    "all_deps": [
      90
    ],
    "reverse_deps": [
      59,
      73,
      85,
      96,
      99
    ],
    "is_workspace_member": false,
    "is_third_party": true,
    "is_root": false,
    "is_dev_only": false
  },
  {
    "package_id": "quote 1.0.18 (registry+https://github.com/rust-lang/crates.io-index)",
    "name": "quote",
    "enabled_deps": [],
    "optional_deps": [],
    "version": "1.0.18",
    "normal_deps": [
      58
    ],
    "build_deps": [],
    "dev_deps": [],
    "normal_and_build_deps": [
      58
    ],
    "all_deps": [
      58
    ],
    "reverse_deps": [
      73,
      85,
      96,
      98,
      99
    ],
    "is_workspace_member": false,
    "is_third_party": true,
    "is_root": false,
    "is_dev_only": false
  },
  {
    "package_id": "redox_syscall 0.2.13 (registry+https://github.com/rust-lang/crates.io-index)",
    "name": "redox_syscall",
    "enabled_deps": [],
    "optional_deps": [],
    "version": "0.2.13",
    "normal_deps": [
      3
    ],
    "build_deps": [],
    "dev_deps": [],
    "normal_and_build_deps": [
      3
    ],
    "all_deps": [
      3
    ],
    "reverse_deps": [
      74
    ],
    "is_workspace_member": false,
    "is_third_party": true,
    "is_root": false,
    "is_dev_only": false
  },
  {
    "package_id": "remove_dir_all 0.5.3 (registry+https://github.com/rust-lang/crates.io-index)",
    "name": "remove_dir_all",
    "enabled_deps": [],
    "optional_deps": [],
    "version": "0.5.3",
    "normal_deps": [
      102
    ],
    "build_deps": [],
    "dev_deps": [],
    "normal_and_build_deps": [
      102
    ],
    "all_deps": [
      102
    ],
    "reverse_deps": [
      74
    ],
    "is_workspace_member": false,
    "is_third_party": true,
    "is_root": false,
    "is_dev_only": false
  },
  {
    "package_id": "reqwest 0.11.10 (registry+https://github.com/rust-lang/crates.io-index)",
    "name": "reqwest",
    "enabled_deps": [
      "hyper-tls 0.5.0 (registry+https://github.com/rust-lang/crates.io-index)",
      "tokio-native-tls 0.3.0 (registry+https://github.com/rust-lang/crates.io-index)"
    ],
    "optional_deps": [
      "serde_json 1.0.79 (registry+https://github.com/rust-lang/crates.io-index)",
      "hyper-tls 0.5.0 (registry+https://github.com/rust-lang/crates.io-index)",
      "native-tls 0.2.10 (registry+https://github.com/rust-lang/crates.io-index)",
      "tokio-native-tls 0.3.0 (registry+https://github.com/rust-lang/crates.io-index)",
      "tokio-util 0.7.1 (registry+https://github.com/rust-lang/crates.io-index)"
    ],
    "version": "0.11.10",
    "normal_deps": [
      2,
      5,
      12,
      19,
      22,
      23,
      26,
      27,
      30,
      31,
      35,
      37,
      38,
      40,
      43,
      53,
      54,
      67,
      69,
      80,
      81,
      91,
      95,
      97,
      101,
      106
    ],
    "build_deps": [],
    "dev_deps": [],
    "normal_and_build_deps": [
      2,
      5,
      12,
      19,
      22,
      23,
      26,
      27,
      30,
      31,
      35,
      37,
      38,
      40,
      43,
      53,
      54,
      67,
      69,
      80,
      81,
      91,
      95,
      97,
      101,
      106
    ],
    "all_deps": [
      2,
      5,
      12,
      19,
      22,
      23,
      26,
      27,
      30,
      31,
      35,
      37,
      38,
      40,
      43,
      46,
      53,
      54,
      67,
      68,
      69,
      80,
      81,
      91,
      95,
      97,
      101,
      106
    ],
    "reverse_deps": [
      76
    ],
    "is_workspace_member": false,
    "is_third_party": true,
    "is_root": false,
    "is_dev_only": false
  },
  {
    "package_id": "ryu 1.0.9 (registry+https://github.com/rust-lang/crates.io-index)",
    "name": "ryu",
    "enabled_deps": [],
    "optional_deps": [],
    "version": "1.0.9",
    "normal_deps": [],
    "build_deps": [],
    "dev_deps": [],
    "normal_and_build_deps": [],
    "all_deps": [],
    "reverse_deps": [
      68,
      69
    ],
    "is_workspace_member": false,
    "is_third_party": true,
    "is_root": false,
    "is_dev_only": false
  },
  {
    "package_id": "schannel 0.1.19 (registry+https://github.com/rust-lang/crates.io-index)",
    "name": "schannel",
    "enabled_deps": [],
    "optional_deps": [],
    "version": "0.1.19",
    "normal_deps": [
      38,
      102
    ],
    "build_deps": [],
    "dev_deps": [],
    "normal_and_build_deps": [
      38,
      102
    ],
    "all_deps": [
      38,
      102
    ],
    "reverse_deps": [
      46
    ],
    "is_workspace_member": false,
    "is_third_party": true,
    "is_root": false,
    "is_dev_only": false
  },
  {
    "package_id": "security-framework 2.6.1 (registry+https://github.com/rust-lang/crates.io-index)",
    "name": "security-framework",
    "enabled_deps": [],
    "optional_deps": [
      "log 0.4.16 (registry+https://github.com/rust-lang/crates.io-index)"
    ],
    "version": "2.6.1",
    "normal_deps": [
      3,
      10,
      11,
      39,
      66
    ],
    "build_deps": [],
    "dev_deps": [],
    "normal_and_build_deps": [
      3,
      10,
      11,
      39,
      66
    ],
    "all_deps": [
      3,
      10,
      11,
      39,
      66
    ],
    "reverse_deps": [
      46
    ],
    "is_workspace_member": false,
    "is_third_party": true,
    "is_root": false,
    "is_dev_only": false
  },
  {
    "package_id": "security-framework-sys 2.6.1 (registry+https://github.com/rust-lang/crates.io-index)",
    "name": "security-framework-sys",
    "enabled_deps": [],
    "optional_deps": [],
    "version": "2.6.1",
    "normal_deps": [
      11,
      39
    ],
    "build_deps": [],
    "dev_deps": [],
    "normal_and_build_deps": [
      11,
      39
    ],
    "all_deps": [
      11,
      39
    ],
    "reverse_deps": [
      46,
      65
    ],
    "is_workspace_member": false,
    "is_third_party": true,
    "is_root": false,
    "is_dev_only": false
  },
  {
    "package_id": "serde 1.0.136 (registry+https://github.com/rust-lang/crates.io-index)",
    "name": "serde",
    "enabled_deps": [],
    "optional_deps": [],
    "version": "1.0.136",
    "normal_deps": [],
    "build_deps": [],
    "dev_deps": [],
    "normal_and_build_deps": [],
    "all_deps": [],
    "reverse_deps": [
      62,
      68,
      69
    ],
    "is_workspace_member": false,
    "is_third_party": true,
    "is_root": false,
    "is_dev_only": false
  },
  {
    "package_id": "serde_json 1.0.79 (registry+https://github.com/rust-lang/crates.io-index)",
    "name": "serde_json",
    "enabled_deps": [],
    "optional_deps": [
      "indexmap 1.8.1 (registry+https://github.com/rust-lang/crates.io-index)"
    ],
    "version": "1.0.79",
    "normal_deps": [
      36,
      63,
      67
    ],
    "build_deps": [],
    "dev_deps": [],
    "normal_and_build_deps": [
      36,
      63,
      67
    ],
    "all_deps": [
      36,
      63,
      67
    ],
    "reverse_deps": [
      76
    ],
    "is_workspace_member": false,
    "is_third_party": true,
    "is_root": false,
    "is_dev_only": false
  },
  {
    "package_id": "serde_urlencoded 0.7.1 (registry+https://github.com/rust-lang/crates.io-index)",
    "name": "serde_urlencoded",
    "enabled_deps": [],
    "optional_deps": [],
    "version": "0.7.1",
    "normal_deps": [
      17,
      36,
      63,
      67
    ],
    "build_deps": [],
    "dev_deps": [],
    "normal_and_build_deps": [
      17,
      36,
      63,
      67
    ],
    "all_deps": [
      17,
      36,
      63,
      67
    ],
    "reverse_deps": [
      62
    ],
    "is_workspace_member": false,
    "is_third_party": true,
    "is_root": false,
    "is_dev_only": false
  },
  {
    "package_id": "slab 0.4.6 (registry+https://github.com/rust-lang/crates.io-index)",
    "name": "slab",
    "enabled_deps": [],
    "optional_deps": [
      "serde 1.0.136 (registry+https://github.com/rust-lang/crates.io-index)"
    ],
    "version": "0.4.6",
    "normal_deps": [],
    "build_deps": [],
    "dev_deps": [],
    "normal_and_build_deps": [],
    "all_deps": [],
    "reverse_deps": [
      23
    ],
    "is_workspace_member": false,
    "is_third_party": true,
    "is_root": false,
    "is_dev_only": false
  },
  {
    "package_id": "socket2 0.4.4 (registry+https://github.com/rust-lang/crates.io-index)",
    "name": "socket2",
    "enabled_deps": [],
    "optional_deps": [],
    "version": "0.4.4",
    "normal_deps": [
      39,
      102
    ],
    "build_deps": [],
    "dev_deps": [],
    "normal_and_build_deps": [
      39,
      102
    ],
    "all_deps": [
      39,
      102
    ],
    "reverse_deps": [
      30,
      80
    ],
    "is_workspace_member": false,
    "is_third_party": true,
    "is_root": false,
    "is_dev_only": false
  },
  {
    "package_id": "strsim 0.10.0 (registry+https://github.com/rust-lang/crates.io-index)",
    "name": "strsim",
    "enabled_deps": [],
    "optional_deps": [],
    "version": "0.10.0",
    "normal_deps": [],
    "build_deps": [],
    "dev_deps": [],
    "normal_and_build_deps": [],
    "all_deps": [],
    "reverse_deps": [
      9
    ],
    "is_workspace_member": false,
    "is_third_party": true,
    "is_root": false,
    "is_dev_only": false
  },
  {
    "package_id": "syn 1.0.91 (registry+https://github.com/rust-lang/crates.io-index)",
    "name": "syn",
    "enabled_deps": [
      "quote 1.0.18 (registry+https://github.com/rust-lang/crates.io-index)"
    ],
    "optional_deps": [
      "quote 1.0.18 (registry+https://github.com/rust-lang/crates.io-index)"
    ],
    "version": "1.0.91",
    "normal_deps": [
      58,
      59,
      90
    ],
    "build_deps": [],
    "dev_deps": [],
    "normal_and_build_deps": [
      58,
      59,
      90
    ],
    "all_deps": [
      58,
      59,
      90
    ],
    "reverse_deps": [
      85,
      96,
      99
    ],
    "is_workspace_member": false,
    "is_third_party": true,
    "is_root": false,
    "is_dev_only": false
  },
  {
    "package_id": "tempfile 3.3.0 (registry+https://github.com/rust-lang/crates.io-index)",
    "name": "tempfile",
    "enabled_deps": [],
    "optional_deps": [],
    "version": "3.3.0",
    "normal_deps": [
      8,
      13,
      39,
      60,
      61,
      102
    ],
    "build_deps": [],
    "dev_deps": [],
    "normal_and_build_deps": [
      8,
      13,
      39,
      60,
      61,
      102
    ],
    "all_deps": [
      8,
      13,
      39,
      60,
      61,
      102
    ],
    "reverse_deps": [
      46
    ],
    "is_workspace_member": false,
    "is_third_party": true,
    "is_root": false,
    "is_dev_only": false
  },
  {
    "package_id": "termcolor 1.1.3 (registry+https://github.com/rust-lang/crates.io-index)",
    "name": "termcolor",
    "enabled_deps": [],
    "optional_deps": [],
    "version": "1.1.3",
    "normal_deps": [
      104
    ],
    "build_deps": [],
    "dev_deps": [],
    "normal_and_build_deps": [
      104
    ],
    "all_deps": [
      104
    ],
    "reverse_deps": [
      9
    ],
    "is_workspace_member": false,
    "is_third_party": true,
    "is_root": false,
    "is_dev_only": false
  },
  {
    "name": "test-project",
    "enabled_deps": [],
    "optional_deps": [],
    "version": "0.1.0",
    "normal_deps": [
      7,
      9,
      57,
      62,
      68,
      80
    ],
    "build_deps": [],
    "dev_deps": [],
    "normal_and_build_deps": [
      7,
      9,
      57,
      62,
      68,
      80
    ],
    "all_deps": [
      7,
      9,
      57,
      62,
      68,
      80
    ],
    "reverse_deps": [],
    "is_workspace_member": true,
    "is_third_party": false,
    "is_root": true,
    "is_dev_only": false
  },
  {
    "package_id": "textwrap 0.15.0 (registry+https://github.com/rust-lang/crates.io-index)",
    "name": "textwrap",
    "enabled_deps": [],
    "optional_deps": [],
    "version": "0.15.0",
    "normal_deps": [],
    "build_deps": [],
    "dev_deps": [],
    "normal_and_build_deps": [],
    "all_deps": [],
    "reverse_deps": [
      9
    ],
    "is_workspace_member": false,
    "is_third_party": true,
    "is_root": false,
    "is_dev_only": false
  },
  {
    "package_id": "tinyvec 1.5.1 (registry+https://github.com/rust-lang/crates.io-index)",
    "name": "tinyvec",
    "enabled_deps": [
      "tinyvec_macros 0.1.0 (registry+https://github.com/rust-lang/crates.io-index)"
    ],
    "optional_deps": [
      "serde 1.0.136 (registry+https://github.com/rust-lang/crates.io-index)",
      "tinyvec_macros 0.1.0 (registry+https://github.com/rust-lang/crates.io-index)"
    ],
    "version": "1.5.1",
    "normal_deps": [
      79
    ],
    "build_deps": [],
    "dev_deps": [],
    "normal_and_build_deps": [
      79
    ],
    "all_deps": [
      79
    ],
    "reverse_deps": [
      89
    ],
    "is_workspace_member": false,
    "is_third_party": true,
    "is_root": false,
    "is_dev_only": false
  },
  {
    "package_id": "tinyvec_macros 0.1.0 (registry+https://github.com/rust-lang/crates.io-index)",
    "name": "tinyvec_macros",
    "enabled_deps": [],
    "optional_deps": [],
    "version": "0.1.0",
    "normal_deps": [],
    "build_deps": [],
    "dev_deps": [],
    "normal_and_build_deps": [],
    "all_deps": [],
    "reverse_deps": [
      78
    ],
    "is_workspace_member": false,
    "is_third_party": true,
    "is_root": false,
    "is_dev_only": false
  },
  {
    "package_id": "tokio 1.17.0 (registry+https://github.com/rust-lang/crates.io-index)",
    "name": "tokio",
    "enabled_deps": [
      "bytes 1.1.0 (registry+https://github.com/rust-lang/crates.io-index)",
      "libc 0.2.123 (registry+https://github.com/rust-lang/crates.io-index)",
      "memchr 2.4.1 (registry+https://github.com/rust-lang/crates.io-index)",
      "mio 0.8.2 (registry+https://github.com/rust-lang/crates.io-index)",
      "socket2 0.4.4 (registry+https://github.com/rust-lang/crates.io-index)",
      "winapi 0.3.9 (registry+https://github.com/rust-lang/crates.io-index)"
    ],
    "optional_deps": [
      "bytes 1.1.0 (registry+https://github.com/rust-lang/crates.io-index)",
      "memchr 2.4.1 (registry+https://github.com/rust-lang/crates.io-index)",
      "mio 0.8.2 (registry+https://github.com/rust-lang/crates.io-index)",
      "once_cell 1.10.0 (registry+https://github.com/rust-lang/crates.io-index)",
      "socket2 0.4.4 (registry+https://github.com/rust-lang/crates.io-index)",
      "tracing 0.1.33 (registry+https://github.com/rust-lang/crates.io-index)",
      "libc 0.2.123 (registry+https://github.com/rust-lang/crates.io-index)",
      "winapi 0.3.9 (registry+https://github.com/rust-lang/crates.io-index)"
    ],
    "version": "1.17.0",
    "normal_deps": [
      5,
      39,
      42,
      44,
      54,
      71,
      102
    ],
    "build_deps": [],
    "dev_deps": [],
    "normal_and_build_deps": [
      5,
      39,
      42,
      44,
      54,
      71,
      102
    ],
    "all_deps": [
      5,
      39,
      42,
      44,
      54,
      71,
      102
    ],
    "reverse_deps": [
      23,
      30,
      31,
      62,
      76,
      81,
      82
    ],
    "is_workspace_member": false,
    "is_third_party": true,
    "is_root": false,
    "is_dev_only": false
  },
  {
    "package_id": "tokio-native-tls 0.3.0 (registry+https://github.com/rust-lang/crates.io-index)",
    "name": "tokio-native-tls",
    "enabled_deps": [],
    "optional_deps": [],
    "version": "0.3.0",
    "normal_deps": [
      46,
      80
    ],
    "build_deps": [],
    "dev_deps": [],
    "normal_and_build_deps": [
      46,
      80
    ],
    "all_deps": [
      46,
      80
    ],
    "reverse_deps": [
      31,
      62
    ],
    "is_workspace_member": false,
    "is_third_party": true,
    "is_root": false,
    "is_dev_only": false
  },
  {
    "package_id": "tokio-util 0.7.1 (registry+https://github.com/rust-lang/crates.io-index)",
    "name": "tokio-util",
    "enabled_deps": [
      "tracing 0.1.33 (registry+https://github.com/rust-lang/crates.io-index)"
    ],
    "optional_deps": [
      "futures-util 0.3.21 (registry+https://github.com/rust-lang/crates.io-index)",
      "slab 0.4.6 (registry+https://github.com/rust-lang/crates.io-index)",
      "tracing 0.1.33 (registry+https://github.com/rust-lang/crates.io-index)"
    ],
    "version": "0.7.1",
    "normal_deps": [
      5,
      19,
      20,
      54,
      80,
      84
    ],
    "build_deps": [],
    "dev_deps": [],
    "normal_and_build_deps": [
      5,
      19,
      20,
      54,
      80,
      84
    ],
    "all_deps": [
      5,
      19,
      20,
      54,
      80,
      84
    ],
    "reverse_deps": [
      23
    ],
    "is_workspace_member": false,
    "is_third_party": true,
    "is_root": false,
    "is_dev_only": false
  },
  {
    "package_id": "tower-service 0.3.1 (registry+https://github.com/rust-lang/crates.io-index)",
    "name": "tower-service",
    "enabled_deps": [],
    "optional_deps": [],
    "version": "0.3.1",
    "normal_deps": [],
    "build_deps": [],
    "dev_deps": [],
    "normal_and_build_deps": [],
    "all_deps": [],
    "reverse_deps": [
      30
    ],
    "is_workspace_member": false,
    "is_third_party": true,
    "is_root": false,
    "is_dev_only": false
  },
  {
    "package_id": "tracing 0.1.33 (registry+https://github.com/rust-lang/crates.io-index)",
    "name": "tracing",
    "enabled_deps": [
      "tracing-attributes 0.1.20 (registry+https://github.com/rust-lang/crates.io-index)"
    ],
    "optional_deps": [
      "log 0.4.16 (registry+https://github.com/rust-lang/crates.io-index)",
      "tracing-attributes 0.1.20 (registry+https://github.com/rust-lang/crates.io-index)"
    ],
    "version": "0.1.33",
    "normal_deps": [
      8,
      54,
      85,
      86
    ],
    "build_deps": [],
    "dev_deps": [],
    "normal_and_build_deps": [
      8,
      54,
      85,
      86
    ],
    "all_deps": [
      8,
      54,
      85,
      86
    ],
    "reverse_deps": [
      23,
      30,
      82
    ],
    "is_workspace_member": false,
    "is_third_party": true,
    "is_root": false,
    "is_dev_only": false
  },
  {
    "package_id": "tracing-attributes 0.1.20 (registry+https://github.com/rust-lang/crates.io-index)",
    "name": "tracing-attributes",
    "enabled_deps": [],
    "optional_deps": [],
    "version": "0.1.20",
    "normal_deps": [
      58,
      59,
      73
    ],
    "build_deps": [],
    "dev_deps": [],
    "normal_and_build_deps": [
      58,
      59,
      73
    ],
    "all_deps": [
      58,
      59,
      73
    ],
    "reverse_deps": [
      84
    ],
    "is_workspace_member": false,
    "is_third_party": true,
    "is_root": false,
    "is_dev_only": false
  },
  {
    "package_id": "tracing-core 0.1.25 (registry+https://github.com/rust-lang/crates.io-index)",
    "name": "tracing-core",
    "enabled_deps": [
      "lazy_static 1.4.0 (registry+https://github.com/rust-lang/crates.io-index)"
    ],
    "optional_deps": [
      "lazy_static 1.4.0 (registry+https://github.com/rust-lang/crates.io-index)"
    ],
    "version": "0.1.25",
    "normal_deps": [
      38
    ],
    "build_deps": [],
    "dev_deps": [],
    "normal_and_build_deps": [
      38
    ],
    "all_deps": [
      38
    ],
    "reverse_deps": [
      84
    ],
    "is_workspace_member": false,
    "is_third_party": true,
    "is_root": false,
    "is_dev_only": false
  },
  {
    "package_id": "try-lock 0.2.3 (registry+https://github.com/rust-lang/crates.io-index)",
    "name": "try-lock",
    "enabled_deps": [],
    "optional_deps": [],
    "version": "0.2.3",
    "normal_deps": [],
    "build_deps": [],
    "dev_deps": [],
    "normal_and_build_deps": [],
    "all_deps": [],
    "reverse_deps": [
      93
    ],
    "is_workspace_member": false,
    "is_third_party": true,
    "is_root": false,
    "is_dev_only": false
  },
  {
    "package_id": "unicode-bidi 0.3.7 (registry+https://github.com/rust-lang/crates.io-index)",
    "name": "unicode-bidi",
    "enabled_deps": [],
    "optional_deps": [
      "serde 1.0.136 (registry+https://github.com/rust-lang/crates.io-index)"
    ],
    "version": "0.3.7",
    "normal_deps": [],
    "build_deps": [],
    "dev_deps": [],
    "normal_and_build_deps": [],
    "all_deps": [],
    "reverse_deps": [
      32
    ],
    "is_workspace_member": false,
    "is_third_party": true,
    "is_root": false,
    "is_dev_only": false
  },
  {
    "package_id": "unicode-normalization 0.1.19 (registry+https://github.com/rust-lang/crates.io-index)",
    "name": "unicode-normalization",
    "enabled_deps": [],
    "optional_deps": [],
    "version": "0.1.19",
    "normal_deps": [
      78
    ],
    "build_deps": [],
    "dev_deps": [],
    "normal_and_build_deps": [
      78
    ],
    "all_deps": [
      78
    ],
    "reverse_deps": [
      32
    ],
    "is_workspace_member": false,
    "is_third_party": true,
    "is_root": false,
    "is_dev_only": false
  },
  {
    "package_id": "unicode-xid 0.2.2 (registry+https://github.com/rust-lang/crates.io-index)",
    "name": "unicode-xid",
    "enabled_deps": [],
    "optional_deps": [],
    "version": "0.2.2",
    "normal_deps": [],
    "build_deps": [],
    "dev_deps": [],
    "normal_and_build_deps": [],
    "all_deps": [],
    "reverse_deps": [
      57,
      58,
      73
    ],
    "is_workspace_member": false,
    "is_third_party": true,
    "is_root": false,
    "is_dev_only": false
  },
  {
    "package_id": "url 2.2.2 (registry+https://github.com/rust-lang/crates.io-index)",
    "name": "url",
    "enabled_deps": [],
    "optional_deps": [
      "serde 1.0.136 (registry+https://github.com/rust-lang/crates.io-index)"
    ],
    "version": "2.2.2",
    "normal_deps": [
      17,
      32,
      41,
      53
    ],
    "build_deps": [],
    "dev_deps": [],
    "normal_and_build_deps": [
      17,
      32,
      41,
      53
    ],
    "all_deps": [
      17,
      32,
      41,
      53
    ],
    "reverse_deps": [
      62
    ],
    "is_workspace_member": false,
    "is_third_party": true,
    "is_root": false,
    "is_dev_only": false
  },
  {
    "package_id": "vcpkg 0.2.15 (registry+https://github.com/rust-lang/crates.io-index)",
    "name": "vcpkg",
    "enabled_deps": [],
    "optional_deps": [],
    "version": "0.2.15",
    "normal_deps": [],
    "build_deps": [],
    "dev_deps": [],
    "normal_and_build_deps": [],
    "all_deps": [],
    "reverse_deps": [
      51
    ],
    "is_workspace_member": false,
    "is_third_party": true,
    "is_root": false,
    "is_dev_only": false
  },
  {
    "package_id": "want 0.3.0 (registry+https://github.com/rust-lang/crates.io-index)",
    "name": "want",
    "enabled_deps": [],
    "optional_deps": [],
    "version": "0.3.0",
    "normal_deps": [
      40,
      87
    ],
    "build_deps": [],
    "dev_deps": [],
    "normal_and_build_deps": [
      40,
      87
    ],
    "all_deps": [
      40,
      87
    ],
    "reverse_deps": [
      30
    ],
    "is_workspace_member": false,
    "is_third_party": true,
    "is_root": false,
    "is_dev_only": false
  },
  {
    "package_id": "wasi 0.11.0+wasi-snapshot-preview1 (registry+https://github.com/rust-lang/crates.io-index)",
    "name": "wasi",
    "enabled_deps": [],
    "optional_deps": [],
    "version": "0.11.0+wasi-snapshot-preview1",
    "normal_deps": [],
    "build_deps": [],
    "dev_deps": [],
    "normal_and_build_deps": [],
    "all_deps": [],
    "reverse_deps": [
      44
    ],
    "is_workspace_member": false,
    "is_third_party": true,
    "is_root": false,
    "is_dev_only": false
  },
  {
    "package_id": "wasm-bindgen 0.2.80 (registry+https://github.com/rust-lang/crates.io-index)",
    "name": "wasm-bindgen",
    "enabled_deps": [],
    "optional_deps": [
      "serde 1.0.136 (registry+https://github.com/rust-lang/crates.io-index)",
      "serde_json 1.0.79 (registry+https://github.com/rust-lang/crates.io-index)"
    ],
    "version": "0.2.80",
    "normal_deps": [
      8,
      98
    ],
    "build_deps": [],
    "dev_deps": [],
    "normal_and_build_deps": [
      8,
      98
    ],
    "all_deps": [
      8,
      98
    ],
    "reverse_deps": [
      37,
      62,
      97,
      101
    ],
    "is_workspace_member": false,
    "is_third_party": true,
    "is_root": false,
    "is_dev_only": false
  },
  {
    "package_id": "wasm-bindgen-backend 0.2.80 (registry+https://github.com/rust-lang/crates.io-index)",
    "name": "wasm-bindgen-backend",
    "enabled_deps": [],
    "optional_deps": [],
    "version": "0.2.80",
    "normal_deps": [
      4,
      38,
      40,
      58,
      59,
      73,
      100
    ],
    "build_deps": [],
    "dev_deps": [],
    "normal_and_build_deps": [
      4,
      38,
      40,
      58,
      59,
      73,
      100
    ],
    "all_deps": [
      4,
      38,
      40,
      58,
      59,
      73,
      100
    ],
    "reverse_deps": [
      99
    ],
    "is_workspace_member": false,
    "is_third_party": true,
    "is_root": false,
    "is_dev_only": false
  },
  {
    "package_id": "wasm-bindgen-futures 0.4.30 (registry+https://github.com/rust-lang/crates.io-index)",
    "name": "wasm-bindgen-futures",
    "enabled_deps": [],
    "optional_deps": [
      "futures-core 0.3.21 (registry+https://github.com/rust-lang/crates.io-index)"
    ],
    "version": "0.4.30",
    "normal_deps": [
      8,
      37,
      95,
      101
    ],
    "build_deps": [],
    "dev_deps": [],
    "normal_and_build_deps": [
      8,
      37,
      95,
      101
    ],
    "all_deps": [
      8,
      37,
      95,
      101
    ],
    "reverse_deps": [
      62
    ],
    "is_workspace_member": false,
    "is_third_party": true,
    "is_root": false,
    "is_dev_only": false
  },
  {
    "package_id": "wasm-bindgen-macro 0.2.80 (registry+https://github.com/rust-lang/crates.io-index)",
    "name": "wasm-bindgen-macro",
    "enabled_deps": [],
    "optional_deps": [],
    "version": "0.2.80",
    "normal_deps": [
      59,
      99
    ],
    "build_deps": [],
    "dev_deps": [],
    "normal_and_build_deps": [
      59,
      99
    ],
    "all_deps": [
      59,
      99
    ],
    "reverse_deps": [
      95
    ],
    "is_workspace_member": false,
    "is_third_party": true,
    "is_root": false,
    "is_dev_only": false
  },
  {
    "package_id": "wasm-bindgen-macro-support 0.2.80 (registry+https://github.com/rust-lang/crates.io-index)",
    "name": "wasm-bindgen-macro-support",
    "enabled_deps": [],
    "optional_deps": [],
    "version": "0.2.80",
    "normal_deps": [
      58,
      59,
      73,
      96,
      100
    ],
    "build_deps": [],
    "dev_deps": [],
    "normal_and_build_deps": [
      58,
      59,
      73,
      96,
      100
    ],
    "all_deps": [
      58,
      59,
      73,
      96,
      100
    ],
    "reverse_deps": [
      98
    ],
    "is_workspace_member": false,
    "is_third_party": true,
    "is_root": false,
    "is_dev_only": false
  },
  {
    "package_id": "wasm-bindgen-shared 0.2.80 (registry+https://github.com/rust-lang/crates.io-index)",
    "name": "wasm-bindgen-shared",
    "enabled_deps": [],
    "optional_deps": [],
    "version": "0.2.80",
    "normal_deps": [],
    "build_deps": [],
    "dev_deps": [],
    "normal_and_build_deps": [],
    "all_deps": [],
    "reverse_deps": [
      96,
      99
    ],
    "is_workspace_member": false,
    "is_third_party": true,
    "is_root": false,
    "is_dev_only": false
  },
  {
    "package_id": "web-sys 0.3.57 (registry+https://github.com/rust-lang/crates.io-index)",
    "name": "web-sys",
    "enabled_deps": [],
    "optional_deps": [],
    "version": "0.3.57",
    "normal_deps": [
      37,
      95
    ],
    "build_deps": [],
    "dev_deps": [],
    "normal_and_build_deps": [
      37,
      95
    ],
    "all_deps": [
      37,
      95
    ],
    "reverse_deps": [
      62,
      97
    ],
    "is_workspace_member": false,
    "is_third_party": true,
    "is_root": false,
    "is_dev_only": false
  },
  {
    "package_id": "winapi 0.3.9 (registry+https://github.com/rust-lang/crates.io-index)",
    "name": "winapi",
    "enabled_deps": [],
    "optional_deps": [],
    "version": "0.3.9",
    "normal_deps": [
      103,
      105
    ],
    "build_deps": [],
    "dev_deps": [],
    "normal_and_build_deps": [
      103,
      105
    ],
    "all_deps": [
      103,
      105
    ],
    "reverse_deps": [
      0,
      44,
      45,
      47,
      61,
      64,
      71,
      74,
      80,
      104,
      106
    ],
    "is_workspace_member": false,
    "is_third_party": true,
    "is_root": false,
    "is_dev_only": false
  },
  {
    "package_id": "winapi-i686-pc-windows-gnu 0.4.0 (registry+https://github.com/rust-lang/crates.io-index)",
    "name": "winapi-i686-pc-windows-gnu",
    "enabled_deps": [],
    "optional_deps": [],
    "version": "0.4.0",
    "normal_deps": [],
    "build_deps": [],
    "dev_deps": [],
    "normal_and_build_deps": [],
    "all_deps": [],
    "reverse_deps": [
      102
    ],
    "is_workspace_member": false,
    "is_third_party": true,
    "is_root": false,
    "is_dev_only": false
  },
  {
    "package_id": "winapi-util 0.1.5 (registry+https://github.com/rust-lang/crates.io-index)",
    "name": "winapi-util",
    "enabled_deps": [],
    "optional_deps": [],
    "version": "0.1.5",
    "normal_deps": [
      102
    ],
    "build_deps": [],
    "dev_deps": [],
    "normal_and_build_deps": [
      102
    ],
    "all_deps": [
      102
    ],
    "reverse_deps": [
      75
    ],
    "is_workspace_member": false,
    "is_third_party": true,
    "is_root": false,
    "is_dev_only": false
  },
  {
    "package_id": "winapi-x86_64-pc-windows-gnu 0.4.0 (registry+https://github.com/rust-lang/crates.io-index)",
    "name": "winapi-x86_64-pc-windows-gnu",
    "enabled_deps": [],
    "optional_deps": [],
    "version": "0.4.0",
    "normal_deps": [],
    "build_deps": [],
    "dev_deps": [],
    "normal_and_build_deps": [],
    "all_deps": [],
    "reverse_deps": [
      102
    ],
    "is_workspace_member": false,
    "is_third_party": true,
    "is_root": false,
    "is_dev_only": false
  },
  {
    "package_id": "winreg 0.10.1 (registry+https://github.com/rust-lang/crates.io-index)",
    "name": "winreg",
    "enabled_deps": [],
    "optional_deps": [
      "serde 1.0.136 (registry+https://github.com/rust-lang/crates.io-index)"
    ],
    "version": "0.10.1",
    "normal_deps": [
      102
    ],
    "build_deps": [],
    "dev_deps": [],
    "normal_and_build_deps": [
      102
    ],
    "all_deps": [
      102
    ],
    "reverse_deps": [
      62
    ],
    "is_workspace_member": false,
    "is_third_party": true,
    "is_root": false,
    "is_dev_only": false
  }
]
stderr:

