---
source: src/tests.rs
assertion_line: 763
expression: stdout
---
Vetting Failed!

2 unvetted dependencies:
  third-party2:10.0.0 missing ["reviewed"]
  transitive-third-party1:10.0.0 missing ["reviewed"]

recommended audits:
    third-party2:10.0.0            full 10.0.0 (+100) for ["reviewed"]
    transitive-third-party1:10.0.0 full 10.0.0 (+100) for ["reviewed"]

Use |cargo vet certify| to record the audits.

