---
source: src/tests.rs
assertion_line: 1342
expression: stdout
---
Vetting Failed!

1 unvetted dependencies:
  third-core:10.0.0 missing ["reviewed"]

dependency tree:
  rootA:10.0.0
    firstA:10.0.0
      thirdA:10.0.0
        third-core:10.0.0 needs ["reviewed"]
    firstAB:10.0.0
      thirdAB:10.0.0
        third-core:10.0.0 needs ["reviewed"]
  rootB:10.0.0
    firstAB:10.0.0
      thirdAB:10.0.0
        third-core:10.0.0 needs ["reviewed"]
    firstB:10.0.0
      third-core:10.0.0 needs ["reviewed"]
Use |cargo vet certify| to record the audits.
recommended audits:
    third-core:10.0.0 5.0.0 -> 10.0.0 (+75) for ["reviewed"]


