---
source: src/tests.rs
assertion_line: 1281
expression: stdout
---
Vetting Failed!

4 unvetted dependencies:
  third-core:10.0.0 missing ["reviewed"]
  third-core:5.0.0 missing ["reviewed"]
  thirdA:10.0.0 missing ["reviewed"]
  thirdAB:10.0.0 missing ["reviewed"]

dependency tree:
  rootA:10.0.0
    firstA:10.0.0
      third-core:5.0.0 needs ["reviewed"]
      thirdA:10.0.0 needs ["reviewed"]
    firstAB:10.0.0
      thirdAB:10.0.0 needs ["reviewed"]
  rootB:10.0.0
    firstAB:10.0.0
      thirdAB:10.0.0 needs ["reviewed"]
    firstB:10.0.0
      third-core:10.0.0 needs ["reviewed"]
Use |cargo vet certify| to record the audits.
recommended audits:
    third-core:5.0.0  full 5.0.0  (+25)  for ["reviewed"]
    third-core:10.0.0 full 10.0.0 (+100) for ["reviewed"]
    thirdA:10.0.0     full 10.0.0 (+100) for ["reviewed"]
    thirdAB:10.0.0    full 10.0.0 (+100) for ["reviewed"]


